Running sweep with defrag mode: none, algorithm: first_fit, lambda range: [100, 3000], step: 100, mu: 1
Network Name: TOP_57_JPN25
Starting simulation with lambda=100, mu=1...
+----------+----------+------------------+----------+-------------------+-------------------+-------------------+
|  progress|   arrives|          blocking|   time(s)|            Wald CI|            A-C. CI|          Wilson CI|
+----------+----------+------------------+----------+-------------------+-------------------+-------------------+
|    10.0 %|   1000000|0.000000000000e+00|  00:00:11|            0.0e+00|            2.8e-06|            1.9e-06|
+----------+----------+------------------+----------+-------------------+-------------------+-------------------+
|    20.0 %|   2000000|0.000000000000e+00|  00:00:23|            0.0e+00|            1.4e-06|            9.6e-07|
+----------+----------+------------------+----------+-------------------+-------------------+-------------------+
|    30.0 %|   3000000|0.000000000000e+00|  00:00:35|            0.0e+00|            9.2e-07|            6.4e-07|
+----------+----------+------------------+----------+-------------------+-------------------+-------------------+
|    40.0 %|   4000000|0.000000000000e+00|  00:00:48|            0.0e+00|            6.9e-07|            4.8e-07|
+----------+----------+------------------+----------+-------------------+-------------------+-------------------+
|    50.0 %|   5000000|0.000000000000e+00|  00:01:00|            0.0e+00|            5.5e-07|            3.8e-07|
+----------+----------+------------------+----------+-------------------+-------------------+-------------------+
|    60.0 %|   6000000|0.000000000000e+00|  00:01:11|            0.0e+00|            4.6e-07|            3.2e-07|
+----------+----------+------------------+----------+-------------------+-------------------+-------------------+
|    70.0 %|   7000000|0.000000000000e+00|  00:01:23|            0.0e+00|            4.0e-07|            2.7e-07|
+----------+----------+------------------+----------+-------------------+-------------------+-------------------+
|    80.0 %|   8000000|0.000000000000e+00|  00:01:35|            0.0e+00|            3.5e-07|            2.4e-07|
+----------+----------+------------------+----------+-------------------+-------------------+-------------------+
|    90.0 %|   9000000|0.000000000000e+00|  00:01:47|            0.0e+00|            3.1e-07|            2.1e-07|
+----------+----------+------------------+----------+-------------------+-------------------+-------------------+
|   100.0 %|  10000000|0.000000000000e+00|  00:01:59|            0.0e+00|            2.8e-07|            1.9e-07|
+----------+----------+------------------+----------+-------------------+-------------------+-------------------+
Simulation completed. Releases processed: 9999887, Total simulated time: 99965.41
Fragmentation ratio (mean over simulation): C=0.315495, L=0.000000 | Network=0.157747
Network Name: TOP_57_JPN25
Starting simulation with lambda=200, mu=1...
+----------+----------+------------------+----------+-------------------+-------------------+-------------------+
|  progress|   arrives|          blocking|   time(s)|            Wald CI|            A-C. CI|          Wilson CI|
+----------+----------+------------------+----------+-------------------+-------------------+-------------------+
|    10.0 %|   1000000|0.000000000000e+00|  00:00:12|            0.0e+00|            2.8e-06|            1.9e-06|
+----------+----------+------------------+----------+-------------------+-------------------+-------------------+
|    20.0 %|   2000000|0.000000000000e+00|  00:00:25|            0.0e+00|            1.4e-06|            9.6e-07|
+----------+----------+------------------+----------+-------------------+-------------------+-------------------+
|    30.0 %|   3000000|0.000000000000e+00|  00:00:39|            0.0e+00|            9.2e-07|            6.4e-07|
+----------+----------+------------------+----------+-------------------+-------------------+-------------------+
|    40.0 %|   4000000|0.000000000000e+00|  00:00:52|            0.0e+00|            6.9e-07|            4.8e-07|
+----------+----------+------------------+----------+-------------------+-------------------+-------------------+
|    50.0 %|   5000000|0.000000000000e+00|  00:01:05|            0.0e+00|            5.5e-07|            3.8e-07|
+----------+----------+------------------+----------+-------------------+-------------------+-------------------+
|    60.0 %|   6000000|0.000000000000e+00|  00:01:18|            0.0e+00|            4.6e-07|            3.2e-07|
+----------+----------+------------------+----------+-------------------+-------------------+-------------------+
|    70.0 %|   7000000|0.000000000000e+00|  00:01:30|            0.0e+00|            4.0e-07|            2.7e-07|
+----------+----------+------------------+----------+-------------------+-------------------+-------------------+
|    80.0 %|   8000000|0.000000000000e+00|  00:01:43|            0.0e+00|            3.5e-07|            2.4e-07|
+----------+----------+------------------+----------+-------------------+-------------------+-------------------+
|    90.0 %|   9000000|0.000000000000e+00|  00:01:56|            0.0e+00|            3.1e-07|            2.1e-07|
+----------+----------+------------------+----------+-------------------+-------------------+-------------------+
|   100.0 %|  10000000|0.000000000000e+00|  00:02:09|            0.0e+00|            2.8e-07|            1.9e-07|
+----------+----------+------------------+----------+-------------------+-------------------+-------------------+
Simulation completed. Releases processed: 9999776, Total simulated time: 49983.61
Fragmentation ratio (mean over simulation): C=0.431074, L=0.001938 | Network=0.216506
Network Name: TOP_57_JPN25
Starting simulation with lambda=300, mu=1...
+----------+----------+------------------+----------+-------------------+-------------------+-------------------+
|  progress|   arrives|          blocking|   time(s)|            Wald CI|            A-C. CI|          Wilson CI|
+----------+----------+------------------+----------+-------------------+-------------------+-------------------+
|    10.0 %|   1000000|0.000000000000e+00|  00:00:13|            0.0e+00|            2.8e-06|            1.9e-06|
+----------+----------+------------------+----------+-------------------+-------------------+-------------------+
|    20.0 %|   2000000|0.000000000000e+00|  00:00:27|            0.0e+00|            1.4e-06|            9.6e-07|
+----------+----------+------------------+----------+-------------------+-------------------+-------------------+
|    30.0 %|   3000000|0.000000000000e+00|  00:00:41|            0.0e+00|            9.2e-07|            6.4e-07|
+----------+----------+------------------+----------+-------------------+-------------------+-------------------+
|    40.0 %|   4000000|0.000000000000e+00|  00:00:55|            0.0e+00|            6.9e-07|            4.8e-07|
+----------+----------+------------------+----------+-------------------+-------------------+-------------------+
|    50.0 %|   5000000|0.000000000000e+00|  00:01:08|            0.0e+00|            5.5e-07|            3.8e-07|
+----------+----------+------------------+----------+-------------------+-------------------+-------------------+
|    60.0 %|   6000000|0.000000000000e+00|  00:01:22|            0.0e+00|            4.6e-07|            3.2e-07|
+----------+----------+------------------+----------+-------------------+-------------------+-------------------+
|    70.0 %|   7000000|0.000000000000e+00|  00:01:35|            0.0e+00|            4.0e-07|            2.7e-07|
+----------+----------+------------------+----------+-------------------+-------------------+-------------------+
|    80.0 %|   8000000|0.000000000000e+00|  00:01:49|            0.0e+00|            3.5e-07|            2.4e-07|
+----------+----------+------------------+----------+-------------------+-------------------+-------------------+
|    90.0 %|   9000000|0.000000000000e+00|  00:02:03|            0.0e+00|            3.1e-07|            2.1e-07|
+----------+----------+------------------+----------+-------------------+-------------------+-------------------+
|   100.0 %|  10000000|0.000000000000e+00|  00:02:17|            0.0e+00|            2.8e-07|            1.9e-07|
+----------+----------+------------------+----------+-------------------+-------------------+-------------------+
Simulation completed. Releases processed: 9999662, Total simulated time: 33335.42
Fragmentation ratio (mean over simulation): C=0.501688, L=0.084599 | Network=0.293143
Network Name: TOP_57_JPN25
Starting simulation with lambda=400, mu=1...
+----------+----------+------------------+----------+-------------------+-------------------+-------------------+
|  progress|   arrives|          blocking|   time(s)|            Wald CI|            A-C. CI|          Wilson CI|
+----------+----------+------------------+----------+-------------------+-------------------+-------------------+
|    10.0 %|   1000000|0.000000000000e+00|  00:00:14|            0.0e+00|            2.8e-06|            1.9e-06|
+----------+----------+------------------+----------+-------------------+-------------------+-------------------+
|    20.0 %|   2000000|0.000000000000e+00|  00:00:29|            0.0e+00|            1.4e-06|            9.6e-07|
+----------+----------+------------------+----------+-------------------+-------------------+-------------------+
|    30.0 %|   3000000|0.000000000000e+00|  00:00:44|            0.0e+00|            9.2e-07|            6.4e-07|
+----------+----------+------------------+----------+-------------------+-------------------+-------------------+
|    40.0 %|   4000000|0.000000000000e+00|  00:00:58|            0.0e+00|            6.9e-07|            4.8e-07|
+----------+----------+------------------+----------+-------------------+-------------------+-------------------+
|    50.0 %|   5000000|0.000000000000e+00|  00:01:13|            0.0e+00|            5.5e-07|            3.8e-07|
+----------+----------+------------------+----------+-------------------+-------------------+-------------------+
|    60.0 %|   6000000|3.333333333799e-07|  00:01:27|            4.6e-07|            6.5e-07|            5.6e-07|
+----------+----------+------------------+----------+-------------------+-------------------+-------------------+
|    70.0 %|   7000000|2.857142856749e-07|  00:01:42|            4.0e-07|            5.6e-07|            4.8e-07|
+----------+----------+------------------+----------+-------------------+-------------------+-------------------+
|    80.0 %|   8000000|2.500000000349e-07|  00:01:57|            3.5e-07|            4.9e-07|            4.2e-07|
+----------+----------+------------------+----------+-------------------+-------------------+-------------------+
|    90.0 %|   9000000|2.222222221793e-07|  00:02:12|            3.1e-07|            4.4e-07|            3.7e-07|
+----------+----------+------------------+----------+-------------------+-------------------+-------------------+
|   100.0 %|  10000000|2.000000000058e-07|  00:02:27|            2.8e-07|            3.9e-07|            3.4e-07|
+----------+----------+------------------+----------+-------------------+-------------------+-------------------+
Simulation completed. Releases processed: 9999590, Total simulated time: 25001.04
Fragmentation ratio (mean over simulation): C=0.529462, L=0.218411 | Network=0.373936
Network Name: TOP_57_JPN25
Starting simulation with lambda=500, mu=1...
+----------+----------+------------------+----------+-------------------+-------------------+-------------------+
|  progress|   arrives|          blocking|   time(s)|            Wald CI|            A-C. CI|          Wilson CI|
+----------+----------+------------------+----------+-------------------+-------------------+-------------------+
|    10.0 %|   1000000|1.860000000000e-04|  00:00:15|            2.7e-05|            2.7e-05|            2.7e-05|
+----------+----------+------------------+----------+-------------------+-------------------+-------------------+
|    20.0 %|   2000000|1.814999999999e-04|  00:00:31|            1.9e-05|            1.9e-05|            1.9e-05|
+----------+----------+------------------+----------+-------------------+-------------------+-------------------+
|    30.0 %|   3000000|1.813333333334e-04|  00:00:46|            1.5e-05|            1.5e-05|            1.5e-05|
+----------+----------+------------------+----------+-------------------+-------------------+-------------------+
|    40.0 %|   4000000|1.750000000000e-04|  00:01:03|            1.3e-05|            1.3e-05|            1.3e-05|
+----------+----------+------------------+----------+-------------------+-------------------+-------------------+
|    50.0 %|   5000000|1.800000000000e-04|  00:01:18|            1.2e-05|            1.2e-05|            1.2e-05|
+----------+----------+------------------+----------+-------------------+-------------------+-------------------+
|    60.0 %|   6000000|1.790000000000e-04|  00:01:34|            1.1e-05|            1.1e-05|            1.1e-05|
+----------+----------+------------------+----------+-------------------+-------------------+-------------------+
|    70.0 %|   7000000|1.770000000000e-04|  00:01:49|            9.9e-06|            9.9e-06|            9.9e-06|
+----------+----------+------------------+----------+-------------------+-------------------+-------------------+
|    80.0 %|   8000000|1.725000000000e-04|  00:02:04|            9.1e-06|            9.1e-06|            9.1e-06|
+----------+----------+------------------+----------+-------------------+-------------------+-------------------+
|    90.0 %|   9000000|1.670000000000e-04|  00:02:20|            8.4e-06|            8.4e-06|            8.4e-06|
+----------+----------+------------------+----------+-------------------+-------------------+-------------------+
|   100.0 %|  10000000|1.665000000000e-04|  00:02:36|            8.0e-06|            8.0e-06|            8.0e-06|
+----------+----------+------------------+----------+-------------------+-------------------+-------------------+
Simulation completed. Releases processed: 9997814, Total simulated time: 19997.24
Fragmentation ratio (mean over simulation): C=0.572332, L=0.290883 | Network=0.431607
Network Name: TOP_57_JPN25
Starting simulation with lambda=600, mu=1...
+----------+----------+------------------+----------+-------------------+-------------------+-------------------+
|  progress|   arrives|          blocking|   time(s)|            Wald CI|            A-C. CI|          Wilson CI|
+----------+----------+------------------+----------+-------------------+-------------------+-------------------+
|    10.0 %|   1000000|3.503000000000e-03|  00:00:16|            1.2e-04|            1.2e-04|            1.2e-04|
+----------+----------+------------------+----------+-------------------+-------------------+-------------------+
|    20.0 %|   2000000|3.439000000000e-03|  00:00:32|            8.1e-05|            8.1e-05|            8.1e-05|
+----------+----------+------------------+----------+-------------------+-------------------+-------------------+
|    30.0 %|   3000000|3.468666666667e-03|  00:00:49|            6.7e-05|            6.7e-05|            6.7e-05|
+----------+----------+------------------+----------+-------------------+-------------------+-------------------+
|    40.0 %|   4000000|3.436750000000e-03|  00:01:05|            5.7e-05|            5.7e-05|            5.7e-05|
+----------+----------+------------------+----------+-------------------+-------------------+-------------------+
|    50.0 %|   5000000|3.405400000000e-03|  00:01:22|            5.1e-05|            5.1e-05|            5.1e-05|
+----------+----------+------------------+----------+-------------------+-------------------+-------------------+
|    60.0 %|   6000000|3.412833333333e-03|  00:01:38|            4.7e-05|            4.7e-05|            4.7e-05|
+----------+----------+------------------+----------+-------------------+-------------------+-------------------+
|    70.0 %|   7000000|3.412714285714e-03|  00:01:54|            4.3e-05|            4.3e-05|            4.3e-05|
+----------+----------+------------------+----------+-------------------+-------------------+-------------------+
|    80.0 %|   8000000|3.417250000000e-03|  00:02:10|            4.0e-05|            4.0e-05|            4.0e-05|
+----------+----------+------------------+----------+-------------------+-------------------+-------------------+
|    90.0 %|   9000000|3.421666666667e-03|  00:02:27|            3.8e-05|            3.8e-05|            3.8e-05|
+----------+----------+------------------+----------+-------------------+-------------------+-------------------+
|   100.0 %|  10000000|3.427100000000e-03|  00:02:43|            3.6e-05|            3.6e-05|            3.6e-05|
+----------+----------+------------------+----------+-------------------+-------------------+-------------------+
Simulation completed. Releases processed: 9965127, Total simulated time: 16659.29
Fragmentation ratio (mean over simulation): C=0.586722, L=0.351203 | Network=0.468963
Network Name: TOP_57_JPN25
Starting simulation with lambda=700, mu=1...
+----------+----------+------------------+----------+-------------------+-------------------+-------------------+
|  progress|   arrives|          blocking|   time(s)|            Wald CI|            A-C. CI|          Wilson CI|
+----------+----------+------------------+----------+-------------------+-------------------+-------------------+
|    10.0 %|   1000000|1.212000000000e-02|  00:00:16|            2.1e-04|            2.1e-04|            2.1e-04|
+----------+----------+------------------+----------+-------------------+-------------------+-------------------+
|    20.0 %|   2000000|1.208000000000e-02|  00:00:33|            1.5e-04|            1.5e-04|            1.5e-04|
+----------+----------+------------------+----------+-------------------+-------------------+-------------------+
|    30.0 %|   3000000|1.203433333333e-02|  00:00:51|            1.2e-04|            1.2e-04|            1.2e-04|
+----------+----------+------------------+----------+-------------------+-------------------+-------------------+
|    40.0 %|   4000000|1.202175000000e-02|  00:01:07|            1.1e-04|            1.1e-04|            1.1e-04|
+----------+----------+------------------+----------+-------------------+-------------------+-------------------+
|    50.0 %|   5000000|1.196440000000e-02|  00:01:25|            9.5e-05|            9.5e-05|            9.5e-05|
+----------+----------+------------------+----------+-------------------+-------------------+-------------------+
|    60.0 %|   6000000|1.196016666667e-02|  00:01:42|            8.7e-05|            8.7e-05|            8.7e-05|
+----------+----------+------------------+----------+-------------------+-------------------+-------------------+
|    70.0 %|   7000000|1.196485714286e-02|  00:01:59|            8.1e-05|            8.1e-05|            8.1e-05|
+----------+----------+------------------+----------+-------------------+-------------------+-------------------+
|    80.0 %|   8000000|1.195350000000e-02|  00:02:16|            7.5e-05|            7.5e-05|            7.5e-05|
+----------+----------+------------------+----------+-------------------+-------------------+-------------------+
|    90.0 %|   9000000|1.196677777778e-02|  00:02:32|            7.1e-05|            7.1e-05|            7.1e-05|
+----------+----------+------------------+----------+-------------------+-------------------+-------------------+
|   100.0 %|  10000000|1.194430000000e-02|  00:02:49|            6.7e-05|            6.7e-05|            6.7e-05|
+----------+----------+------------------+----------+-------------------+-------------------+-------------------+
Simulation completed. Releases processed: 9879834, Total simulated time: 14289.82
Fragmentation ratio (mean over simulation): C=0.603318, L=0.375082 | Network=0.489200
Network Name: TOP_57_JPN25
Starting simulation with lambda=800, mu=1...
+----------+----------+------------------+----------+-------------------+-------------------+-------------------+
|  progress|   arrives|          blocking|   time(s)|            Wald CI|            A-C. CI|          Wilson CI|
+----------+----------+------------------+----------+-------------------+-------------------+-------------------+
|    10.0 %|   1000000|2.147600000000e-02|  00:00:17|            2.8e-04|            2.8e-04|            2.8e-04|
+----------+----------+------------------+----------+-------------------+-------------------+-------------------+
|    20.0 %|   2000000|2.163850000000e-02|  00:00:35|            2.0e-04|            2.0e-04|            2.0e-04|
+----------+----------+------------------+----------+-------------------+-------------------+-------------------+
|    30.0 %|   3000000|2.160066666667e-02|  00:00:53|            1.6e-04|            1.6e-04|            1.6e-04|
+----------+----------+------------------+----------+-------------------+-------------------+-------------------+
|    40.0 %|   4000000|2.152325000000e-02|  00:01:10|            1.4e-04|            1.4e-04|            1.4e-04|
+----------+----------+------------------+----------+-------------------+-------------------+-------------------+
|    50.0 %|   5000000|2.162160000000e-02|  00:01:28|            1.3e-04|            1.3e-04|            1.3e-04|
+----------+----------+------------------+----------+-------------------+-------------------+-------------------+
|    60.0 %|   6000000|2.165733333333e-02|  00:01:46|            1.2e-04|            1.2e-04|            1.2e-04|
+----------+----------+------------------+----------+-------------------+-------------------+-------------------+
|    70.0 %|   7000000|2.167671428571e-02|  00:02:04|            1.1e-04|            1.1e-04|            1.1e-04|
+----------+----------+------------------+----------+-------------------+-------------------+-------------------+
|    80.0 %|   8000000|2.164912500000e-02|  00:02:22|            1.0e-04|            1.0e-04|            1.0e-04|
+----------+----------+------------------+----------+-------------------+-------------------+-------------------+
|    90.0 %|   9000000|2.165388888889e-02|  00:02:40|            9.5e-05|            9.5e-05|            9.5e-05|
+----------+----------+------------------+----------+-------------------+-------------------+-------------------+
|   100.0 %|  10000000|2.161710000000e-02|  00:02:58|            9.0e-05|            9.0e-05|            9.0e-05|
+----------+----------+------------------+----------+-------------------+-------------------+-------------------+
Simulation completed. Releases processed: 9783047, Total simulated time: 12498.24
Fragmentation ratio (mean over simulation): C=0.623749, L=0.410393 | Network=0.517071
Network Name: TOP_57_JPN25
Starting simulation with lambda=900, mu=1...
+----------+----------+------------------+----------+-------------------+-------------------+-------------------+
|  progress|   arrives|          blocking|   time(s)|            Wald CI|            A-C. CI|          Wilson CI|
+----------+----------+------------------+----------+-------------------+-------------------+-------------------+
|    10.0 %|   1000000|3.101000000000e-02|  00:00:18|            3.4e-04|            3.4e-04|            3.4e-04|
+----------+----------+------------------+----------+-------------------+-------------------+-------------------+
|    20.0 %|   2000000|3.084450000000e-02|  00:00:37|            2.4e-04|            2.4e-04|            2.4e-04|
+----------+----------+------------------+----------+-------------------+-------------------+-------------------+
|    30.0 %|   3000000|3.075033333333e-02|  00:00:56|            2.0e-04|            2.0e-04|            2.0e-04|
+----------+----------+------------------+----------+-------------------+-------------------+-------------------+
|    40.0 %|   4000000|3.064325000000e-02|  00:01:14|            1.7e-04|            1.7e-04|            1.7e-04|
+----------+----------+------------------+----------+-------------------+-------------------+-------------------+
|    50.0 %|   5000000|3.070080000000e-02|  00:01:34|            1.5e-04|            1.5e-04|            1.5e-04|
+----------+----------+------------------+----------+-------------------+-------------------+-------------------+
|    60.0 %|   6000000|3.072766666667e-02|  00:01:52|            1.4e-04|            1.4e-04|            1.4e-04|
+----------+----------+------------------+----------+-------------------+-------------------+-------------------+
|    70.0 %|   7000000|3.069171428571e-02|  00:02:11|            1.3e-04|            1.3e-04|            1.3e-04|
+----------+----------+------------------+----------+-------------------+-------------------+-------------------+
|    80.0 %|   8000000|3.070637500000e-02|  00:02:29|            1.2e-04|            1.2e-04|            1.2e-04|
+----------+----------+------------------+----------+-------------------+-------------------+-------------------+
|    90.0 %|   9000000|3.072955555556e-02|  00:02:48|            1.1e-04|            1.1e-04|            1.1e-04|
+----------+----------+------------------+----------+-------------------+-------------------+-------------------+
|   100.0 %|  10000000|3.074460000000e-02|  00:03:06|            1.1e-04|            1.1e-04|            1.1e-04|
+----------+----------+------------------+----------+-------------------+-------------------+-------------------+
Simulation completed. Releases processed: 9691722, Total simulated time: 11106.43
Fragmentation ratio (mean over simulation): C=0.640850, L=0.433078 | Network=0.536964
Network Name: TOP_57_JPN25
Starting simulation with lambda=1000, mu=1...
+----------+----------+------------------+----------+-------------------+-------------------+-------------------+
|  progress|   arrives|          blocking|   time(s)|            Wald CI|            A-C. CI|          Wilson CI|
+----------+----------+------------------+----------+-------------------+-------------------+-------------------+
|    10.0 %|   1000000|3.975800000000e-02|  00:00:19|            3.8e-04|            3.8e-04|            3.8e-04|
+----------+----------+------------------+----------+-------------------+-------------------+-------------------+
|    20.0 %|   2000000|3.942900000000e-02|  00:00:38|            2.7e-04|            2.7e-04|            2.7e-04|
+----------+----------+------------------+----------+-------------------+-------------------+-------------------+
|    30.0 %|   3000000|3.956700000000e-02|  00:00:57|            2.2e-04|            2.2e-04|            2.2e-04|
+----------+----------+------------------+----------+-------------------+-------------------+-------------------+
|    40.0 %|   4000000|3.949175000000e-02|  00:01:16|            1.9e-04|            1.9e-04|            1.9e-04|
+----------+----------+------------------+----------+-------------------+-------------------+-------------------+
|    50.0 %|   5000000|3.935340000000e-02|  00:01:35|            1.7e-04|            1.7e-04|            1.7e-04|
+----------+----------+------------------+----------+-------------------+-------------------+-------------------+
|    60.0 %|   6000000|3.940366666667e-02|  00:01:54|            1.6e-04|            1.6e-04|            1.6e-04|
+----------+----------+------------------+----------+-------------------+-------------------+-------------------+
|    70.0 %|   7000000|3.948500000000e-02|  00:02:13|            1.4e-04|            1.4e-04|            1.4e-04|
+----------+----------+------------------+----------+-------------------+-------------------+-------------------+
|    80.0 %|   8000000|3.946000000000e-02|  00:02:33|            1.3e-04|            1.3e-04|            1.3e-04|
+----------+----------+------------------+----------+-------------------+-------------------+-------------------+
|    90.0 %|   9000000|3.942944444444e-02|  00:02:52|            1.3e-04|            1.3e-04|            1.3e-04|
+----------+----------+------------------+----------+-------------------+-------------------+-------------------+
|   100.0 %|  10000000|3.942020000000e-02|  00:03:12|            1.2e-04|            1.2e-04|            1.2e-04|
+----------+----------+------------------+----------+-------------------+-------------------+-------------------+
Simulation completed. Releases processed: 9604803, Total simulated time: 10003.71
Fragmentation ratio (mean over simulation): C=0.650888, L=0.467424 | Network=0.559156
Network Name: TOP_57_JPN25
Starting simulation with lambda=1100, mu=1...
+----------+----------+------------------+----------+-------------------+-------------------+-------------------+
|  progress|   arrives|          blocking|   time(s)|            Wald CI|            A-C. CI|          Wilson CI|
+----------+----------+------------------+----------+-------------------+-------------------+-------------------+
|    10.0 %|   1000000|4.780200000000e-02|  00:00:19|            4.2e-04|            4.2e-04|            4.2e-04|
+----------+----------+------------------+----------+-------------------+-------------------+-------------------+
|    20.0 %|   2000000|4.761550000000e-02|  00:00:39|            3.0e-04|            3.0e-04|            3.0e-04|
+----------+----------+------------------+----------+-------------------+-------------------+-------------------+
|    30.0 %|   3000000|4.755100000000e-02|  00:01:00|            2.4e-04|            2.4e-04|            2.4e-04|
+----------+----------+------------------+----------+-------------------+-------------------+-------------------+
|    40.0 %|   4000000|4.757900000000e-02|  00:01:19|            2.1e-04|            2.1e-04|            2.1e-04|
+----------+----------+------------------+----------+-------------------+-------------------+-------------------+
|    50.0 %|   5000000|4.762400000000e-02|  00:01:39|            1.9e-04|            1.9e-04|            1.9e-04|
+----------+----------+------------------+----------+-------------------+-------------------+-------------------+
|    60.0 %|   6000000|4.765583333333e-02|  00:01:59|            1.7e-04|            1.7e-04|            1.7e-04|
+----------+----------+------------------+----------+-------------------+-------------------+-------------------+
|    70.0 %|   7000000|4.760071428571e-02|  00:02:19|            1.6e-04|            1.6e-04|            1.6e-04|
+----------+----------+------------------+----------+-------------------+-------------------+-------------------+
|    80.0 %|   8000000|4.759787500000e-02|  00:02:40|            1.5e-04|            1.5e-04|            1.5e-04|
+----------+----------+------------------+----------+-------------------+-------------------+-------------------+
|    90.0 %|   9000000|4.764177777778e-02|  00:02:59|            1.4e-04|            1.4e-04|            1.4e-04|
+----------+----------+------------------+----------+-------------------+-------------------+-------------------+
|   100.0 %|  10000000|4.760580000000e-02|  00:03:19|            1.3e-04|            1.3e-04|            1.3e-04|
+----------+----------+------------------+----------+-------------------+-------------------+-------------------+
Simulation completed. Releases processed: 9522909, Total simulated time: 9091.48
Fragmentation ratio (mean over simulation): C=0.661619, L=0.494530 | Network=0.578075
Network Name: TOP_57_JPN25
Starting simulation with lambda=1200, mu=1...
+----------+----------+------------------+----------+-------------------+-------------------+-------------------+
|  progress|   arrives|          blocking|   time(s)|            Wald CI|            A-C. CI|          Wilson CI|
+----------+----------+------------------+----------+-------------------+-------------------+-------------------+
|    10.0 %|   1000000|5.525300000000e-02|  00:00:20|            4.5e-04|            4.5e-04|            4.5e-04|
+----------+----------+------------------+----------+-------------------+-------------------+-------------------+
|    20.0 %|   2000000|5.546000000000e-02|  00:00:40|            3.2e-04|            3.2e-04|            3.2e-04|
+----------+----------+------------------+----------+-------------------+-------------------+-------------------+
|    30.0 %|   3000000|5.540333333333e-02|  00:01:00|            2.6e-04|            2.6e-04|            2.6e-04|
+----------+----------+------------------+----------+-------------------+-------------------+-------------------+
|    40.0 %|   4000000|5.539425000000e-02|  00:01:21|            2.2e-04|            2.2e-04|            2.2e-04|
+----------+----------+------------------+----------+-------------------+-------------------+-------------------+
|    50.0 %|   5000000|5.548980000000e-02|  00:01:41|            2.0e-04|            2.0e-04|            2.0e-04|
+----------+----------+------------------+----------+-------------------+-------------------+-------------------+
|    60.0 %|   6000000|5.542100000000e-02|  00:02:02|            1.8e-04|            1.8e-04|            1.8e-04|
+----------+----------+------------------+----------+-------------------+-------------------+-------------------+
|    70.0 %|   7000000|5.536228571429e-02|  00:02:22|            1.7e-04|            1.7e-04|            1.7e-04|
+----------+----------+------------------+----------+-------------------+-------------------+-------------------+
|    80.0 %|   8000000|5.538300000000e-02|  00:02:42|            1.6e-04|            1.6e-04|            1.6e-04|
+----------+----------+------------------+----------+-------------------+-------------------+-------------------+
|    90.0 %|   9000000|5.535555555556e-02|  00:03:03|            1.5e-04|            1.5e-04|            1.5e-04|
+----------+----------+------------------+----------+-------------------+-------------------+-------------------+
|   100.0 %|  10000000|5.534340000000e-02|  00:03:23|            1.4e-04|            1.4e-04|            1.4e-04|
+----------+----------+------------------+----------+-------------------+-------------------+-------------------+
Simulation completed. Releases processed: 9445420, Total simulated time: 8334.83
Fragmentation ratio (mean over simulation): C=0.669660, L=0.507581 | Network=0.588621
Network Name: TOP_57_JPN25
Starting simulation with lambda=1300, mu=1...
+----------+----------+------------------+----------+-------------------+-------------------+-------------------+
|  progress|   arrives|          blocking|   time(s)|            Wald CI|            A-C. CI|          Wilson CI|
+----------+----------+------------------+----------+-------------------+-------------------+-------------------+
|    10.0 %|   1000000|6.313200000000e-02|  00:00:20|            4.8e-04|            4.8e-04|            4.8e-04|
+----------+----------+------------------+----------+-------------------+-------------------+-------------------+
|    20.0 %|   2000000|6.299900000000e-02|  00:00:41|            3.4e-04|            3.4e-04|            3.4e-04|
+----------+----------+------------------+----------+-------------------+-------------------+-------------------+
|    30.0 %|   3000000|6.304333333333e-02|  00:01:02|            2.8e-04|            2.8e-04|            2.8e-04|
+----------+----------+------------------+----------+-------------------+-------------------+-------------------+
|    40.0 %|   4000000|6.291075000000e-02|  00:01:23|            2.4e-04|            2.4e-04|            2.4e-04|
+----------+----------+------------------+----------+-------------------+-------------------+-------------------+
|    50.0 %|   5000000|6.299700000000e-02|  00:01:44|            2.1e-04|            2.1e-04|            2.1e-04|
+----------+----------+------------------+----------+-------------------+-------------------+-------------------+
|    60.0 %|   6000000|6.305016666667e-02|  00:02:05|            1.9e-04|            1.9e-04|            1.9e-04|
+----------+----------+------------------+----------+-------------------+-------------------+-------------------+
|    70.0 %|   7000000|6.304185714286e-02|  00:02:25|            1.8e-04|            1.8e-04|            1.8e-04|
+----------+----------+------------------+----------+-------------------+-------------------+-------------------+
|    80.0 %|   8000000|6.308775000000e-02|  00:02:46|            1.7e-04|            1.7e-04|            1.7e-04|
+----------+----------+------------------+----------+-------------------+-------------------+-------------------+
|    90.0 %|   9000000|6.309677777778e-02|  00:03:07|            1.6e-04|            1.6e-04|            1.6e-04|
+----------+----------+------------------+----------+-------------------+-------------------+-------------------+
|   100.0 %|  10000000|6.315360000000e-02|  00:03:27|            1.5e-04|            1.5e-04|            1.5e-04|
+----------+----------+------------------+----------+-------------------+-------------------+-------------------+
Simulation completed. Releases processed: 9367281, Total simulated time: 7688.92
Fragmentation ratio (mean over simulation): C=0.677949, L=0.523617 | Network=0.600783
Network Name: TOP_57_JPN25
Starting simulation with lambda=1400, mu=1...
+----------+----------+------------------+----------+-------------------+-------------------+-------------------+
|  progress|   arrives|          blocking|   time(s)|            Wald CI|            A-C. CI|          Wilson CI|
+----------+----------+------------------+----------+-------------------+-------------------+-------------------+
|    10.0 %|   1000000|7.002300000000e-02|  00:00:21|            5.0e-04|            5.0e-04|            5.0e-04|
+----------+----------+------------------+----------+-------------------+-------------------+-------------------+
|    20.0 %|   2000000|7.028400000000e-02|  00:00:42|            3.5e-04|            3.5e-04|            3.5e-04|
+----------+----------+------------------+----------+-------------------+-------------------+-------------------+
|    30.0 %|   3000000|7.033000000000e-02|  00:01:03|            2.9e-04|            2.9e-04|            2.9e-04|
+----------+----------+------------------+----------+-------------------+-------------------+-------------------+
|    40.0 %|   4000000|7.035525000000e-02|  00:01:24|            2.5e-04|            2.5e-04|            2.5e-04|
+----------+----------+------------------+----------+-------------------+-------------------+-------------------+
|    50.0 %|   5000000|7.041700000000e-02|  00:01:45|            2.2e-04|            2.2e-04|            2.2e-04|
+----------+----------+------------------+----------+-------------------+-------------------+-------------------+
|    60.0 %|   6000000|7.030633333333e-02|  00:02:06|            2.0e-04|            2.0e-04|            2.0e-04|
+----------+----------+------------------+----------+-------------------+-------------------+-------------------+
|    70.0 %|   7000000|7.031100000000e-02|  00:02:27|            1.9e-04|            1.9e-04|            1.9e-04|
+----------+----------+------------------+----------+-------------------+-------------------+-------------------+
|    80.0 %|   8000000|7.029100000000e-02|  00:02:48|            1.8e-04|            1.8e-04|            1.8e-04|
+----------+----------+------------------+----------+-------------------+-------------------+-------------------+
|    90.0 %|   9000000|7.027688888889e-02|  00:03:09|            1.7e-04|            1.7e-04|            1.7e-04|
+----------+----------+------------------+----------+-------------------+-------------------+-------------------+
|   100.0 %|  10000000|7.024610000000e-02|  00:03:30|            1.6e-04|            1.6e-04|            1.6e-04|
+----------+----------+------------------+----------+-------------------+-------------------+-------------------+
Simulation completed. Releases processed: 9296253, Total simulated time: 7140.48
Fragmentation ratio (mean over simulation): C=0.683163, L=0.549334 | Network=0.616248
Network Name: TOP_57_JPN25
Starting simulation with lambda=1500, mu=1...
+----------+----------+------------------+----------+-------------------+-------------------+-------------------+
|  progress|   arrives|          blocking|   time(s)|            Wald CI|            A-C. CI|          Wilson CI|
+----------+----------+------------------+----------+-------------------+-------------------+-------------------+
|    10.0 %|   1000000|7.793900000000e-02|  00:00:21|            5.3e-04|            5.3e-04|            5.3e-04|
+----------+----------+------------------+----------+-------------------+-------------------+-------------------+
|    20.0 %|   2000000|7.779750000000e-02|  00:00:42|            3.7e-04|            3.7e-04|            3.7e-04|
+----------+----------+------------------+----------+-------------------+-------------------+-------------------+
|    30.0 %|   3000000|7.756700000000e-02|  00:01:03|            3.0e-04|            3.0e-04|            3.0e-04|
+----------+----------+------------------+----------+-------------------+-------------------+-------------------+
|    40.0 %|   4000000|7.753375000000e-02|  00:01:25|            2.6e-04|            2.6e-04|            2.6e-04|
+----------+----------+------------------+----------+-------------------+-------------------+-------------------+
|    50.0 %|   5000000|7.759640000000e-02|  00:01:46|            2.3e-04|            2.3e-04|            2.3e-04|
+----------+----------+------------------+----------+-------------------+-------------------+-------------------+
|    60.0 %|   6000000|7.763066666667e-02|  00:02:08|            2.1e-04|            2.1e-04|            2.1e-04|
+----------+----------+------------------+----------+-------------------+-------------------+-------------------+
|    70.0 %|   7000000|7.761571428571e-02|  00:02:29|            2.0e-04|            2.0e-04|            2.0e-04|
+----------+----------+------------------+----------+-------------------+-------------------+-------------------+
|    80.0 %|   8000000|7.760437500000e-02|  00:02:50|            1.9e-04|            1.9e-04|            1.9e-04|
+----------+----------+------------------+----------+-------------------+-------------------+-------------------+
|    90.0 %|   9000000|7.755666666667e-02|  00:03:12|            1.7e-04|            1.7e-04|            1.7e-04|
+----------+----------+------------------+----------+-------------------+-------------------+-------------------+
|   100.0 %|  10000000|7.761660000000e-02|  00:03:33|            1.7e-04|            1.7e-04|            1.7e-04|
+----------+----------+------------------+----------+-------------------+-------------------+-------------------+
Simulation completed. Releases processed: 9222376, Total simulated time: 6665.77
Fragmentation ratio (mean over simulation): C=0.689368, L=0.564039 | Network=0.626703
Network Name: TOP_57_JPN25
Starting simulation with lambda=1600, mu=1...
+----------+----------+------------------+----------+-------------------+-------------------+-------------------+
|  progress|   arrives|          blocking|   time(s)|            Wald CI|            A-C. CI|          Wilson CI|
+----------+----------+------------------+----------+-------------------+-------------------+-------------------+
|    10.0 %|   1000000|8.468300000000e-02|  00:00:22|            5.5e-04|            5.5e-04|            5.5e-04|
+----------+----------+------------------+----------+-------------------+-------------------+-------------------+
|    20.0 %|   2000000|8.438250000000e-02|  00:00:44|            3.9e-04|            3.9e-04|            3.9e-04|
+----------+----------+------------------+----------+-------------------+-------------------+-------------------+
|    30.0 %|   3000000|8.421700000000e-02|  00:01:06|            3.1e-04|            3.1e-04|            3.1e-04|
+----------+----------+------------------+----------+-------------------+-------------------+-------------------+
|    40.0 %|   4000000|8.415400000000e-02|  00:01:28|            2.7e-04|            2.7e-04|            2.7e-04|
+----------+----------+------------------+----------+-------------------+-------------------+-------------------+
|    50.0 %|   5000000|8.423140000000e-02|  00:01:50|            2.4e-04|            2.4e-04|            2.4e-04|
+----------+----------+------------------+----------+-------------------+-------------------+-------------------+
|    60.0 %|   6000000|8.428183333333e-02|  00:02:12|            2.2e-04|            2.2e-04|            2.2e-04|
+----------+----------+------------------+----------+-------------------+-------------------+-------------------+
|    70.0 %|   7000000|8.437700000000e-02|  00:02:34|            2.1e-04|            2.1e-04|            2.1e-04|
+----------+----------+------------------+----------+-------------------+-------------------+-------------------+
|    80.0 %|   8000000|8.439937500000e-02|  00:02:56|            1.9e-04|            1.9e-04|            1.9e-04|
+----------+----------+------------------+----------+-------------------+-------------------+-------------------+
|    90.0 %|   9000000|8.435533333333e-02|  00:03:18|            1.8e-04|            1.8e-04|            1.8e-04|
+----------+----------+------------------+----------+-------------------+-------------------+-------------------+
|   100.0 %|  10000000|8.430340000000e-02|  00:03:40|            1.7e-04|            1.7e-04|            1.7e-04|
+----------+----------+------------------+----------+-------------------+-------------------+-------------------+
Simulation completed. Releases processed: 9155473, Total simulated time: 6250.94
Fragmentation ratio (mean over simulation): C=0.702099, L=0.582720 | Network=0.642409
Network Name: TOP_57_JPN25
Starting simulation with lambda=1700, mu=1...
+----------+----------+------------------+----------+-------------------+-------------------+-------------------+
|  progress|   arrives|          blocking|   time(s)|            Wald CI|            A-C. CI|          Wilson CI|
+----------+----------+------------------+----------+-------------------+-------------------+-------------------+
|    10.0 %|   1000000|9.096300000000e-02|  00:00:22|            5.6e-04|            5.6e-04|            5.6e-04|
+----------+----------+------------------+----------+-------------------+-------------------+-------------------+
|    20.0 %|   2000000|9.111000000000e-02|  00:00:44|            4.0e-04|            4.0e-04|            4.0e-04|
+----------+----------+------------------+----------+-------------------+-------------------+-------------------+
|    30.0 %|   3000000|9.123433333333e-02|  00:01:06|            3.3e-04|            3.3e-04|            3.3e-04|
+----------+----------+------------------+----------+-------------------+-------------------+-------------------+
|    40.0 %|   4000000|9.134650000000e-02|  00:01:29|            2.8e-04|            2.8e-04|            2.8e-04|
+----------+----------+------------------+----------+-------------------+-------------------+-------------------+
|    50.0 %|   5000000|9.116080000000e-02|  00:01:51|            2.5e-04|            2.5e-04|            2.5e-04|
+----------+----------+------------------+----------+-------------------+-------------------+-------------------+
|    60.0 %|   6000000|9.116216666667e-02|  00:02:14|            2.3e-04|            2.3e-04|            2.3e-04|
+----------+----------+------------------+----------+-------------------+-------------------+-------------------+
|    70.0 %|   7000000|9.115557142857e-02|  00:02:36|            2.1e-04|            2.1e-04|            2.1e-04|
+----------+----------+------------------+----------+-------------------+-------------------+-------------------+
|    80.0 %|   8000000|9.115787500000e-02|  00:02:58|            2.0e-04|            2.0e-04|            2.0e-04|
+----------+----------+------------------+----------+-------------------+-------------------+-------------------+
|    90.0 %|   9000000|9.116744444444e-02|  00:03:20|            1.9e-04|            1.9e-04|            1.9e-04|
+----------+----------+------------------+----------+-------------------+-------------------+-------------------+
|   100.0 %|  10000000|9.116360000000e-02|  00:03:42|            1.8e-04|            1.8e-04|            1.8e-04|
+----------+----------+------------------+----------+-------------------+-------------------+-------------------+
Simulation completed. Releases processed: 9086818, Total simulated time: 5884.44
Fragmentation ratio (mean over simulation): C=0.709242, L=0.594551 | Network=0.651897
Network Name: TOP_57_JPN25
Starting simulation with lambda=1800, mu=1...
+----------+----------+------------------+----------+-------------------+-------------------+-------------------+
|  progress|   arrives|          blocking|   time(s)|            Wald CI|            A-C. CI|          Wilson CI|
+----------+----------+------------------+----------+-------------------+-------------------+-------------------+
|    10.0 %|   1000000|9.776400000000e-02|  00:00:22|            5.8e-04|            5.8e-04|            5.8e-04|
+----------+----------+------------------+----------+-------------------+-------------------+-------------------+
|    20.0 %|   2000000|9.752900000000e-02|  00:00:44|            4.1e-04|            4.1e-04|            4.1e-04|
+----------+----------+------------------+----------+-------------------+-------------------+-------------------+
|    30.0 %|   3000000|9.756000000000e-02|  00:01:07|            3.4e-04|            3.4e-04|            3.4e-04|
+----------+----------+------------------+----------+-------------------+-------------------+-------------------+
|    40.0 %|   4000000|9.751575000000e-02|  00:01:30|            2.9e-04|            2.9e-04|            2.9e-04|
+----------+----------+------------------+----------+-------------------+-------------------+-------------------+
|    50.0 %|   5000000|9.757980000000e-02|  00:01:52|            2.6e-04|            2.6e-04|            2.6e-04|
+----------+----------+------------------+----------+-------------------+-------------------+-------------------+
|    60.0 %|   6000000|9.765283333333e-02|  00:02:15|            2.4e-04|            2.4e-04|            2.4e-04|
+----------+----------+------------------+----------+-------------------+-------------------+-------------------+
|    70.0 %|   7000000|9.766328571429e-02|  00:02:37|            2.2e-04|            2.2e-04|            2.2e-04|
+----------+----------+------------------+----------+-------------------+-------------------+-------------------+
|    80.0 %|   8000000|9.757737500000e-02|  00:03:00|            2.1e-04|            2.1e-04|            2.1e-04|
+----------+----------+------------------+----------+-------------------+-------------------+-------------------+
|    90.0 %|   9000000|9.763877777778e-02|  00:03:22|            1.9e-04|            1.9e-04|            1.9e-04|
+----------+----------+------------------+----------+-------------------+-------------------+-------------------+
|   100.0 %|  10000000|9.759170000000e-02|  00:03:45|            1.8e-04|            1.8e-04|            1.8e-04|
+----------+----------+------------------+----------+-------------------+-------------------+-------------------+
Simulation completed. Releases processed: 9022430, Total simulated time: 5557.35
Fragmentation ratio (mean over simulation): C=0.711403, L=0.603819 | Network=0.657611
Network Name: TOP_57_JPN25
Starting simulation with lambda=1900, mu=1...
+----------+----------+------------------+----------+-------------------+-------------------+-------------------+
|  progress|   arrives|          blocking|   time(s)|            Wald CI|            A-C. CI|          Wilson CI|
+----------+----------+------------------+----------+-------------------+-------------------+-------------------+
|    10.0 %|   1000000|1.034300000000e-01|  00:00:22|            6.0e-04|            6.0e-04|            6.0e-04|
+----------+----------+------------------+----------+-------------------+-------------------+-------------------+
|    20.0 %|   2000000|1.035960000000e-01|  00:00:45|            4.2e-04|            4.2e-04|            4.2e-04|
+----------+----------+------------------+----------+-------------------+-------------------+-------------------+
|    30.0 %|   3000000|1.034953333333e-01|  00:01:08|            3.4e-04|            3.4e-04|            3.4e-04|
+----------+----------+------------------+----------+-------------------+-------------------+-------------------+
|    40.0 %|   4000000|1.036762500000e-01|  00:01:31|            3.0e-04|            3.0e-04|            3.0e-04|
+----------+----------+------------------+----------+-------------------+-------------------+-------------------+
|    50.0 %|   5000000|1.038794000000e-01|  00:01:53|            2.7e-04|            2.7e-04|            2.7e-04|
+----------+----------+------------------+----------+-------------------+-------------------+-------------------+
|    60.0 %|   6000000|1.038576666667e-01|  00:02:16|            2.4e-04|            2.4e-04|            2.4e-04|
+----------+----------+------------------+----------+-------------------+-------------------+-------------------+
|    70.0 %|   7000000|1.038144285714e-01|  00:02:38|            2.3e-04|            2.3e-04|            2.3e-04|
+----------+----------+------------------+----------+-------------------+-------------------+-------------------+
|    80.0 %|   8000000|1.038261250000e-01|  00:03:01|            2.1e-04|            2.1e-04|            2.1e-04|
+----------+----------+------------------+----------+-------------------+-------------------+-------------------+
|    90.0 %|   9000000|1.038251111111e-01|  00:03:24|            2.0e-04|            2.0e-04|            2.0e-04|
+----------+----------+------------------+----------+-------------------+-------------------+-------------------+
|   100.0 %|  10000000|1.037894000000e-01|  00:03:46|            1.9e-04|            1.9e-04|            1.9e-04|
+----------+----------+------------------+----------+-------------------+-------------------+-------------------+
Simulation completed. Releases processed: 8960445, Total simulated time: 5263.58
Fragmentation ratio (mean over simulation): C=0.719349, L=0.618468 | Network=0.668909
Network Name: TOP_57_JPN25
Starting simulation with lambda=2000, mu=1...
+----------+----------+------------------+----------+-------------------+-------------------+-------------------+
|  progress|   arrives|          blocking|   time(s)|            Wald CI|            A-C. CI|          Wilson CI|
+----------+----------+------------------+----------+-------------------+-------------------+-------------------+
|    10.0 %|   1000000|1.103820000000e-01|  00:00:22|            6.1e-04|            6.1e-04|            6.1e-04|
+----------+----------+------------------+----------+-------------------+-------------------+-------------------+
|    20.0 %|   2000000|1.097580000000e-01|  00:00:45|            4.3e-04|            4.3e-04|            4.3e-04|
+----------+----------+------------------+----------+-------------------+-------------------+-------------------+
|    30.0 %|   3000000|1.096803333333e-01|  00:01:08|            3.5e-04|            3.5e-04|            3.5e-04|
+----------+----------+------------------+----------+-------------------+-------------------+-------------------+
|    40.0 %|   4000000|1.096390000000e-01|  00:01:31|            3.1e-04|            3.1e-04|            3.1e-04|
+----------+----------+------------------+----------+-------------------+-------------------+-------------------+
|    50.0 %|   5000000|1.097970000000e-01|  00:01:54|            2.7e-04|            2.7e-04|            2.7e-04|
+----------+----------+------------------+----------+-------------------+-------------------+-------------------+
|    60.0 %|   6000000|1.099440000000e-01|  00:02:17|            2.5e-04|            2.5e-04|            2.5e-04|
+----------+----------+------------------+----------+-------------------+-------------------+-------------------+
|    70.0 %|   7000000|1.099782857143e-01|  00:02:40|            2.3e-04|            2.3e-04|            2.3e-04|
+----------+----------+------------------+----------+-------------------+-------------------+-------------------+
|    80.0 %|   8000000|1.099740000000e-01|  00:03:03|            2.2e-04|            2.2e-04|            2.2e-04|
+----------+----------+------------------+----------+-------------------+-------------------+-------------------+
|    90.0 %|   9000000|1.099087777778e-01|  00:03:26|            2.0e-04|            2.0e-04|            2.0e-04|
+----------+----------+------------------+----------+-------------------+-------------------+-------------------+
|   100.0 %|  10000000|1.099857000000e-01|  00:03:50|            1.9e-04|            1.9e-04|            1.9e-04|
+----------+----------+------------------+----------+-------------------+-------------------+-------------------+
Simulation completed. Releases processed: 8898368, Total simulated time: 4998.84
Fragmentation ratio (mean over simulation): C=0.724898, L=0.631667 | Network=0.678283
Network Name: TOP_57_JPN25
Starting simulation with lambda=2100, mu=1...
+----------+----------+------------------+----------+-------------------+-------------------+-------------------+
|  progress|   arrives|          blocking|   time(s)|            Wald CI|            A-C. CI|          Wilson CI|
+----------+----------+------------------+----------+-------------------+-------------------+-------------------+
|    10.0 %|   1000000|1.152320000000e-01|  00:00:23|            6.3e-04|            6.3e-04|            6.3e-04|
+----------+----------+------------------+----------+-------------------+-------------------+-------------------+
|    20.0 %|   2000000|1.154860000000e-01|  00:00:46|            4.4e-04|            4.4e-04|            4.4e-04|
+----------+----------+------------------+----------+-------------------+-------------------+-------------------+
|    30.0 %|   3000000|1.157760000000e-01|  00:01:10|            3.6e-04|            3.6e-04|            3.6e-04|
+----------+----------+------------------+----------+-------------------+-------------------+-------------------+
|    40.0 %|   4000000|1.159040000000e-01|  00:01:33|            3.1e-04|            3.1e-04|            3.1e-04|
+----------+----------+------------------+----------+-------------------+-------------------+-------------------+
|    50.0 %|   5000000|1.158032000000e-01|  00:01:56|            2.8e-04|            2.8e-04|            2.8e-04|
+----------+----------+------------------+----------+-------------------+-------------------+-------------------+
|    60.0 %|   6000000|1.157536666667e-01|  00:02:19|            2.6e-04|            2.6e-04|            2.6e-04|
+----------+----------+------------------+----------+-------------------+-------------------+-------------------+
|    70.0 %|   7000000|1.157435714286e-01|  00:02:42|            2.4e-04|            2.4e-04|            2.4e-04|
+----------+----------+------------------+----------+-------------------+-------------------+-------------------+
|    80.0 %|   8000000|1.157678750000e-01|  00:03:06|            2.2e-04|            2.2e-04|            2.2e-04|
+----------+----------+------------------+----------+-------------------+-------------------+-------------------+
|    90.0 %|   9000000|1.158270000000e-01|  00:03:29|            2.1e-04|            2.1e-04|            2.1e-04|
+----------+----------+------------------+----------+-------------------+-------------------+-------------------+
|   100.0 %|  10000000|1.158395000000e-01|  00:03:52|            2.0e-04|            2.0e-04|            2.0e-04|
+----------+----------+------------------+----------+-------------------+-------------------+-------------------+
Simulation completed. Releases processed: 8839820, Total simulated time: 4762.52
Fragmentation ratio (mean over simulation): C=0.725924, L=0.637340 | Network=0.681632
Network Name: TOP_57_JPN25
Starting simulation with lambda=2200, mu=1...
+----------+----------+------------------+----------+-------------------+-------------------+-------------------+
|  progress|   arrives|          blocking|   time(s)|            Wald CI|            A-C. CI|          Wilson CI|
+----------+----------+------------------+----------+-------------------+-------------------+-------------------+
|    10.0 %|   1000000|1.217920000000e-01|  00:00:23|            6.4e-04|            6.4e-04|            6.4e-04|
+----------+----------+------------------+----------+-------------------+-------------------+-------------------+
|    20.0 %|   2000000|1.221355000000e-01|  00:00:47|            4.5e-04|            4.5e-04|            4.5e-04|
+----------+----------+------------------+----------+-------------------+-------------------+-------------------+
|    30.0 %|   3000000|1.220043333333e-01|  00:01:11|            3.7e-04|            3.7e-04|            3.7e-04|
+----------+----------+------------------+----------+-------------------+-------------------+-------------------+
|    40.0 %|   4000000|1.220795000000e-01|  00:01:34|            3.2e-04|            3.2e-04|            3.2e-04|
+----------+----------+------------------+----------+-------------------+-------------------+-------------------+
|    50.0 %|   5000000|1.220626000000e-01|  00:01:58|            2.9e-04|            2.9e-04|            2.9e-04|
+----------+----------+------------------+----------+-------------------+-------------------+-------------------+
|    60.0 %|   6000000|1.219770000000e-01|  00:02:21|            2.6e-04|            2.6e-04|            2.6e-04|
+----------+----------+------------------+----------+-------------------+-------------------+-------------------+
|    70.0 %|   7000000|1.219207142857e-01|  00:02:45|            2.4e-04|            2.4e-04|            2.4e-04|
+----------+----------+------------------+----------+-------------------+-------------------+-------------------+
|    80.0 %|   8000000|1.218967500000e-01|  00:03:09|            2.3e-04|            2.3e-04|            2.3e-04|
+----------+----------+------------------+----------+-------------------+-------------------+-------------------+
|    90.0 %|   9000000|1.218940000000e-01|  00:03:32|            2.1e-04|            2.1e-04|            2.1e-04|
+----------+----------+------------------+----------+-------------------+-------------------+-------------------+
|   100.0 %|  10000000|1.219354000000e-01|  00:03:55|            2.0e-04|            2.0e-04|            2.0e-04|
+----------+----------+------------------+----------+-------------------+-------------------+-------------------+
Simulation completed. Releases processed: 8778670, Total simulated time: 4544.17
Fragmentation ratio (mean over simulation): C=0.729776, L=0.650206 | Network=0.689991
Network Name: TOP_57_JPN25
Starting simulation with lambda=2300, mu=1...
+----------+----------+------------------+----------+-------------------+-------------------+-------------------+
|  progress|   arrives|          blocking|   time(s)|            Wald CI|            A-C. CI|          Wilson CI|
+----------+----------+------------------+----------+-------------------+-------------------+-------------------+
|    10.0 %|   1000000|1.266090000000e-01|  00:00:24|            6.5e-04|            6.5e-04|            6.5e-04|
+----------+----------+------------------+----------+-------------------+-------------------+-------------------+
|    20.0 %|   2000000|1.268950000000e-01|  00:00:48|            4.6e-04|            4.6e-04|            4.6e-04|
+----------+----------+------------------+----------+-------------------+-------------------+-------------------+
|    30.0 %|   3000000|1.271713333333e-01|  00:01:12|            3.8e-04|            3.8e-04|            3.8e-04|
+----------+----------+------------------+----------+-------------------+-------------------+-------------------+
|    40.0 %|   4000000|1.274492500000e-01|  00:01:35|            3.3e-04|            3.3e-04|            3.3e-04|
+----------+----------+------------------+----------+-------------------+-------------------+-------------------+
|    50.0 %|   5000000|1.274376000000e-01|  00:02:00|            2.9e-04|            2.9e-04|            2.9e-04|
+----------+----------+------------------+----------+-------------------+-------------------+-------------------+
|    60.0 %|   6000000|1.274196666667e-01|  00:02:24|            2.7e-04|            2.7e-04|            2.7e-04|
+----------+----------+------------------+----------+-------------------+-------------------+-------------------+
|    70.0 %|   7000000|1.274142857143e-01|  00:02:49|            2.5e-04|            2.5e-04|            2.5e-04|
+----------+----------+------------------+----------+-------------------+-------------------+-------------------+
|    80.0 %|   8000000|1.274000000000e-01|  00:03:13|            2.3e-04|            2.3e-04|            2.3e-04|
+----------+----------+------------------+----------+-------------------+-------------------+-------------------+
|    90.0 %|   9000000|1.274013333333e-01|  00:03:37|            2.2e-04|            2.2e-04|            2.2e-04|
+----------+----------+------------------+----------+-------------------+-------------------+-------------------+
|   100.0 %|  10000000|1.273804000000e-01|  00:04:01|            2.1e-04|            2.1e-04|            2.1e-04|
+----------+----------+------------------+----------+-------------------+-------------------+-------------------+
Simulation completed. Releases processed: 8724226, Total simulated time: 4347.32
Fragmentation ratio (mean over simulation): C=0.735889, L=0.658014 | Network=0.696952
Network Name: TOP_57_JPN25
Starting simulation with lambda=2400, mu=1...
+----------+----------+------------------+----------+-------------------+-------------------+-------------------+
|  progress|   arrives|          blocking|   time(s)|            Wald CI|            A-C. CI|          Wilson CI|
+----------+----------+------------------+----------+-------------------+-------------------+-------------------+
|    10.0 %|   1000000|1.333390000000e-01|  00:00:24|            6.7e-04|            6.7e-04|            6.7e-04|
+----------+----------+------------------+----------+-------------------+-------------------+-------------------+
|    20.0 %|   2000000|1.333140000000e-01|  00:00:48|            4.7e-04|            4.7e-04|            4.7e-04|
+----------+----------+------------------+----------+-------------------+-------------------+-------------------+
|    30.0 %|   3000000|1.334046666667e-01|  00:01:12|            3.8e-04|            3.8e-04|            3.8e-04|
+----------+----------+------------------+----------+-------------------+-------------------+-------------------+
|    40.0 %|   4000000|1.334242500000e-01|  00:01:36|            3.3e-04|            3.3e-04|            3.3e-04|
+----------+----------+------------------+----------+-------------------+-------------------+-------------------+
|    50.0 %|   5000000|1.332594000000e-01|  00:01:59|            3.0e-04|            3.0e-04|            3.0e-04|
+----------+----------+------------------+----------+-------------------+-------------------+-------------------+
|    60.0 %|   6000000|1.333613333333e-01|  00:02:23|            2.7e-04|            2.7e-04|            2.7e-04|
+----------+----------+------------------+----------+-------------------+-------------------+-------------------+
|    70.0 %|   7000000|1.331911428571e-01|  00:02:47|            2.5e-04|            2.5e-04|            2.5e-04|
+----------+----------+------------------+----------+-------------------+-------------------+-------------------+
|    80.0 %|   8000000|1.331796250000e-01|  00:03:11|            2.4e-04|            2.4e-04|            2.4e-04|
+----------+----------+------------------+----------+-------------------+-------------------+-------------------+
|    90.0 %|   9000000|1.331812222222e-01|  00:03:35|            2.2e-04|            2.2e-04|            2.2e-04|
+----------+----------+------------------+----------+-------------------+-------------------+-------------------+
|   100.0 %|  10000000|1.332728000000e-01|  00:03:59|            2.1e-04|            2.1e-04|            2.1e-04|
+----------+----------+------------------+----------+-------------------+-------------------+-------------------+
Simulation completed. Releases processed: 8665184, Total simulated time: 4167.41
Fragmentation ratio (mean over simulation): C=0.742020, L=0.672599 | Network=0.707309
Network Name: TOP_57_JPN25
Starting simulation with lambda=2500, mu=1...
+----------+----------+------------------+----------+-------------------+-------------------+-------------------+
|  progress|   arrives|          blocking|   time(s)|            Wald CI|            A-C. CI|          Wilson CI|
+----------+----------+------------------+----------+-------------------+-------------------+-------------------+
|    10.0 %|   1000000|1.393190000000e-01|  00:00:24|            6.8e-04|            6.8e-04|            6.8e-04|
+----------+----------+------------------+----------+-------------------+-------------------+-------------------+
|    20.0 %|   2000000|1.388735000000e-01|  00:00:48|            4.8e-04|            4.8e-04|            4.8e-04|
+----------+----------+------------------+----------+-------------------+-------------------+-------------------+
|    30.0 %|   3000000|1.388163333333e-01|  00:01:12|            3.9e-04|            3.9e-04|            3.9e-04|
+----------+----------+------------------+----------+-------------------+-------------------+-------------------+
|    40.0 %|   4000000|1.386755000000e-01|  00:01:36|            3.4e-04|            3.4e-04|            3.4e-04|
+----------+----------+------------------+----------+-------------------+-------------------+-------------------+
|    50.0 %|   5000000|1.386456000000e-01|  00:02:01|            3.0e-04|            3.0e-04|            3.0e-04|
+----------+----------+------------------+----------+-------------------+-------------------+-------------------+
|    60.0 %|   6000000|1.386358333333e-01|  00:02:25|            2.8e-04|            2.8e-04|            2.8e-04|
+----------+----------+------------------+----------+-------------------+-------------------+-------------------+
|    70.0 %|   7000000|1.386071428571e-01|  00:02:49|            2.6e-04|            2.6e-04|            2.6e-04|
+----------+----------+------------------+----------+-------------------+-------------------+-------------------+
|    80.0 %|   8000000|1.385286250000e-01|  00:03:12|            2.4e-04|            2.4e-04|            2.4e-04|
+----------+----------+------------------+----------+-------------------+-------------------+-------------------+
|    90.0 %|   9000000|1.385313333333e-01|  00:03:36|            2.3e-04|            2.3e-04|            2.3e-04|
+----------+----------+------------------+----------+-------------------+-------------------+-------------------+
|   100.0 %|  10000000|1.386446000000e-01|  00:04:00|            2.1e-04|            2.1e-04|            2.1e-04|
+----------+----------+------------------+----------+-------------------+-------------------+-------------------+
Simulation completed. Releases processed: 8611461, Total simulated time: 4001.52
Fragmentation ratio (mean over simulation): C=0.742924, L=0.677269 | Network=0.710097
Network Name: TOP_57_JPN25
Starting simulation with lambda=2600, mu=1...
+----------+----------+------------------+----------+-------------------+-------------------+-------------------+
|  progress|   arrives|          blocking|   time(s)|            Wald CI|            A-C. CI|          Wilson CI|
+----------+----------+------------------+----------+-------------------+-------------------+-------------------+
|    10.0 %|   1000000|1.428990000000e-01|  00:00:24|            6.9e-04|            6.9e-04|            6.9e-04|
+----------+----------+------------------+----------+-------------------+-------------------+-------------------+
|    20.0 %|   2000000|1.433745000000e-01|  00:00:48|            4.9e-04|            4.9e-04|            4.9e-04|
+----------+----------+------------------+----------+-------------------+-------------------+-------------------+
|    30.0 %|   3000000|1.435906666667e-01|  00:01:12|            4.0e-04|            4.0e-04|            4.0e-04|
+----------+----------+------------------+----------+-------------------+-------------------+-------------------+
|    40.0 %|   4000000|1.436362500000e-01|  00:01:37|            3.4e-04|            3.4e-04|            3.4e-04|
+----------+----------+------------------+----------+-------------------+-------------------+-------------------+
|    50.0 %|   5000000|1.437568000000e-01|  00:02:01|            3.1e-04|            3.1e-04|            3.1e-04|
+----------+----------+------------------+----------+-------------------+-------------------+-------------------+
|    60.0 %|   6000000|1.438800000000e-01|  00:02:25|            2.8e-04|            2.8e-04|            2.8e-04|
+----------+----------+------------------+----------+-------------------+-------------------+-------------------+
|    70.0 %|   7000000|1.439290000000e-01|  00:02:49|            2.6e-04|            2.6e-04|            2.6e-04|
+----------+----------+------------------+----------+-------------------+-------------------+-------------------+
|    80.0 %|   8000000|1.439963750000e-01|  00:03:13|            2.4e-04|            2.4e-04|            2.4e-04|
+----------+----------+------------------+----------+-------------------+-------------------+-------------------+
|    90.0 %|   9000000|1.440052222222e-01|  00:03:37|            2.3e-04|            2.3e-04|            2.3e-04|
+----------+----------+------------------+----------+-------------------+-------------------+-------------------+
|   100.0 %|  10000000|1.439961000000e-01|  00:04:01|            2.2e-04|            2.2e-04|            2.2e-04|
+----------+----------+------------------+----------+-------------------+-------------------+-------------------+
Simulation completed. Releases processed: 8557825, Total simulated time: 3847.25
Fragmentation ratio (mean over simulation): C=0.751239, L=0.677813 | Network=0.714526
Network Name: TOP_57_JPN25
Starting simulation with lambda=2700, mu=1...
+----------+----------+------------------+----------+-------------------+-------------------+-------------------+
|  progress|   arrives|          blocking|   time(s)|            Wald CI|            A-C. CI|          Wilson CI|
+----------+----------+------------------+----------+-------------------+-------------------+-------------------+
|    10.0 %|   1000000|1.494400000000e-01|  00:00:24|            7.0e-04|            7.0e-04|            7.0e-04|
+----------+----------+------------------+----------+-------------------+-------------------+-------------------+
|    20.0 %|   2000000|1.495930000000e-01|  00:00:48|            4.9e-04|            4.9e-04|            4.9e-04|
+----------+----------+------------------+----------+-------------------+-------------------+-------------------+
|    30.0 %|   3000000|1.498286666667e-01|  00:01:13|            4.0e-04|            4.0e-04|            4.0e-04|
+----------+----------+------------------+----------+-------------------+-------------------+-------------------+
|    40.0 %|   4000000|1.496190000000e-01|  00:01:38|            3.5e-04|            3.5e-04|            3.5e-04|
+----------+----------+------------------+----------+-------------------+-------------------+-------------------+
|    50.0 %|   5000000|1.496504000000e-01|  00:02:02|            3.1e-04|            3.1e-04|            3.1e-04|
+----------+----------+------------------+----------+-------------------+-------------------+-------------------+
|    60.0 %|   6000000|1.495935000000e-01|  00:02:26|            2.9e-04|            2.9e-04|            2.9e-04|
+----------+----------+------------------+----------+-------------------+-------------------+-------------------+
|    70.0 %|   7000000|1.496660000000e-01|  00:02:51|            2.6e-04|            2.6e-04|            2.6e-04|
+----------+----------+------------------+----------+-------------------+-------------------+-------------------+
|    80.0 %|   8000000|1.495780000000e-01|  00:03:15|            2.5e-04|            2.5e-04|            2.5e-04|
+----------+----------+------------------+----------+-------------------+-------------------+-------------------+
|    90.0 %|   9000000|1.495115555556e-01|  00:03:39|            2.3e-04|            2.3e-04|            2.3e-04|
+----------+----------+------------------+----------+-------------------+-------------------+-------------------+
|   100.0 %|  10000000|1.495018000000e-01|  00:04:03|            2.2e-04|            2.2e-04|            2.2e-04|
+----------+----------+------------------+----------+-------------------+-------------------+-------------------+
Simulation completed. Releases processed: 8502635, Total simulated time: 3704.03
Fragmentation ratio (mean over simulation): C=0.761783, L=0.693494 | Network=0.727639
Network Name: TOP_57_JPN25
Starting simulation with lambda=2800, mu=1...
+----------+----------+------------------+----------+-------------------+-------------------+-------------------+
|  progress|   arrives|          blocking|   time(s)|            Wald CI|            A-C. CI|          Wilson CI|
+----------+----------+------------------+----------+-------------------+-------------------+-------------------+
|    10.0 %|   1000000|1.553580000000e-01|  00:00:24|            7.1e-04|            7.1e-04|            7.1e-04|
+----------+----------+------------------+----------+-------------------+-------------------+-------------------+
|    20.0 %|   2000000|1.550265000000e-01|  00:00:48|            5.0e-04|            5.0e-04|            5.0e-04|
+----------+----------+------------------+----------+-------------------+-------------------+-------------------+
|    30.0 %|   3000000|1.550996666667e-01|  00:01:13|            4.1e-04|            4.1e-04|            4.1e-04|
+----------+----------+------------------+----------+-------------------+-------------------+-------------------+
|    40.0 %|   4000000|1.550902500000e-01|  00:01:37|            3.5e-04|            3.5e-04|            3.5e-04|
+----------+----------+------------------+----------+-------------------+-------------------+-------------------+
|    50.0 %|   5000000|1.550860000000e-01|  00:02:02|            3.2e-04|            3.2e-04|            3.2e-04|
+----------+----------+------------------+----------+-------------------+-------------------+-------------------+
|    60.0 %|   6000000|1.549273333333e-01|  00:02:26|            2.9e-04|            2.9e-04|            2.9e-04|
+----------+----------+------------------+----------+-------------------+-------------------+-------------------+
|    70.0 %|   7000000|1.550274285714e-01|  00:02:50|            2.7e-04|            2.7e-04|            2.7e-04|
+----------+----------+------------------+----------+-------------------+-------------------+-------------------+
|    80.0 %|   8000000|1.550222500000e-01|  00:03:15|            2.5e-04|            2.5e-04|            2.5e-04|
+----------+----------+------------------+----------+-------------------+-------------------+-------------------+
|    90.0 %|   9000000|1.549142222222e-01|  00:03:40|            2.4e-04|            2.4e-04|            2.4e-04|
+----------+----------+------------------+----------+-------------------+-------------------+-------------------+
|   100.0 %|  10000000|1.548466000000e-01|  00:04:05|            2.2e-04|            2.2e-04|            2.2e-04|
+----------+----------+------------------+----------+-------------------+-------------------+-------------------+
Simulation completed. Releases processed: 8449210, Total simulated time: 3571.11
Fragmentation ratio (mean over simulation): C=0.753383, L=0.697589 | Network=0.725486
Network Name: TOP_57_JPN25
Starting simulation with lambda=2900, mu=1...
+----------+----------+------------------+----------+-------------------+-------------------+-------------------+
|  progress|   arrives|          blocking|   time(s)|            Wald CI|            A-C. CI|          Wilson CI|
+----------+----------+------------------+----------+-------------------+-------------------+-------------------+
|    10.0 %|   1000000|1.594700000000e-01|  00:00:24|            7.2e-04|            7.2e-04|            7.2e-04|
+----------+----------+------------------+----------+-------------------+-------------------+-------------------+
|    20.0 %|   2000000|1.593900000000e-01|  00:00:49|            5.1e-04|            5.1e-04|            5.1e-04|
+----------+----------+------------------+----------+-------------------+-------------------+-------------------+
|    30.0 %|   3000000|1.593490000000e-01|  00:01:14|            4.1e-04|            4.1e-04|            4.1e-04|
+----------+----------+------------------+----------+-------------------+-------------------+-------------------+
|    40.0 %|   4000000|1.594115000000e-01|  00:01:38|            3.6e-04|            3.6e-04|            3.6e-04|
+----------+----------+------------------+----------+-------------------+-------------------+-------------------+
|    50.0 %|   5000000|1.593464000000e-01|  00:02:03|            3.2e-04|            3.2e-04|            3.2e-04|
+----------+----------+------------------+----------+-------------------+-------------------+-------------------+
|    60.0 %|   6000000|1.593940000000e-01|  00:02:27|            2.9e-04|            2.9e-04|            2.9e-04|
+----------+----------+------------------+----------+-------------------+-------------------+-------------------+
|    70.0 %|   7000000|1.593792857143e-01|  00:02:52|            2.7e-04|            2.7e-04|            2.7e-04|
+----------+----------+------------------+----------+-------------------+-------------------+-------------------+
|    80.0 %|   8000000|1.594015000000e-01|  00:03:16|            2.5e-04|            2.5e-04|            2.5e-04|
+----------+----------+------------------+----------+-------------------+-------------------+-------------------+
|    90.0 %|   9000000|1.595207777778e-01|  00:03:41|            2.4e-04|            2.4e-04|            2.4e-04|
+----------+----------+------------------+----------+-------------------+-------------------+-------------------+
|   100.0 %|  10000000|1.595563000000e-01|  00:04:05|            2.3e-04|            2.3e-04|            2.3e-04|
+----------+----------+------------------+----------+-------------------+-------------------+-------------------+
Simulation completed. Releases processed: 8402004, Total simulated time: 3448.78
Fragmentation ratio (mean over simulation): C=0.764521, L=0.699541 | Network=0.732031
Network Name: TOP_57_JPN25
Starting simulation with lambda=3000, mu=1...
+----------+----------+------------------+----------+-------------------+-------------------+-------------------+
|  progress|   arrives|          blocking|   time(s)|            Wald CI|            A-C. CI|          Wilson CI|
+----------+----------+------------------+----------+-------------------+-------------------+-------------------+
|    10.0 %|   1000000|1.645750000000e-01|  00:00:24|            7.3e-04|            7.3e-04|            7.3e-04|
+----------+----------+------------------+----------+-------------------+-------------------+-------------------+
|    20.0 %|   2000000|1.648685000000e-01|  00:00:49|            5.1e-04|            5.1e-04|            5.1e-04|
+----------+----------+------------------+----------+-------------------+-------------------+-------------------+
|    30.0 %|   3000000|1.647900000000e-01|  00:01:15|            4.2e-04|            4.2e-04|            4.2e-04|
+----------+----------+------------------+----------+-------------------+-------------------+-------------------+
|    40.0 %|   4000000|1.648835000000e-01|  00:01:41|            3.6e-04|            3.6e-04|            3.6e-04|
+----------+----------+------------------+----------+-------------------+-------------------+-------------------+
|    50.0 %|   5000000|1.647582000000e-01|  00:02:08|            3.3e-04|            3.3e-04|            3.3e-04|
+----------+----------+------------------+----------+-------------------+-------------------+-------------------+
|    60.0 %|   6000000|1.648760000000e-01|  00:02:37|            3.0e-04|            3.0e-04|            3.0e-04|
+----------+----------+------------------+----------+-------------------+-------------------+-------------------+
|    70.0 %|   7000000|1.649157142857e-01|  00:03:07|            2.7e-04|            2.7e-04|            2.7e-04|
+----------+----------+------------------+----------+-------------------+-------------------+-------------------+
|    80.0 %|   8000000|1.648333750000e-01|  00:03:37|            2.6e-04|            2.6e-04|            2.6e-04|
+----------+----------+------------------+----------+-------------------+-------------------+-------------------+
|    90.0 %|   9000000|1.648522222222e-01|  00:04:04|            2.4e-04|            2.4e-04|            2.4e-04|
+----------+----------+------------------+----------+-------------------+-------------------+-------------------+
|   100.0 %|  10000000|1.648045000000e-01|  00:04:30|            2.3e-04|            2.3e-04|            2.3e-04|
+----------+----------+------------------+----------+-------------------+-------------------+-------------------+
Simulation completed. Releases processed: 8349448, Total simulated time: 3332.85
Fragmentation ratio (mean over simulation): C=0.769223, L=0.707482 | Network=0.738353
Plot saved → result/FirstFit_JPN25_lambda_sweep_100_3000_20261008_153724.png
