Running simulation with defrag mode: before_arrival, algorithm: multiband
Network Name: BDM_Eurocore
Starting simulation...
+----------+----------+------------------+----------+-------------------+-------------------+-------------------+
|  progress|   arrives|          blocking|   time(s)|            Wald CI|            A-C. CI|          Wilson CI|
+----------+----------+------------------+----------+-------------------+-------------------+-------------------+
|    10.0 %|   1000000|1.448500000000e-02|  04:15:10|            2.3e-04|            2.3e-04|            2.3e-04|
+----------+----------+------------------+----------+-------------------+-------------------+-------------------+
|    20.0 %|   2000000|1.439300000000e-02|  08:30:41|            1.7e-04|            1.7e-04|            1.7e-04|
+----------+----------+------------------+----------+-------------------+-------------------+-------------------+
|    30.0 %|   3000000|1.431100000000e-02|  12:44:07|            1.3e-04|            1.3e-04|            1.3e-04|
+----------+----------+------------------+----------+-------------------+-------------------+-------------------+
|    40.0 %|   4000000|1.427725000000e-02|  17:01:08|            1.2e-04|            1.2e-04|            1.2e-04|
+----------+----------+------------------+----------+-------------------+-------------------+-------------------+
|    50.0 %|   5000000|1.428900000000e-02|  21:15:19|            1.0e-04|            1.0e-04|            1.0e-04|
+----------+----------+------------------+----------+-------------------+-------------------+-------------------+
|    60.0 %|   6000000|1.419033333333e-02|  25:27:47|            9.5e-05|            9.5e-05|            9.5e-05|
+----------+----------+------------------+----------+-------------------+-------------------+-------------------+
|    70.0 %|   7000000|1.425600000000e-02|  29:41:35|            8.8e-05|            8.8e-05|            8.8e-05|
+----------+----------+------------------+----------+-------------------+-------------------+-------------------+
|    80.0 %|   8000000|1.426600000000e-02|  33:54:20|            8.2e-05|            8.2e-05|            8.2e-05|
+----------+----------+------------------+----------+-------------------+-------------------+-------------------+
|    90.0 %|   9000000|1.426133333333e-02|  38:04:35|            7.7e-05|            7.7e-05|            7.7e-05|
+----------+----------+------------------+----------+-------------------+-------------------+-------------------+
|   100.0 %|  10000000|1.426000000000e-02|  42:14:46|            7.3e-05|            7.3e-05|            7.3e-05|
+----------+----------+------------------+----------+-------------------+-------------------+-------------------+
Simulation completed. Releases processed: 9853278, Total simulated time: 2500.22
Fragmentation ratio: C=0.614033, L=0.674192 | Network=0.644113
Defragmentation runs: 10000000, successful: 5318231, connections moved: 24432772
Plot saved → result/FirstFit_BDM_Eurocore-erlang-4000.0_2_20260913_161510.png
