Running simulation with defrag mode: before_arrival, algorithm: multiband_same_band
Network Name: National Science Foundations Network
Starting simulation...
+----------+----------+------------------+----------+-------------------+-------------------+-------------------+
|  progress|   arrives|          blocking|   time(s)|            Wald CI|            A-C. CI|          Wilson CI|
+----------+----------+------------------+----------+-------------------+-------------------+-------------------+
|    10.0 %|    100000|1.333200000000e-01|  00:19:26|            2.1e-03|            2.1e-03|            2.1e-03|
+----------+----------+------------------+----------+-------------------+-------------------+-------------------+
|    20.0 %|    200000|1.364650000000e-01|  00:39:35|            1.5e-03|            1.5e-03|            1.5e-03|
+----------+----------+------------------+----------+-------------------+-------------------+-------------------+
|    30.0 %|    300000|1.370133333333e-01|  00:59:30|            1.2e-03|            1.2e-03|            1.2e-03|
+----------+----------+------------------+----------+-------------------+-------------------+-------------------+
|    40.0 %|    400000|1.373450000000e-01|  01:19:42|            1.1e-03|            1.1e-03|            1.1e-03|
+----------+----------+------------------+----------+-------------------+-------------------+-------------------+
|    50.0 %|    500000|1.376440000000e-01|  01:39:58|            9.5e-04|            9.5e-04|            9.5e-04|
+----------+----------+------------------+----------+-------------------+-------------------+-------------------+
|    60.0 %|    600000|1.373650000000e-01|  01:59:55|            8.7e-04|            8.7e-04|            8.7e-04|
+----------+----------+------------------+----------+-------------------+-------------------+-------------------+
|    70.0 %|    700000|1.373485714286e-01|  02:19:59|            8.1e-04|            8.1e-04|            8.1e-04|
+----------+----------+------------------+----------+-------------------+-------------------+-------------------+
|    80.0 %|    800000|1.371812500000e-01|  02:40:02|            7.5e-04|            7.5e-04|            7.5e-04|
+----------+----------+------------------+----------+-------------------+-------------------+-------------------+
|    90.0 %|    900000|1.372755555556e-01|  03:00:10|            7.1e-04|            7.1e-04|            7.1e-04|
+----------+----------+------------------+----------+-------------------+-------------------+-------------------+
|   100.0 %|   1000000|1.375150000000e-01|  03:20:16|            6.7e-04|            6.7e-04|            6.7e-04|
+----------+----------+------------------+----------+-------------------+-------------------+-------------------+
Simulation completed. Releases processed: 859109, Total simulated time: 249.60
Fragmentation ratio: C=0.745658, L=0.779473 | Network=0.762566
Defragmentation runs: 1000000, successful: 353475, connections moved: 1402850
Plot saved → result/FirstFit_NSFNet-erlang-4000.0_2_20260914_185357.png
