Running simulation with defrag mode: before_arrival, algorithm: multiband_same_band
Network Name: BDM_Eurocore
Starting simulation...
+----------+----------+------------------+----------+-------------------+-------------------+-------------------+
|  progress|   arrives|          blocking|   time(s)|            Wald CI|            A-C. CI|          Wilson CI|
+----------+----------+------------------+----------+-------------------+-------------------+-------------------+
|    10.0 %|   1000000|1.679600000000e-02|  02:52:28|            2.5e-04|            2.5e-04|            2.5e-04|
+----------+----------+------------------+----------+-------------------+-------------------+-------------------+
|    20.0 %|   2000000|1.673450000000e-02|  05:46:15|            1.8e-04|            1.8e-04|            1.8e-04|
+----------+----------+------------------+----------+-------------------+-------------------+-------------------+
|    30.0 %|   3000000|1.660633333333e-02|  08:40:12|            1.4e-04|            1.4e-04|            1.4e-04|
+----------+----------+------------------+----------+-------------------+-------------------+-------------------+
|    40.0 %|   4000000|1.659750000000e-02|  11:34:05|            1.3e-04|            1.3e-04|            1.3e-04|
+----------+----------+------------------+----------+-------------------+-------------------+-------------------+
|    50.0 %|   5000000|1.669140000000e-02|  14:27:37|            1.1e-04|            1.1e-04|            1.1e-04|
+----------+----------+------------------+----------+-------------------+-------------------+-------------------+
|    60.0 %|   6000000|1.666450000000e-02|  17:20:43|            1.0e-04|            1.0e-04|            1.0e-04|
+----------+----------+------------------+----------+-------------------+-------------------+-------------------+
|    70.0 %|   7000000|1.668342857143e-02|  20:14:43|            9.5e-05|            9.5e-05|            9.5e-05|
+----------+----------+------------------+----------+-------------------+-------------------+-------------------+
|    80.0 %|   8000000|1.673187500000e-02|  23:08:31|            8.9e-05|            8.9e-05|            8.9e-05|
+----------+----------+------------------+----------+-------------------+-------------------+-------------------+
|    90.0 %|   9000000|1.672744444444e-02|  26:01:53|            8.4e-05|            8.4e-05|            8.4e-05|
+----------+----------+------------------+----------+-------------------+-------------------+-------------------+
|   100.0 %|  10000000|1.672470000000e-02|  28:55:37|            7.9e-05|            7.9e-05|            7.9e-05|
+----------+----------+------------------+----------+-------------------+-------------------+-------------------+
Simulation completed. Releases processed: 9828729, Total simulated time: 2500.22
Fragmentation ratio: C=0.606855, L=0.685891 | Network=0.646373
Defragmentation runs: 10000000, successful: 3732347, connections moved: 15349392
Plot saved → result/FirstFit_BDM_Eurocore-erlang-4000.0_2_20260913_025557.png
