Network Name: TOP_46_HIBERNIAUK
Starting simulation with lambda=1500, mu=1...
+----------+----------+------------------+----------+-------------------+-------------------+-------------------+
|  progress|   arrives|          blocking|   time(s)|            Wald CI|            A-C. CI|          Wilson CI|
+----------+----------+------------------+----------+-------------------+-------------------+-------------------+
|    10.0 %|    100000|7.713000000000e-02|  00:14:57|            1.7e-03|            1.7e-03|            1.7e-03|
+----------+----------+------------------+----------+-------------------+-------------------+-------------------+
|    20.0 %|    200000|7.656000000000e-02|  00:30:07|            1.2e-03|            1.2e-03|            1.2e-03|
+----------+----------+------------------+----------+-------------------+-------------------+-------------------+
|    30.0 %|    300000|7.627666666667e-02|  00:45:20|            9.5e-04|            9.5e-04|            9.5e-04|
+----------+----------+------------------+----------+-------------------+-------------------+-------------------+
|    40.0 %|    400000|7.661000000000e-02|  01:00:26|            8.2e-04|            8.2e-04|            8.2e-04|
+----------+----------+------------------+----------+-------------------+-------------------+-------------------+
|    50.0 %|    500000|7.677600000000e-02|  01:15:29|            7.4e-04|            7.4e-04|            7.4e-04|
+----------+----------+------------------+----------+-------------------+-------------------+-------------------+
|    60.0 %|    600000|7.646833333333e-02|  01:30:51|            6.7e-04|            6.7e-04|            6.7e-04|
+----------+----------+------------------+----------+-------------------+-------------------+-------------------+
|    70.0 %|    700000|7.648285714286e-02|  01:45:37|            6.2e-04|            6.2e-04|            6.2e-04|
+----------+----------+------------------+----------+-------------------+-------------------+-------------------+
|    80.0 %|    800000|7.661375000000e-02|  02:00:24|            5.8e-04|            5.8e-04|            5.8e-04|
+----------+----------+------------------+----------+-------------------+-------------------+-------------------+
|    90.0 %|    900000|7.636888888889e-02|  02:14:16|            5.5e-04|            5.5e-04|            5.5e-04|
+----------+----------+------------------+----------+-------------------+-------------------+-------------------+
|   100.0 %|   1000000|7.648000000000e-02|  02:27:15|            5.2e-04|            5.2e-04|            5.2e-04|
+----------+----------+------------------+----------+-------------------+-------------------+-------------------+
Simulation completed. Releases processed: 922128, Total simulated time: 665.61
Fragmentation ratio (mean over simulation): C=0.768876, L=0.789475 | Network=0.779176
Defragmentation runs: 1000000, successful: 508266, connections moved: 1944359
Plot saved → result/FirstFit_HIBERNIAUK-erlang-1500.0_2_20260925_170818.png
Plot saved → result/Fragmentation_HIBERNIAUK-erlang-1500.0_2_20260925_170818.png
