Network Name: TOP_96_SAGO
Starting simulation with lambda=1500, mu=1...
+----------+----------+------------------+----------+-------------------+-------------------+-------------------+
|  progress|   arrives|          blocking|   time(s)|            Wald CI|            A-C. CI|          Wilson CI|
+----------+----------+------------------+----------+-------------------+-------------------+-------------------+
|    10.0 %|    100000|1.579400000000e-01|  00:17:02|            2.3e-03|            2.3e-03|            2.3e-03|
+----------+----------+------------------+----------+-------------------+-------------------+-------------------+
|    20.0 %|    200000|1.570200000000e-01|  00:34:19|            1.6e-03|            1.6e-03|            1.6e-03|
+----------+----------+------------------+----------+-------------------+-------------------+-------------------+
|    30.0 %|    300000|1.569500000000e-01|  00:51:38|            1.3e-03|            1.3e-03|            1.3e-03|
+----------+----------+------------------+----------+-------------------+-------------------+-------------------+
|    40.0 %|    400000|1.569675000000e-01|  01:09:03|            1.1e-03|            1.1e-03|            1.1e-03|
+----------+----------+------------------+----------+-------------------+-------------------+-------------------+
|    50.0 %|    500000|1.573500000000e-01|  01:26:29|            1.0e-03|            1.0e-03|            1.0e-03|
+----------+----------+------------------+----------+-------------------+-------------------+-------------------+
|    60.0 %|    600000|1.570566666667e-01|  01:43:35|            9.2e-04|            9.2e-04|            9.2e-04|
+----------+----------+------------------+----------+-------------------+-------------------+-------------------+
|    70.0 %|    700000|1.567814285714e-01|  02:00:18|            8.5e-04|            8.5e-04|            8.5e-04|
+----------+----------+------------------+----------+-------------------+-------------------+-------------------+
|    80.0 %|    800000|1.569400000000e-01|  02:16:03|            8.0e-04|            8.0e-04|            8.0e-04|
+----------+----------+------------------+----------+-------------------+-------------------+-------------------+
|    90.0 %|    900000|1.569388888889e-01|  02:30:53|            7.5e-04|            7.5e-04|            7.5e-04|
+----------+----------+------------------+----------+-------------------+-------------------+-------------------+
|   100.0 %|   1000000|1.568840000000e-01|  02:45:35|            7.1e-04|            7.1e-04|            7.1e-04|
+----------+----------+------------------+----------+-------------------+-------------------+-------------------+
Simulation completed. Releases processed: 841827, Total simulated time: 665.61
Fragmentation ratio (mean over simulation): C=0.809522, L=0.771044 | Network=0.790283
Defragmentation runs: 1000000, successful: 334043, connections moved: 1212300
Plot saved → result/FirstFit_SAGO-erlang-1500.0_2_20260925_172713.png
Plot saved → result/Fragmentation_SAGO-erlang-1500.0_2_20260925_172714.png
