Network Name: TOP_10_BREN
Starting simulation with lambda=1500, mu=1...
+----------+----------+------------------+----------+-------------------+-------------------+-------------------+
|  progress|   arrives|          blocking|   time(s)|            Wald CI|            A-C. CI|          Wilson CI|
+----------+----------+------------------+----------+-------------------+-------------------+-------------------+
|    10.0 %|    100000|4.819000000000e-02|  00:09:22|            1.3e-03|            1.3e-03|            1.3e-03|
+----------+----------+------------------+----------+-------------------+-------------------+-------------------+
|    20.0 %|    200000|4.858000000000e-02|  00:19:06|            9.4e-04|            9.4e-04|            9.4e-04|
+----------+----------+------------------+----------+-------------------+-------------------+-------------------+
|    30.0 %|    300000|4.874666666667e-02|  00:28:40|            7.7e-04|            7.7e-04|            7.7e-04|
+----------+----------+------------------+----------+-------------------+-------------------+-------------------+
|    40.0 %|    400000|4.871750000000e-02|  00:38:11|            6.7e-04|            6.7e-04|            6.7e-04|
+----------+----------+------------------+----------+-------------------+-------------------+-------------------+
|    50.0 %|    500000|4.845800000000e-02|  00:47:53|            6.0e-04|            6.0e-04|            6.0e-04|
+----------+----------+------------------+----------+-------------------+-------------------+-------------------+
|    60.0 %|    600000|4.831500000000e-02|  00:57:31|            5.4e-04|            5.4e-04|            5.4e-04|
+----------+----------+------------------+----------+-------------------+-------------------+-------------------+
|    70.0 %|    700000|4.835857142857e-02|  01:07:07|            5.0e-04|            5.0e-04|            5.0e-04|
+----------+----------+------------------+----------+-------------------+-------------------+-------------------+
|    80.0 %|    800000|4.840125000000e-02|  01:16:44|            4.7e-04|            4.7e-04|            4.7e-04|
+----------+----------+------------------+----------+-------------------+-------------------+-------------------+
|    90.0 %|    900000|4.821777777778e-02|  01:26:18|            4.4e-04|            4.4e-04|            4.4e-04|
+----------+----------+------------------+----------+-------------------+-------------------+-------------------+
|   100.0 %|   1000000|4.832900000000e-02|  01:36:06|            4.2e-04|            4.2e-04|            4.2e-04|
+----------+----------+------------------+----------+-------------------+-------------------+-------------------+
Simulation completed. Releases processed: 950248, Total simulated time: 665.61
Fragmentation ratio (mean over simulation): C=0.761910, L=0.771278 | Network=0.766594
Defragmentation runs: 1000000, successful: 348447, connections moved: 1160483
Plot saved → result/FirstFit_BREN-erlang-1500.0_2_20260925_161644.png
Plot saved → result/Fragmentation_BREN-erlang-1500.0_2_20260925_161644.png
