Network Name: TOP_103_UNIC
Starting simulation with lambda=1500, mu=1...
+----------+----------+------------------+----------+-------------------+-------------------+-------------------+
|  progress|   arrives|          blocking|   time(s)|            Wald CI|            A-C. CI|          Wilson CI|
+----------+----------+------------------+----------+-------------------+-------------------+-------------------+
|    10.0 %|    100000|1.114500000000e-01|  00:00:01|            2.0e-03|            2.0e-03|            2.0e-03|
+----------+----------+------------------+----------+-------------------+-------------------+-------------------+
|    20.0 %|    200000|1.114100000000e-01|  00:00:02|            1.4e-03|            1.4e-03|            1.4e-03|
+----------+----------+------------------+----------+-------------------+-------------------+-------------------+
|    30.0 %|    300000|1.104700000000e-01|  00:00:03|            1.1e-03|            1.1e-03|            1.1e-03|
+----------+----------+------------------+----------+-------------------+-------------------+-------------------+
|    40.0 %|    400000|1.108275000000e-01|  00:00:05|            9.7e-04|            9.7e-04|            9.7e-04|
+----------+----------+------------------+----------+-------------------+-------------------+-------------------+
|    50.0 %|    500000|1.103560000000e-01|  00:00:06|            8.7e-04|            8.7e-04|            8.7e-04|
+----------+----------+------------------+----------+-------------------+-------------------+-------------------+
|    60.0 %|    600000|1.103350000000e-01|  00:00:07|            7.9e-04|            7.9e-04|            7.9e-04|
+----------+----------+------------------+----------+-------------------+-------------------+-------------------+
|    70.0 %|    700000|1.102585714286e-01|  00:00:08|            7.3e-04|            7.3e-04|            7.3e-04|
+----------+----------+------------------+----------+-------------------+-------------------+-------------------+
|    80.0 %|    800000|1.102775000000e-01|  00:00:10|            6.9e-04|            6.9e-04|            6.9e-04|
+----------+----------+------------------+----------+-------------------+-------------------+-------------------+
|    90.0 %|    900000|1.101711111111e-01|  00:00:11|            6.5e-04|            6.5e-04|            6.5e-04|
+----------+----------+------------------+----------+-------------------+-------------------+-------------------+
|   100.0 %|   1000000|1.102500000000e-01|  00:00:12|            6.1e-04|            6.1e-04|            6.1e-04|
+----------+----------+------------------+----------+-------------------+-------------------+-------------------+
Simulation completed. Releases processed: 888450, Total simulated time: 665.61
Fragmentation ratio (mean over simulation): C=0.871699, L=0.806927 | Network=0.839313
Plot saved → result/FirstFit_UNIC-erlang-1500.0_2_20260925_144210.png
Plot saved → result/Fragmentation_UNIC-erlang-1500.0_2_20260925_144210.png
