Running sweep with defrag mode: none, algorithm: first_fit, lambda range: [100, 3000], step: 100, mu: 1
Network Name: TOP_24_CWIX
Starting simulation with lambda=100, mu=1...
+----------+----------+------------------+----------+-------------------+-------------------+-------------------+
|  progress|   arrives|          blocking|   time(s)|            Wald CI|            A-C. CI|          Wilson CI|
+----------+----------+------------------+----------+-------------------+-------------------+-------------------+
|    10.0 %|   1000000|0.000000000000e+00|  00:00:10|            0.0e+00|            2.8e-06|            1.9e-06|
+----------+----------+------------------+----------+-------------------+-------------------+-------------------+
|    20.0 %|   2000000|0.000000000000e+00|  00:00:20|            0.0e+00|            1.4e-06|            9.6e-07|
+----------+----------+------------------+----------+-------------------+-------------------+-------------------+
|    30.0 %|   3000000|0.000000000000e+00|  00:00:30|            0.0e+00|            9.2e-07|            6.4e-07|
+----------+----------+------------------+----------+-------------------+-------------------+-------------------+
|    40.0 %|   4000000|0.000000000000e+00|  00:00:40|            0.0e+00|            6.9e-07|            4.8e-07|
+----------+----------+------------------+----------+-------------------+-------------------+-------------------+
|    50.0 %|   5000000|0.000000000000e+00|  00:00:50|            0.0e+00|            5.5e-07|            3.8e-07|
+----------+----------+------------------+----------+-------------------+-------------------+-------------------+
|    60.0 %|   6000000|0.000000000000e+00|  00:01:00|            0.0e+00|            4.6e-07|            3.2e-07|
+----------+----------+------------------+----------+-------------------+-------------------+-------------------+
|    70.0 %|   7000000|0.000000000000e+00|  00:01:10|            0.0e+00|            4.0e-07|            2.7e-07|
+----------+----------+------------------+----------+-------------------+-------------------+-------------------+
|    80.0 %|   8000000|0.000000000000e+00|  00:01:20|            0.0e+00|            3.5e-07|            2.4e-07|
+----------+----------+------------------+----------+-------------------+-------------------+-------------------+
|    90.0 %|   9000000|0.000000000000e+00|  00:01:30|            0.0e+00|            3.1e-07|            2.1e-07|
+----------+----------+------------------+----------+-------------------+-------------------+-------------------+
|   100.0 %|  10000000|0.000000000000e+00|  00:01:40|            0.0e+00|            2.8e-07|            1.9e-07|
+----------+----------+------------------+----------+-------------------+-------------------+-------------------+
Simulation completed. Releases processed: 9999887, Total simulated time: 99965.41
Fragmentation ratio (mean over simulation): C=0.422353, L=0.000000 | Network=0.211177
Network Name: TOP_24_CWIX
Starting simulation with lambda=200, mu=1...
+----------+----------+------------------+----------+-------------------+-------------------+-------------------+
|  progress|   arrives|          blocking|   time(s)|            Wald CI|            A-C. CI|          Wilson CI|
+----------+----------+------------------+----------+-------------------+-------------------+-------------------+
|    10.0 %|   1000000|0.000000000000e+00|  00:00:11|            0.0e+00|            2.8e-06|            1.9e-06|
+----------+----------+------------------+----------+-------------------+-------------------+-------------------+
|    20.0 %|   2000000|0.000000000000e+00|  00:00:21|            0.0e+00|            1.4e-06|            9.6e-07|
+----------+----------+------------------+----------+-------------------+-------------------+-------------------+
|    30.0 %|   3000000|0.000000000000e+00|  00:00:32|            0.0e+00|            9.2e-07|            6.4e-07|
+----------+----------+------------------+----------+-------------------+-------------------+-------------------+
|    40.0 %|   4000000|0.000000000000e+00|  00:00:43|            0.0e+00|            6.9e-07|            4.8e-07|
+----------+----------+------------------+----------+-------------------+-------------------+-------------------+
|    50.0 %|   5000000|0.000000000000e+00|  00:00:54|            0.0e+00|            5.5e-07|            3.8e-07|
+----------+----------+------------------+----------+-------------------+-------------------+-------------------+
|    60.0 %|   6000000|0.000000000000e+00|  00:01:04|            0.0e+00|            4.6e-07|            3.2e-07|
+----------+----------+------------------+----------+-------------------+-------------------+-------------------+
|    70.0 %|   7000000|0.000000000000e+00|  00:01:15|            0.0e+00|            4.0e-07|            2.7e-07|
+----------+----------+------------------+----------+-------------------+-------------------+-------------------+
|    80.0 %|   8000000|0.000000000000e+00|  00:01:26|            0.0e+00|            3.5e-07|            2.4e-07|
+----------+----------+------------------+----------+-------------------+-------------------+-------------------+
|    90.0 %|   9000000|0.000000000000e+00|  00:01:37|            0.0e+00|            3.1e-07|            2.1e-07|
+----------+----------+------------------+----------+-------------------+-------------------+-------------------+
|   100.0 %|  10000000|0.000000000000e+00|  00:01:48|            0.0e+00|            2.8e-07|            1.9e-07|
+----------+----------+------------------+----------+-------------------+-------------------+-------------------+
Simulation completed. Releases processed: 9999776, Total simulated time: 49983.61
Fragmentation ratio (mean over simulation): C=0.575653, L=0.000000 | Network=0.287827
Network Name: TOP_24_CWIX
Starting simulation with lambda=300, mu=1...
+----------+----------+------------------+----------+-------------------+-------------------+-------------------+
|  progress|   arrives|          blocking|   time(s)|            Wald CI|            A-C. CI|          Wilson CI|
+----------+----------+------------------+----------+-------------------+-------------------+-------------------+
|    10.0 %|   1000000|0.000000000000e+00|  00:00:11|            0.0e+00|            2.8e-06|            1.9e-06|
+----------+----------+------------------+----------+-------------------+-------------------+-------------------+
|    20.0 %|   2000000|0.000000000000e+00|  00:00:22|            0.0e+00|            1.4e-06|            9.6e-07|
+----------+----------+------------------+----------+-------------------+-------------------+-------------------+
|    30.0 %|   3000000|0.000000000000e+00|  00:00:34|            0.0e+00|            9.2e-07|            6.4e-07|
+----------+----------+------------------+----------+-------------------+-------------------+-------------------+
|    40.0 %|   4000000|0.000000000000e+00|  00:00:46|            0.0e+00|            6.9e-07|            4.8e-07|
+----------+----------+------------------+----------+-------------------+-------------------+-------------------+
|    50.0 %|   5000000|0.000000000000e+00|  00:00:58|            0.0e+00|            5.5e-07|            3.8e-07|
+----------+----------+------------------+----------+-------------------+-------------------+-------------------+
|    60.0 %|   6000000|0.000000000000e+00|  00:01:09|            0.0e+00|            4.6e-07|            3.2e-07|
+----------+----------+------------------+----------+-------------------+-------------------+-------------------+
|    70.0 %|   7000000|0.000000000000e+00|  00:01:20|            0.0e+00|            4.0e-07|            2.7e-07|
+----------+----------+------------------+----------+-------------------+-------------------+-------------------+
|    80.0 %|   8000000|0.000000000000e+00|  00:01:32|            0.0e+00|            3.5e-07|            2.4e-07|
+----------+----------+------------------+----------+-------------------+-------------------+-------------------+
|    90.0 %|   9000000|0.000000000000e+00|  00:01:43|            0.0e+00|            3.1e-07|            2.1e-07|
+----------+----------+------------------+----------+-------------------+-------------------+-------------------+
|   100.0 %|  10000000|0.000000000000e+00|  00:01:55|            0.0e+00|            2.8e-07|            1.9e-07|
+----------+----------+------------------+----------+-------------------+-------------------+-------------------+
Simulation completed. Releases processed: 9999662, Total simulated time: 33335.42
Fragmentation ratio (mean over simulation): C=0.660186, L=0.030171 | Network=0.345179
Network Name: TOP_24_CWIX
Starting simulation with lambda=400, mu=1...
+----------+----------+------------------+----------+-------------------+-------------------+-------------------+
|  progress|   arrives|          blocking|   time(s)|            Wald CI|            A-C. CI|          Wilson CI|
+----------+----------+------------------+----------+-------------------+-------------------+-------------------+
|    10.0 %|   1000000|0.000000000000e+00|  00:00:12|            0.0e+00|            2.8e-06|            1.9e-06|
+----------+----------+------------------+----------+-------------------+-------------------+-------------------+
|    20.0 %|   2000000|0.000000000000e+00|  00:00:24|            0.0e+00|            1.4e-06|            9.6e-07|
+----------+----------+------------------+----------+-------------------+-------------------+-------------------+
|    30.0 %|   3000000|0.000000000000e+00|  00:00:36|            0.0e+00|            9.2e-07|            6.4e-07|
+----------+----------+------------------+----------+-------------------+-------------------+-------------------+
|    40.0 %|   4000000|0.000000000000e+00|  00:00:48|            0.0e+00|            6.9e-07|            4.8e-07|
+----------+----------+------------------+----------+-------------------+-------------------+-------------------+
|    50.0 %|   5000000|0.000000000000e+00|  00:01:01|            0.0e+00|            5.5e-07|            3.8e-07|
+----------+----------+------------------+----------+-------------------+-------------------+-------------------+
|    60.0 %|   6000000|0.000000000000e+00|  00:01:13|            0.0e+00|            4.6e-07|            3.2e-07|
+----------+----------+------------------+----------+-------------------+-------------------+-------------------+
|    70.0 %|   7000000|0.000000000000e+00|  00:01:25|            0.0e+00|            4.0e-07|            2.7e-07|
+----------+----------+------------------+----------+-------------------+-------------------+-------------------+
|    80.0 %|   8000000|0.000000000000e+00|  00:01:37|            0.0e+00|            3.5e-07|            2.4e-07|
+----------+----------+------------------+----------+-------------------+-------------------+-------------------+
|    90.0 %|   9000000|0.000000000000e+00|  00:01:50|            0.0e+00|            3.1e-07|            2.1e-07|
+----------+----------+------------------+----------+-------------------+-------------------+-------------------+
|   100.0 %|  10000000|0.000000000000e+00|  00:02:02|            0.0e+00|            2.8e-07|            1.9e-07|
+----------+----------+------------------+----------+-------------------+-------------------+-------------------+
Simulation completed. Releases processed: 9999592, Total simulated time: 25001.04
Fragmentation ratio (mean over simulation): C=0.702810, L=0.161958 | Network=0.432384
Network Name: TOP_24_CWIX
Starting simulation with lambda=500, mu=1...
+----------+----------+------------------+----------+-------------------+-------------------+-------------------+
|  progress|   arrives|          blocking|   time(s)|            Wald CI|            A-C. CI|          Wilson CI|
+----------+----------+------------------+----------+-------------------+-------------------+-------------------+
|    10.0 %|   1000000|0.000000000000e+00|  00:00:13|            0.0e+00|            2.8e-06|            1.9e-06|
+----------+----------+------------------+----------+-------------------+-------------------+-------------------+
|    20.0 %|   2000000|0.000000000000e+00|  00:00:25|            0.0e+00|            1.4e-06|            9.6e-07|
+----------+----------+------------------+----------+-------------------+-------------------+-------------------+
|    30.0 %|   3000000|0.000000000000e+00|  00:00:38|            0.0e+00|            9.2e-07|            6.4e-07|
+----------+----------+------------------+----------+-------------------+-------------------+-------------------+
|    40.0 %|   4000000|4.999999999589e-07|  00:00:51|            6.9e-07|            9.8e-07|            8.4e-07|
+----------+----------+------------------+----------+-------------------+-------------------+-------------------+
|    50.0 %|   5000000|4.000000000115e-07|  00:01:04|            5.5e-07|            7.8e-07|            6.7e-07|
+----------+----------+------------------+----------+-------------------+-------------------+-------------------+
|    60.0 %|   6000000|3.333333333799e-07|  00:01:17|            4.6e-07|            6.5e-07|            5.6e-07|
+----------+----------+------------------+----------+-------------------+-------------------+-------------------+
|    70.0 %|   7000000|2.857142856749e-07|  00:01:29|            4.0e-07|            5.6e-07|            4.8e-07|
+----------+----------+------------------+----------+-------------------+-------------------+-------------------+
|    80.0 %|   8000000|2.500000000349e-07|  00:01:42|            3.5e-07|            4.9e-07|            4.2e-07|
+----------+----------+------------------+----------+-------------------+-------------------+-------------------+
|    90.0 %|   9000000|2.222222221793e-07|  00:01:55|            3.1e-07|            4.4e-07|            3.7e-07|
+----------+----------+------------------+----------+-------------------+-------------------+-------------------+
|   100.0 %|  10000000|2.000000000058e-07|  00:02:08|            2.8e-07|            3.9e-07|            3.4e-07|
+----------+----------+------------------+----------+-------------------+-------------------+-------------------+
Simulation completed. Releases processed: 9999483, Total simulated time: 19997.24
Fragmentation ratio (mean over simulation): C=0.737058, L=0.290188 | Network=0.513623
Network Name: TOP_24_CWIX
Starting simulation with lambda=600, mu=1...
+----------+----------+------------------+----------+-------------------+-------------------+-------------------+
|  progress|   arrives|          blocking|   time(s)|            Wald CI|            A-C. CI|          Wilson CI|
+----------+----------+------------------+----------+-------------------+-------------------+-------------------+
|    10.0 %|   1000000|3.799999999998e-05|  00:00:13|            1.2e-05|            1.2e-05|            1.2e-05|
+----------+----------+------------------+----------+-------------------+-------------------+-------------------+
|    20.0 %|   2000000|4.550000000003e-05|  00:00:26|            9.3e-06|            9.5e-06|            9.4e-06|
+----------+----------+------------------+----------+-------------------+-------------------+-------------------+
|    30.0 %|   3000000|4.966666666661e-05|  00:00:40|            8.0e-06|            8.0e-06|            8.0e-06|
+----------+----------+------------------+----------+-------------------+-------------------+-------------------+
|    40.0 %|   4000000|4.925000000000e-05|  00:00:53|            6.9e-06|            6.9e-06|            6.9e-06|
+----------+----------+------------------+----------+-------------------+-------------------+-------------------+
|    50.0 %|   5000000|4.999999999999e-05|  00:01:06|            6.2e-06|            6.2e-06|            6.2e-06|
+----------+----------+------------------+----------+-------------------+-------------------+-------------------+
|    60.0 %|   6000000|4.933333333335e-05|  00:01:20|            5.6e-06|            5.6e-06|            5.6e-06|
+----------+----------+------------------+----------+-------------------+-------------------+-------------------+
|    70.0 %|   7000000|4.885714285718e-05|  00:01:33|            5.2e-06|            5.2e-06|            5.2e-06|
+----------+----------+------------------+----------+-------------------+-------------------+-------------------+
|    80.0 %|   8000000|5.025000000003e-05|  00:01:46|            4.9e-06|            4.9e-06|            4.9e-06|
+----------+----------+------------------+----------+-------------------+-------------------+-------------------+
|    90.0 %|   9000000|5.033333333337e-05|  00:02:00|            4.6e-06|            4.6e-06|            4.6e-06|
+----------+----------+------------------+----------+-------------------+-------------------+-------------------+
|   100.0 %|  10000000|5.080000000002e-05|  00:02:13|            4.4e-06|            4.4e-06|            4.4e-06|
+----------+----------+------------------+----------+-------------------+-------------------+-------------------+
Simulation completed. Releases processed: 9998891, Total simulated time: 16659.29
Fragmentation ratio (mean over simulation): C=0.744603, L=0.455540 | Network=0.600072
Network Name: TOP_24_CWIX
Starting simulation with lambda=700, mu=1...
+----------+----------+------------------+----------+-------------------+-------------------+-------------------+
|  progress|   arrives|          blocking|   time(s)|            Wald CI|            A-C. CI|          Wilson CI|
+----------+----------+------------------+----------+-------------------+-------------------+-------------------+
|    10.0 %|   1000000|6.990000000000e-04|  00:00:13|            5.2e-05|            5.2e-05|            5.2e-05|
+----------+----------+------------------+----------+-------------------+-------------------+-------------------+
|    20.0 %|   2000000|7.880000000000e-04|  00:00:27|            3.9e-05|            3.9e-05|            3.9e-05|
+----------+----------+------------------+----------+-------------------+-------------------+-------------------+
|    30.0 %|   3000000|7.690000000000e-04|  00:00:41|            3.1e-05|            3.1e-05|            3.1e-05|
+----------+----------+------------------+----------+-------------------+-------------------+-------------------+
|    40.0 %|   4000000|7.632500000000e-04|  00:00:55|            2.7e-05|            2.7e-05|            2.7e-05|
+----------+----------+------------------+----------+-------------------+-------------------+-------------------+
|    50.0 %|   5000000|7.616000000000e-04|  00:01:08|            2.4e-05|            2.4e-05|            2.4e-05|
+----------+----------+------------------+----------+-------------------+-------------------+-------------------+
|    60.0 %|   6000000|7.716666666666e-04|  00:01:22|            2.2e-05|            2.2e-05|            2.2e-05|
+----------+----------+------------------+----------+-------------------+-------------------+-------------------+
|    70.0 %|   7000000|7.777142857143e-04|  00:01:36|            2.1e-05|            2.1e-05|            2.1e-05|
+----------+----------+------------------+----------+-------------------+-------------------+-------------------+
|    80.0 %|   8000000|7.876250000000e-04|  00:01:50|            1.9e-05|            1.9e-05|            1.9e-05|
+----------+----------+------------------+----------+-------------------+-------------------+-------------------+
|    90.0 %|   9000000|7.822222222222e-04|  00:02:04|            1.8e-05|            1.8e-05|            1.8e-05|
+----------+----------+------------------+----------+-------------------+-------------------+-------------------+
|   100.0 %|  10000000|7.749000000000e-04|  00:02:18|            1.7e-05|            1.7e-05|            1.7e-05|
+----------+----------+------------------+----------+-------------------+-------------------+-------------------+
Simulation completed. Releases processed: 9991533, Total simulated time: 14289.82
Fragmentation ratio (mean over simulation): C=0.765049, L=0.497339 | Network=0.631194
Network Name: TOP_24_CWIX
Starting simulation with lambda=800, mu=1...
+----------+----------+------------------+----------+-------------------+-------------------+-------------------+
|  progress|   arrives|          blocking|   time(s)|            Wald CI|            A-C. CI|          Wilson CI|
+----------+----------+------------------+----------+-------------------+-------------------+-------------------+
|    10.0 %|   1000000|3.619000000000e-03|  00:00:14|            1.2e-04|            1.2e-04|            1.2e-04|
+----------+----------+------------------+----------+-------------------+-------------------+-------------------+
|    20.0 %|   2000000|3.680000000000e-03|  00:00:28|            8.4e-05|            8.4e-05|            8.4e-05|
+----------+----------+------------------+----------+-------------------+-------------------+-------------------+
|    30.0 %|   3000000|3.656333333333e-03|  00:00:43|            6.8e-05|            6.8e-05|            6.8e-05|
+----------+----------+------------------+----------+-------------------+-------------------+-------------------+
|    40.0 %|   4000000|3.634750000000e-03|  00:00:57|            5.9e-05|            5.9e-05|            5.9e-05|
+----------+----------+------------------+----------+-------------------+-------------------+-------------------+
|    50.0 %|   5000000|3.657200000000e-03|  00:01:12|            5.3e-05|            5.3e-05|            5.3e-05|
+----------+----------+------------------+----------+-------------------+-------------------+-------------------+
|    60.0 %|   6000000|3.676833333333e-03|  00:01:26|            4.8e-05|            4.8e-05|            4.8e-05|
+----------+----------+------------------+----------+-------------------+-------------------+-------------------+
|    70.0 %|   7000000|3.679714285714e-03|  00:01:40|            4.5e-05|            4.5e-05|            4.5e-05|
+----------+----------+------------------+----------+-------------------+-------------------+-------------------+
|    80.0 %|   8000000|3.681750000000e-03|  00:01:55|            4.2e-05|            4.2e-05|            4.2e-05|
+----------+----------+------------------+----------+-------------------+-------------------+-------------------+
|    90.0 %|   9000000|3.694666666667e-03|  00:02:09|            4.0e-05|            4.0e-05|            4.0e-05|
+----------+----------+------------------+----------+-------------------+-------------------+-------------------+
|   100.0 %|  10000000|3.684700000000e-03|  00:02:23|            3.8e-05|            3.8e-05|            3.8e-05|
+----------+----------+------------------+----------+-------------------+-------------------+-------------------+
Simulation completed. Releases processed: 9962366, Total simulated time: 12498.24
Fragmentation ratio (mean over simulation): C=0.777017, L=0.604856 | Network=0.690936
Network Name: TOP_24_CWIX
Starting simulation with lambda=900, mu=1...
+----------+----------+------------------+----------+-------------------+-------------------+-------------------+
|  progress|   arrives|          blocking|   time(s)|            Wald CI|            A-C. CI|          Wilson CI|
+----------+----------+------------------+----------+-------------------+-------------------+-------------------+
|    10.0 %|   1000000|9.388000000000e-03|  00:00:15|            1.9e-04|            1.9e-04|            1.9e-04|
+----------+----------+------------------+----------+-------------------+-------------------+-------------------+
|    20.0 %|   2000000|9.258000000000e-03|  00:00:29|            1.3e-04|            1.3e-04|            1.3e-04|
+----------+----------+------------------+----------+-------------------+-------------------+-------------------+
|    30.0 %|   3000000|9.267000000000e-03|  00:00:44|            1.1e-04|            1.1e-04|            1.1e-04|
+----------+----------+------------------+----------+-------------------+-------------------+-------------------+
|    40.0 %|   4000000|9.231500000000e-03|  00:00:59|            9.4e-05|            9.4e-05|            9.4e-05|
+----------+----------+------------------+----------+-------------------+-------------------+-------------------+
|    50.0 %|   5000000|9.279200000000e-03|  00:01:15|            8.4e-05|            8.4e-05|            8.4e-05|
+----------+----------+------------------+----------+-------------------+-------------------+-------------------+
|    60.0 %|   6000000|9.309666666667e-03|  00:01:30|            7.7e-05|            7.7e-05|            7.7e-05|
+----------+----------+------------------+----------+-------------------+-------------------+-------------------+
|    70.0 %|   7000000|9.290857142857e-03|  00:01:45|            7.1e-05|            7.1e-05|            7.1e-05|
+----------+----------+------------------+----------+-------------------+-------------------+-------------------+
|    80.0 %|   8000000|9.270750000000e-03|  00:02:00|            6.6e-05|            6.6e-05|            6.6e-05|
+----------+----------+------------------+----------+-------------------+-------------------+-------------------+
|    90.0 %|   9000000|9.276666666667e-03|  00:02:15|            6.3e-05|            6.3e-05|            6.3e-05|
+----------+----------+------------------+----------+-------------------+-------------------+-------------------+
|   100.0 %|  10000000|9.284700000000e-03|  00:02:30|            5.9e-05|            5.9e-05|            5.9e-05|
+----------+----------+------------------+----------+-------------------+-------------------+-------------------+
Simulation completed. Releases processed: 9906310, Total simulated time: 11106.43
Fragmentation ratio (mean over simulation): C=0.788854, L=0.652939 | Network=0.720897
Network Name: TOP_24_CWIX
Starting simulation with lambda=1000, mu=1...
+----------+----------+------------------+----------+-------------------+-------------------+-------------------+
|  progress|   arrives|          blocking|   time(s)|            Wald CI|            A-C. CI|          Wilson CI|
+----------+----------+------------------+----------+-------------------+-------------------+-------------------+
|    10.0 %|   1000000|1.714900000000e-02|  00:00:15|            2.5e-04|            2.5e-04|            2.5e-04|
+----------+----------+------------------+----------+-------------------+-------------------+-------------------+
|    20.0 %|   2000000|1.712300000000e-02|  00:00:31|            1.8e-04|            1.8e-04|            1.8e-04|
+----------+----------+------------------+----------+-------------------+-------------------+-------------------+
|    30.0 %|   3000000|1.712866666667e-02|  00:00:47|            1.5e-04|            1.5e-04|            1.5e-04|
+----------+----------+------------------+----------+-------------------+-------------------+-------------------+
|    40.0 %|   4000000|1.709025000000e-02|  00:01:02|            1.3e-04|            1.3e-04|            1.3e-04|
+----------+----------+------------------+----------+-------------------+-------------------+-------------------+
|    50.0 %|   5000000|1.695400000000e-02|  00:01:17|            1.1e-04|            1.1e-04|            1.1e-04|
+----------+----------+------------------+----------+-------------------+-------------------+-------------------+
|    60.0 %|   6000000|1.696466666667e-02|  00:01:33|            1.0e-04|            1.0e-04|            1.0e-04|
+----------+----------+------------------+----------+-------------------+-------------------+-------------------+
|    70.0 %|   7000000|1.693514285714e-02|  00:01:49|            9.6e-05|            9.6e-05|            9.6e-05|
+----------+----------+------------------+----------+-------------------+-------------------+-------------------+
|    80.0 %|   8000000|1.693362500000e-02|  00:02:04|            8.9e-05|            8.9e-05|            8.9e-05|
+----------+----------+------------------+----------+-------------------+-------------------+-------------------+
|    90.0 %|   9000000|1.693633333333e-02|  00:02:20|            8.4e-05|            8.4e-05|            8.4e-05|
+----------+----------+------------------+----------+-------------------+-------------------+-------------------+
|   100.0 %|  10000000|1.692910000000e-02|  00:02:36|            8.0e-05|            8.0e-05|            8.0e-05|
+----------+----------+------------------+----------+-------------------+-------------------+-------------------+
Simulation completed. Releases processed: 9829686, Total simulated time: 10003.71
Fragmentation ratio (mean over simulation): C=0.804672, L=0.698301 | Network=0.751486
Network Name: TOP_24_CWIX
Starting simulation with lambda=1100, mu=1...
+----------+----------+------------------+----------+-------------------+-------------------+-------------------+
|  progress|   arrives|          blocking|   time(s)|            Wald CI|            A-C. CI|          Wilson CI|
+----------+----------+------------------+----------+-------------------+-------------------+-------------------+
|    10.0 %|   1000000|2.579300000000e-02|  00:00:16|            3.1e-04|            3.1e-04|            3.1e-04|
+----------+----------+------------------+----------+-------------------+-------------------+-------------------+
|    20.0 %|   2000000|2.566700000000e-02|  00:00:32|            2.2e-04|            2.2e-04|            2.2e-04|
+----------+----------+------------------+----------+-------------------+-------------------+-------------------+
|    30.0 %|   3000000|2.575500000000e-02|  00:00:48|            1.8e-04|            1.8e-04|            1.8e-04|
+----------+----------+------------------+----------+-------------------+-------------------+-------------------+
|    40.0 %|   4000000|2.587825000000e-02|  00:01:04|            1.6e-04|            1.6e-04|            1.6e-04|
+----------+----------+------------------+----------+-------------------+-------------------+-------------------+
|    50.0 %|   5000000|2.604500000000e-02|  00:01:21|            1.4e-04|            1.4e-04|            1.4e-04|
+----------+----------+------------------+----------+-------------------+-------------------+-------------------+
|    60.0 %|   6000000|2.604416666667e-02|  00:01:37|            1.3e-04|            1.3e-04|            1.3e-04|
+----------+----------+------------------+----------+-------------------+-------------------+-------------------+
|    70.0 %|   7000000|2.599285714286e-02|  00:01:53|            1.2e-04|            1.2e-04|            1.2e-04|
+----------+----------+------------------+----------+-------------------+-------------------+-------------------+
|    80.0 %|   8000000|2.602687500000e-02|  00:02:09|            1.1e-04|            1.1e-04|            1.1e-04|
+----------+----------+------------------+----------+-------------------+-------------------+-------------------+
|    90.0 %|   9000000|2.604433333333e-02|  00:02:25|            1.0e-04|            1.0e-04|            1.0e-04|
+----------+----------+------------------+----------+-------------------+-------------------+-------------------+
|   100.0 %|  10000000|2.603270000000e-02|  00:02:41|            9.9e-05|            9.9e-05|            9.9e-05|
+----------+----------+------------------+----------+-------------------+-------------------+-------------------+
Simulation completed. Releases processed: 9738587, Total simulated time: 9091.48
Fragmentation ratio (mean over simulation): C=0.811205, L=0.709629 | Network=0.760417
Network Name: TOP_24_CWIX
Starting simulation with lambda=1200, mu=1...
+----------+----------+------------------+----------+-------------------+-------------------+-------------------+
|  progress|   arrives|          blocking|   time(s)|            Wald CI|            A-C. CI|          Wilson CI|
+----------+----------+------------------+----------+-------------------+-------------------+-------------------+
|    10.0 %|   1000000|3.512400000000e-02|  00:00:16|            3.6e-04|            3.6e-04|            3.6e-04|
+----------+----------+------------------+----------+-------------------+-------------------+-------------------+
|    20.0 %|   2000000|3.538350000000e-02|  00:00:32|            2.6e-04|            2.6e-04|            2.6e-04|
+----------+----------+------------------+----------+-------------------+-------------------+-------------------+
|    30.0 %|   3000000|3.550166666667e-02|  00:00:49|            2.1e-04|            2.1e-04|            2.1e-04|
+----------+----------+------------------+----------+-------------------+-------------------+-------------------+
|    40.0 %|   4000000|3.549550000000e-02|  00:01:06|            1.8e-04|            1.8e-04|            1.8e-04|
+----------+----------+------------------+----------+-------------------+-------------------+-------------------+
|    50.0 %|   5000000|3.570640000000e-02|  00:01:22|            1.6e-04|            1.6e-04|            1.6e-04|
+----------+----------+------------------+----------+-------------------+-------------------+-------------------+
|    60.0 %|   6000000|3.575166666667e-02|  00:01:39|            1.5e-04|            1.5e-04|            1.5e-04|
+----------+----------+------------------+----------+-------------------+-------------------+-------------------+
|    70.0 %|   7000000|3.571514285714e-02|  00:01:56|            1.4e-04|            1.4e-04|            1.4e-04|
+----------+----------+------------------+----------+-------------------+-------------------+-------------------+
|    80.0 %|   8000000|3.573775000000e-02|  00:02:12|            1.3e-04|            1.3e-04|            1.3e-04|
+----------+----------+------------------+----------+-------------------+-------------------+-------------------+
|    90.0 %|   9000000|3.575688888889e-02|  00:02:29|            1.2e-04|            1.2e-04|            1.2e-04|
+----------+----------+------------------+----------+-------------------+-------------------+-------------------+
|   100.0 %|  10000000|3.567710000000e-02|  00:02:45|            1.1e-04|            1.1e-04|            1.1e-04|
+----------+----------+------------------+----------+-------------------+-------------------+-------------------+
Simulation completed. Releases processed: 9642056, Total simulated time: 8334.83
Fragmentation ratio (mean over simulation): C=0.818798, L=0.726451 | Network=0.772624
Network Name: TOP_24_CWIX
Starting simulation with lambda=1300, mu=1...
+----------+----------+------------------+----------+-------------------+-------------------+-------------------+
|  progress|   arrives|          blocking|   time(s)|            Wald CI|            A-C. CI|          Wilson CI|
+----------+----------+------------------+----------+-------------------+-------------------+-------------------+
|    10.0 %|   1000000|4.503200000000e-02|  00:00:16|            4.1e-04|            4.1e-04|            4.1e-04|
+----------+----------+------------------+----------+-------------------+-------------------+-------------------+
|    20.0 %|   2000000|4.527550000000e-02|  00:00:33|            2.9e-04|            2.9e-04|            2.9e-04|
+----------+----------+------------------+----------+-------------------+-------------------+-------------------+
|    30.0 %|   3000000|4.559833333333e-02|  00:00:50|            2.4e-04|            2.4e-04|            2.4e-04|
+----------+----------+------------------+----------+-------------------+-------------------+-------------------+
|    40.0 %|   4000000|4.554225000000e-02|  00:01:07|            2.0e-04|            2.0e-04|            2.0e-04|
+----------+----------+------------------+----------+-------------------+-------------------+-------------------+
|    50.0 %|   5000000|4.550960000000e-02|  00:01:24|            1.8e-04|            1.8e-04|            1.8e-04|
+----------+----------+------------------+----------+-------------------+-------------------+-------------------+
|    60.0 %|   6000000|4.552916666667e-02|  00:01:42|            1.7e-04|            1.7e-04|            1.7e-04|
+----------+----------+------------------+----------+-------------------+-------------------+-------------------+
|    70.0 %|   7000000|4.552514285714e-02|  00:01:59|            1.5e-04|            1.5e-04|            1.5e-04|
+----------+----------+------------------+----------+-------------------+-------------------+-------------------+
|    80.0 %|   8000000|4.555225000000e-02|  00:02:16|            1.4e-04|            1.4e-04|            1.4e-04|
+----------+----------+------------------+----------+-------------------+-------------------+-------------------+
|    90.0 %|   9000000|4.553077777778e-02|  00:02:33|            1.4e-04|            1.4e-04|            1.4e-04|
+----------+----------+------------------+----------+-------------------+-------------------+-------------------+
|   100.0 %|  10000000|4.555050000000e-02|  00:02:50|            1.3e-04|            1.3e-04|            1.3e-04|
+----------+----------+------------------+----------+-------------------+-------------------+-------------------+
Simulation completed. Releases processed: 9543257, Total simulated time: 7688.92
Fragmentation ratio (mean over simulation): C=0.817305, L=0.737985 | Network=0.777645
Network Name: TOP_24_CWIX
Starting simulation with lambda=1400, mu=1...
+----------+----------+------------------+----------+-------------------+-------------------+-------------------+
|  progress|   arrives|          blocking|   time(s)|            Wald CI|            A-C. CI|          Wilson CI|
+----------+----------+------------------+----------+-------------------+-------------------+-------------------+
|    10.0 %|   1000000|5.500200000000e-02|  00:00:17|            4.5e-04|            4.5e-04|            4.5e-04|
+----------+----------+------------------+----------+-------------------+-------------------+-------------------+
|    20.0 %|   2000000|5.499000000000e-02|  00:00:34|            3.2e-04|            3.2e-04|            3.2e-04|
+----------+----------+------------------+----------+-------------------+-------------------+-------------------+
|    30.0 %|   3000000|5.482833333333e-02|  00:00:52|            2.6e-04|            2.6e-04|            2.6e-04|
+----------+----------+------------------+----------+-------------------+-------------------+-------------------+
|    40.0 %|   4000000|5.486675000000e-02|  00:01:09|            2.2e-04|            2.2e-04|            2.2e-04|
+----------+----------+------------------+----------+-------------------+-------------------+-------------------+
|    50.0 %|   5000000|5.501820000000e-02|  00:01:26|            2.0e-04|            2.0e-04|            2.0e-04|
+----------+----------+------------------+----------+-------------------+-------------------+-------------------+
|    60.0 %|   6000000|5.502683333333e-02|  00:01:43|            1.8e-04|            1.8e-04|            1.8e-04|
+----------+----------+------------------+----------+-------------------+-------------------+-------------------+
|    70.0 %|   7000000|5.512085714286e-02|  00:02:00|            1.7e-04|            1.7e-04|            1.7e-04|
+----------+----------+------------------+----------+-------------------+-------------------+-------------------+
|    80.0 %|   8000000|5.504362500000e-02|  00:02:18|            1.6e-04|            1.6e-04|            1.6e-04|
+----------+----------+------------------+----------+-------------------+-------------------+-------------------+
|    90.0 %|   9000000|5.507377777778e-02|  00:02:36|            1.5e-04|            1.5e-04|            1.5e-04|
+----------+----------+------------------+----------+-------------------+-------------------+-------------------+
|   100.0 %|  10000000|5.503850000000e-02|  00:02:53|            1.4e-04|            1.4e-04|            1.4e-04|
+----------+----------+------------------+----------+-------------------+-------------------+-------------------+
Simulation completed. Releases processed: 9448282, Total simulated time: 7140.48
Fragmentation ratio (mean over simulation): C=0.823043, L=0.745873 | Network=0.784458
Network Name: TOP_24_CWIX
Starting simulation with lambda=1500, mu=1...
+----------+----------+------------------+----------+-------------------+-------------------+-------------------+
|  progress|   arrives|          blocking|   time(s)|            Wald CI|            A-C. CI|          Wilson CI|
+----------+----------+------------------+----------+-------------------+-------------------+-------------------+
|    10.0 %|   1000000|6.459400000000e-02|  00:00:17|            4.8e-04|            4.8e-04|            4.8e-04|
+----------+----------+------------------+----------+-------------------+-------------------+-------------------+
|    20.0 %|   2000000|6.505750000000e-02|  00:00:35|            3.4e-04|            3.4e-04|            3.4e-04|
+----------+----------+------------------+----------+-------------------+-------------------+-------------------+
|    30.0 %|   3000000|6.484400000000e-02|  00:00:53|            2.8e-04|            2.8e-04|            2.8e-04|
+----------+----------+------------------+----------+-------------------+-------------------+-------------------+
|    40.0 %|   4000000|6.475900000000e-02|  00:01:10|            2.4e-04|            2.4e-04|            2.4e-04|
+----------+----------+------------------+----------+-------------------+-------------------+-------------------+
|    50.0 %|   5000000|6.469880000000e-02|  00:01:28|            2.2e-04|            2.2e-04|            2.2e-04|
+----------+----------+------------------+----------+-------------------+-------------------+-------------------+
|    60.0 %|   6000000|6.468933333333e-02|  00:01:46|            2.0e-04|            2.0e-04|            2.0e-04|
+----------+----------+------------------+----------+-------------------+-------------------+-------------------+
|    70.0 %|   7000000|6.463314285714e-02|  00:02:03|            1.8e-04|            1.8e-04|            1.8e-04|
+----------+----------+------------------+----------+-------------------+-------------------+-------------------+
|    80.0 %|   8000000|6.466200000000e-02|  00:02:21|            1.7e-04|            1.7e-04|            1.7e-04|
+----------+----------+------------------+----------+-------------------+-------------------+-------------------+
|    90.0 %|   9000000|6.465533333333e-02|  00:02:39|            1.6e-04|            1.6e-04|            1.6e-04|
+----------+----------+------------------+----------+-------------------+-------------------+-------------------+
|   100.0 %|  10000000|6.475300000000e-02|  00:02:56|            1.5e-04|            1.5e-04|            1.5e-04|
+----------+----------+------------------+----------+-------------------+-------------------+-------------------+
Simulation completed. Releases processed: 9351029, Total simulated time: 6665.77
Fragmentation ratio (mean over simulation): C=0.836094, L=0.760662 | Network=0.798378
Network Name: TOP_24_CWIX
Starting simulation with lambda=1600, mu=1...
+----------+----------+------------------+----------+-------------------+-------------------+-------------------+
|  progress|   arrives|          blocking|   time(s)|            Wald CI|            A-C. CI|          Wilson CI|
+----------+----------+------------------+----------+-------------------+-------------------+-------------------+
|    10.0 %|   1000000|7.373900000000e-02|  00:00:17|            5.1e-04|            5.1e-04|            5.1e-04|
+----------+----------+------------------+----------+-------------------+-------------------+-------------------+
|    20.0 %|   2000000|7.363250000000e-02|  00:00:36|            3.6e-04|            3.6e-04|            3.6e-04|
+----------+----------+------------------+----------+-------------------+-------------------+-------------------+
|    30.0 %|   3000000|7.345900000000e-02|  00:00:54|            3.0e-04|            3.0e-04|            3.0e-04|
+----------+----------+------------------+----------+-------------------+-------------------+-------------------+
|    40.0 %|   4000000|7.338325000000e-02|  00:01:12|            2.6e-04|            2.6e-04|            2.6e-04|
+----------+----------+------------------+----------+-------------------+-------------------+-------------------+
|    50.0 %|   5000000|7.350640000000e-02|  00:01:29|            2.3e-04|            2.3e-04|            2.3e-04|
+----------+----------+------------------+----------+-------------------+-------------------+-------------------+
|    60.0 %|   6000000|7.357883333333e-02|  00:01:47|            2.1e-04|            2.1e-04|            2.1e-04|
+----------+----------+------------------+----------+-------------------+-------------------+-------------------+
|    70.0 %|   7000000|7.362400000000e-02|  00:02:05|            1.9e-04|            1.9e-04|            1.9e-04|
+----------+----------+------------------+----------+-------------------+-------------------+-------------------+
|    80.0 %|   8000000|7.368737500000e-02|  00:02:23|            1.8e-04|            1.8e-04|            1.8e-04|
+----------+----------+------------------+----------+-------------------+-------------------+-------------------+
|    90.0 %|   9000000|7.368144444444e-02|  00:02:41|            1.7e-04|            1.7e-04|            1.7e-04|
+----------+----------+------------------+----------+-------------------+-------------------+-------------------+
|   100.0 %|  10000000|7.364780000000e-02|  00:02:59|            1.6e-04|            1.6e-04|            1.6e-04|
+----------+----------+------------------+----------+-------------------+-------------------+-------------------+
Simulation completed. Releases processed: 9262012, Total simulated time: 6250.94
Fragmentation ratio (mean over simulation): C=0.840559, L=0.771123 | Network=0.805841
Network Name: TOP_24_CWIX
Starting simulation with lambda=1700, mu=1...
+----------+----------+------------------+----------+-------------------+-------------------+-------------------+
|  progress|   arrives|          blocking|   time(s)|            Wald CI|            A-C. CI|          Wilson CI|
+----------+----------+------------------+----------+-------------------+-------------------+-------------------+
|    10.0 %|   1000000|8.252800000000e-02|  00:00:18|            5.4e-04|            5.4e-04|            5.4e-04|
+----------+----------+------------------+----------+-------------------+-------------------+-------------------+
|    20.0 %|   2000000|8.247250000000e-02|  00:00:36|            3.8e-04|            3.8e-04|            3.8e-04|
+----------+----------+------------------+----------+-------------------+-------------------+-------------------+
|    30.0 %|   3000000|8.257800000000e-02|  00:00:55|            3.1e-04|            3.1e-04|            3.1e-04|
+----------+----------+------------------+----------+-------------------+-------------------+-------------------+
|    40.0 %|   4000000|8.246500000000e-02|  00:01:13|            2.7e-04|            2.7e-04|            2.7e-04|
+----------+----------+------------------+----------+-------------------+-------------------+-------------------+
|    50.0 %|   5000000|8.228500000000e-02|  00:01:31|            2.4e-04|            2.4e-04|            2.4e-04|
+----------+----------+------------------+----------+-------------------+-------------------+-------------------+
|    60.0 %|   6000000|8.229750000000e-02|  00:01:50|            2.2e-04|            2.2e-04|            2.2e-04|
+----------+----------+------------------+----------+-------------------+-------------------+-------------------+
|    70.0 %|   7000000|8.230685714286e-02|  00:02:08|            2.0e-04|            2.0e-04|            2.0e-04|
+----------+----------+------------------+----------+-------------------+-------------------+-------------------+
|    80.0 %|   8000000|8.234712500000e-02|  00:02:26|            1.9e-04|            1.9e-04|            1.9e-04|
+----------+----------+------------------+----------+-------------------+-------------------+-------------------+
|    90.0 %|   9000000|8.231077777778e-02|  00:02:45|            1.8e-04|            1.8e-04|            1.8e-04|
+----------+----------+------------------+----------+-------------------+-------------------+-------------------+
|   100.0 %|  10000000|8.229390000000e-02|  00:03:03|            1.7e-04|            1.7e-04|            1.7e-04|
+----------+----------+------------------+----------+-------------------+-------------------+-------------------+
Simulation completed. Releases processed: 9175501, Total simulated time: 5884.44
Fragmentation ratio (mean over simulation): C=0.838125, L=0.775097 | Network=0.806611
Network Name: TOP_24_CWIX
Starting simulation with lambda=1800, mu=1...
+----------+----------+------------------+----------+-------------------+-------------------+-------------------+
|  progress|   arrives|          blocking|   time(s)|            Wald CI|            A-C. CI|          Wilson CI|
+----------+----------+------------------+----------+-------------------+-------------------+-------------------+
|    10.0 %|   1000000|9.082100000000e-02|  00:00:18|            5.6e-04|            5.6e-04|            5.6e-04|
+----------+----------+------------------+----------+-------------------+-------------------+-------------------+
|    20.0 %|   2000000|9.091550000000e-02|  00:00:37|            4.0e-04|            4.0e-04|            4.0e-04|
+----------+----------+------------------+----------+-------------------+-------------------+-------------------+
|    30.0 %|   3000000|9.093633333333e-02|  00:00:56|            3.3e-04|            3.3e-04|            3.3e-04|
+----------+----------+------------------+----------+-------------------+-------------------+-------------------+
|    40.0 %|   4000000|9.073000000000e-02|  00:01:14|            2.8e-04|            2.8e-04|            2.8e-04|
+----------+----------+------------------+----------+-------------------+-------------------+-------------------+
|    50.0 %|   5000000|9.080140000000e-02|  00:01:33|            2.5e-04|            2.5e-04|            2.5e-04|
+----------+----------+------------------+----------+-------------------+-------------------+-------------------+
|    60.0 %|   6000000|9.079400000000e-02|  00:01:52|            2.3e-04|            2.3e-04|            2.3e-04|
+----------+----------+------------------+----------+-------------------+-------------------+-------------------+
|    70.0 %|   7000000|9.076157142857e-02|  00:02:11|            2.1e-04|            2.1e-04|            2.1e-04|
+----------+----------+------------------+----------+-------------------+-------------------+-------------------+
|    80.0 %|   8000000|9.076375000000e-02|  00:02:30|            2.0e-04|            2.0e-04|            2.0e-04|
+----------+----------+------------------+----------+-------------------+-------------------+-------------------+
|    90.0 %|   9000000|9.081422222222e-02|  00:02:48|            1.9e-04|            1.9e-04|            1.9e-04|
+----------+----------+------------------+----------+-------------------+-------------------+-------------------+
|   100.0 %|  10000000|9.070280000000e-02|  00:03:07|            1.8e-04|            1.8e-04|            1.8e-04|
+----------+----------+------------------+----------+-------------------+-------------------+-------------------+
Simulation completed. Releases processed: 9091331, Total simulated time: 5557.35
Fragmentation ratio (mean over simulation): C=0.844792, L=0.779087 | Network=0.811939
Network Name: TOP_24_CWIX
Starting simulation with lambda=1900, mu=1...
+----------+----------+------------------+----------+-------------------+-------------------+-------------------+
|  progress|   arrives|          blocking|   time(s)|            Wald CI|            A-C. CI|          Wilson CI|
+----------+----------+------------------+----------+-------------------+-------------------+-------------------+
|    10.0 %|   1000000|9.872500000000e-02|  00:00:18|            5.8e-04|            5.8e-04|            5.8e-04|
+----------+----------+------------------+----------+-------------------+-------------------+-------------------+
|    20.0 %|   2000000|9.855800000000e-02|  00:00:37|            4.1e-04|            4.1e-04|            4.1e-04|
+----------+----------+------------------+----------+-------------------+-------------------+-------------------+
|    30.0 %|   3000000|9.851900000000e-02|  00:00:56|            3.4e-04|            3.4e-04|            3.4e-04|
+----------+----------+------------------+----------+-------------------+-------------------+-------------------+
|    40.0 %|   4000000|9.862900000000e-02|  00:01:16|            2.9e-04|            2.9e-04|            2.9e-04|
+----------+----------+------------------+----------+-------------------+-------------------+-------------------+
|    50.0 %|   5000000|9.869040000000e-02|  00:01:35|            2.6e-04|            2.6e-04|            2.6e-04|
+----------+----------+------------------+----------+-------------------+-------------------+-------------------+
|    60.0 %|   6000000|9.870833333333e-02|  00:01:54|            2.4e-04|            2.4e-04|            2.4e-04|
+----------+----------+------------------+----------+-------------------+-------------------+-------------------+
|    70.0 %|   7000000|9.871771428571e-02|  00:02:13|            2.2e-04|            2.2e-04|            2.2e-04|
+----------+----------+------------------+----------+-------------------+-------------------+-------------------+
|    80.0 %|   8000000|9.871212500000e-02|  00:02:32|            2.1e-04|            2.1e-04|            2.1e-04|
+----------+----------+------------------+----------+-------------------+-------------------+-------------------+
|    90.0 %|   9000000|9.867033333333e-02|  00:02:52|            1.9e-04|            1.9e-04|            1.9e-04|
+----------+----------+------------------+----------+-------------------+-------------------+-------------------+
|   100.0 %|  10000000|9.868030000000e-02|  00:03:11|            1.8e-04|            1.8e-04|            1.8e-04|
+----------+----------+------------------+----------+-------------------+-------------------+-------------------+
Simulation completed. Releases processed: 9011485, Total simulated time: 5263.58
Fragmentation ratio (mean over simulation): C=0.844589, L=0.779325 | Network=0.811957
Network Name: TOP_24_CWIX
Starting simulation with lambda=2000, mu=1...
+----------+----------+------------------+----------+-------------------+-------------------+-------------------+
|  progress|   arrives|          blocking|   time(s)|            Wald CI|            A-C. CI|          Wilson CI|
+----------+----------+------------------+----------+-------------------+-------------------+-------------------+
|    10.0 %|   1000000|1.065630000000e-01|  00:00:19|            6.0e-04|            6.0e-04|            6.0e-04|
+----------+----------+------------------+----------+-------------------+-------------------+-------------------+
|    20.0 %|   2000000|1.068890000000e-01|  00:00:38|            4.3e-04|            4.3e-04|            4.3e-04|
+----------+----------+------------------+----------+-------------------+-------------------+-------------------+
|    30.0 %|   3000000|1.066723333333e-01|  00:00:57|            3.5e-04|            3.5e-04|            3.5e-04|
+----------+----------+------------------+----------+-------------------+-------------------+-------------------+
|    40.0 %|   4000000|1.065890000000e-01|  00:01:17|            3.0e-04|            3.0e-04|            3.0e-04|
+----------+----------+------------------+----------+-------------------+-------------------+-------------------+
|    50.0 %|   5000000|1.066296000000e-01|  00:01:36|            2.7e-04|            2.7e-04|            2.7e-04|
+----------+----------+------------------+----------+-------------------+-------------------+-------------------+
|    60.0 %|   6000000|1.067113333333e-01|  00:01:55|            2.5e-04|            2.5e-04|            2.5e-04|
+----------+----------+------------------+----------+-------------------+-------------------+-------------------+
|    70.0 %|   7000000|1.067877142857e-01|  00:02:15|            2.3e-04|            2.3e-04|            2.3e-04|
+----------+----------+------------------+----------+-------------------+-------------------+-------------------+
|    80.0 %|   8000000|1.067141250000e-01|  00:02:34|            2.1e-04|            2.1e-04|            2.1e-04|
+----------+----------+------------------+----------+-------------------+-------------------+-------------------+
|    90.0 %|   9000000|1.066260000000e-01|  00:02:53|            2.0e-04|            2.0e-04|            2.0e-04|
+----------+----------+------------------+----------+-------------------+-------------------+-------------------+
|   100.0 %|  10000000|1.067121000000e-01|  00:03:12|            1.9e-04|            1.9e-04|            1.9e-04|
+----------+----------+------------------+----------+-------------------+-------------------+-------------------+
Simulation completed. Releases processed: 8931069, Total simulated time: 4998.84
Fragmentation ratio (mean over simulation): C=0.848554, L=0.796478 | Network=0.822516
Network Name: TOP_24_CWIX
Starting simulation with lambda=2100, mu=1...
+----------+----------+------------------+----------+-------------------+-------------------+-------------------+
|  progress|   arrives|          blocking|   time(s)|            Wald CI|            A-C. CI|          Wilson CI|
+----------+----------+------------------+----------+-------------------+-------------------+-------------------+
|    10.0 %|   1000000|1.137880000000e-01|  00:00:19|            6.2e-04|            6.2e-04|            6.2e-04|
+----------+----------+------------------+----------+-------------------+-------------------+-------------------+
|    20.0 %|   2000000|1.136680000000e-01|  00:00:38|            4.4e-04|            4.4e-04|            4.4e-04|
+----------+----------+------------------+----------+-------------------+-------------------+-------------------+
|    30.0 %|   3000000|1.136576666667e-01|  00:00:58|            3.6e-04|            3.6e-04|            3.6e-04|
+----------+----------+------------------+----------+-------------------+-------------------+-------------------+
|    40.0 %|   4000000|1.138287500000e-01|  00:01:18|            3.1e-04|            3.1e-04|            3.1e-04|
+----------+----------+------------------+----------+-------------------+-------------------+-------------------+
|    50.0 %|   5000000|1.138618000000e-01|  00:01:37|            2.8e-04|            2.8e-04|            2.8e-04|
+----------+----------+------------------+----------+-------------------+-------------------+-------------------+
|    60.0 %|   6000000|1.139316666667e-01|  00:01:57|            2.5e-04|            2.5e-04|            2.5e-04|
+----------+----------+------------------+----------+-------------------+-------------------+-------------------+
|    70.0 %|   7000000|1.138312857143e-01|  00:02:16|            2.4e-04|            2.4e-04|            2.4e-04|
+----------+----------+------------------+----------+-------------------+-------------------+-------------------+
|    80.0 %|   8000000|1.138058750000e-01|  00:02:36|            2.2e-04|            2.2e-04|            2.2e-04|
+----------+----------+------------------+----------+-------------------+-------------------+-------------------+
|    90.0 %|   9000000|1.138486666667e-01|  00:02:56|            2.1e-04|            2.1e-04|            2.1e-04|
+----------+----------+------------------+----------+-------------------+-------------------+-------------------+
|   100.0 %|  10000000|1.138468000000e-01|  00:03:15|            2.0e-04|            2.0e-04|            2.0e-04|
+----------+----------+------------------+----------+-------------------+-------------------+-------------------+
Simulation completed. Releases processed: 8859707, Total simulated time: 4762.52
Fragmentation ratio (mean over simulation): C=0.851099, L=0.804476 | Network=0.827788
Network Name: TOP_24_CWIX
Starting simulation with lambda=2200, mu=1...
+----------+----------+------------------+----------+-------------------+-------------------+-------------------+
|  progress|   arrives|          blocking|   time(s)|            Wald CI|            A-C. CI|          Wilson CI|
+----------+----------+------------------+----------+-------------------+-------------------+-------------------+
|    10.0 %|   1000000|1.212100000000e-01|  00:00:19|            6.4e-04|            6.4e-04|            6.4e-04|
+----------+----------+------------------+----------+-------------------+-------------------+-------------------+
|    20.0 %|   2000000|1.210790000000e-01|  00:00:39|            4.5e-04|            4.5e-04|            4.5e-04|
+----------+----------+------------------+----------+-------------------+-------------------+-------------------+
|    30.0 %|   3000000|1.209200000000e-01|  00:00:59|            3.7e-04|            3.7e-04|            3.7e-04|
+----------+----------+------------------+----------+-------------------+-------------------+-------------------+
|    40.0 %|   4000000|1.209492500000e-01|  00:01:18|            3.2e-04|            3.2e-04|            3.2e-04|
+----------+----------+------------------+----------+-------------------+-------------------+-------------------+
|    50.0 %|   5000000|1.208482000000e-01|  00:01:38|            2.9e-04|            2.9e-04|            2.9e-04|
+----------+----------+------------------+----------+-------------------+-------------------+-------------------+
|    60.0 %|   6000000|1.207290000000e-01|  00:01:58|            2.6e-04|            2.6e-04|            2.6e-04|
+----------+----------+------------------+----------+-------------------+-------------------+-------------------+
|    70.0 %|   7000000|1.206698571429e-01|  00:02:17|            2.4e-04|            2.4e-04|            2.4e-04|
+----------+----------+------------------+----------+-------------------+-------------------+-------------------+
|    80.0 %|   8000000|1.206712500000e-01|  00:02:37|            2.3e-04|            2.3e-04|            2.3e-04|
+----------+----------+------------------+----------+-------------------+-------------------+-------------------+
|    90.0 %|   9000000|1.206625555556e-01|  00:02:56|            2.1e-04|            2.1e-04|            2.1e-04|
+----------+----------+------------------+----------+-------------------+-------------------+-------------------+
|   100.0 %|  10000000|1.207243000000e-01|  00:03:16|            2.0e-04|            2.0e-04|            2.0e-04|
+----------+----------+------------------+----------+-------------------+-------------------+-------------------+
Simulation completed. Releases processed: 8790809, Total simulated time: 4544.17
Fragmentation ratio (mean over simulation): C=0.854636, L=0.814097 | Network=0.834366
Network Name: TOP_24_CWIX
Starting simulation with lambda=2300, mu=1...
+----------+----------+------------------+----------+-------------------+-------------------+-------------------+
|  progress|   arrives|          blocking|   time(s)|            Wald CI|            A-C. CI|          Wilson CI|
+----------+----------+------------------+----------+-------------------+-------------------+-------------------+
|    10.0 %|   1000000|1.270010000000e-01|  00:00:20|            6.5e-04|            6.5e-04|            6.5e-04|
+----------+----------+------------------+----------+-------------------+-------------------+-------------------+
|    20.0 %|   2000000|1.271280000000e-01|  00:00:39|            4.6e-04|            4.6e-04|            4.6e-04|
+----------+----------+------------------+----------+-------------------+-------------------+-------------------+
|    30.0 %|   3000000|1.272356666667e-01|  00:00:59|            3.8e-04|            3.8e-04|            3.8e-04|
+----------+----------+------------------+----------+-------------------+-------------------+-------------------+
|    40.0 %|   4000000|1.275105000000e-01|  00:01:18|            3.3e-04|            3.3e-04|            3.3e-04|
+----------+----------+------------------+----------+-------------------+-------------------+-------------------+
|    50.0 %|   5000000|1.275668000000e-01|  00:01:38|            2.9e-04|            2.9e-04|            2.9e-04|
+----------+----------+------------------+----------+-------------------+-------------------+-------------------+
|    60.0 %|   6000000|1.276521666667e-01|  00:01:58|            2.7e-04|            2.7e-04|            2.7e-04|
+----------+----------+------------------+----------+-------------------+-------------------+-------------------+
|    70.0 %|   7000000|1.275932857143e-01|  00:02:18|            2.5e-04|            2.5e-04|            2.5e-04|
+----------+----------+------------------+----------+-------------------+-------------------+-------------------+
|    80.0 %|   8000000|1.275813750000e-01|  00:02:38|            2.3e-04|            2.3e-04|            2.3e-04|
+----------+----------+------------------+----------+-------------------+-------------------+-------------------+
|    90.0 %|   9000000|1.275980000000e-01|  00:02:58|            2.2e-04|            2.2e-04|            2.2e-04|
+----------+----------+------------------+----------+-------------------+-------------------+-------------------+
|   100.0 %|  10000000|1.275758000000e-01|  00:03:18|            2.1e-04|            2.1e-04|            2.1e-04|
+----------+----------+------------------+----------+-------------------+-------------------+-------------------+
Simulation completed. Releases processed: 8722229, Total simulated time: 4347.32
Fragmentation ratio (mean over simulation): C=0.856336, L=0.814519 | Network=0.835428
Network Name: TOP_24_CWIX
Starting simulation with lambda=2400, mu=1...
+----------+----------+------------------+----------+-------------------+-------------------+-------------------+
|  progress|   arrives|          blocking|   time(s)|            Wald CI|            A-C. CI|          Wilson CI|
+----------+----------+------------------+----------+-------------------+-------------------+-------------------+
|    10.0 %|   1000000|1.341830000000e-01|  00:00:20|            6.7e-04|            6.7e-04|            6.7e-04|
+----------+----------+------------------+----------+-------------------+-------------------+-------------------+
|    20.0 %|   2000000|1.341025000000e-01|  00:00:40|            4.7e-04|            4.7e-04|            4.7e-04|
+----------+----------+------------------+----------+-------------------+-------------------+-------------------+
|    30.0 %|   3000000|1.342323333333e-01|  00:01:00|            3.9e-04|            3.9e-04|            3.9e-04|
+----------+----------+------------------+----------+-------------------+-------------------+-------------------+
|    40.0 %|   4000000|1.343827500000e-01|  00:01:20|            3.3e-04|            3.3e-04|            3.3e-04|
+----------+----------+------------------+----------+-------------------+-------------------+-------------------+
|    50.0 %|   5000000|1.343824000000e-01|  00:01:41|            3.0e-04|            3.0e-04|            3.0e-04|
+----------+----------+------------------+----------+-------------------+-------------------+-------------------+
|    60.0 %|   6000000|1.342820000000e-01|  00:02:01|            2.7e-04|            2.7e-04|            2.7e-04|
+----------+----------+------------------+----------+-------------------+-------------------+-------------------+
|    70.0 %|   7000000|1.341958571429e-01|  00:02:22|            2.5e-04|            2.5e-04|            2.5e-04|
+----------+----------+------------------+----------+-------------------+-------------------+-------------------+
|    80.0 %|   8000000|1.341495000000e-01|  00:02:42|            2.4e-04|            2.4e-04|            2.4e-04|
+----------+----------+------------------+----------+-------------------+-------------------+-------------------+
|    90.0 %|   9000000|1.341898888889e-01|  00:03:03|            2.2e-04|            2.2e-04|            2.2e-04|
+----------+----------+------------------+----------+-------------------+-------------------+-------------------+
|   100.0 %|  10000000|1.342637000000e-01|  00:03:24|            2.1e-04|            2.1e-04|            2.1e-04|
+----------+----------+------------------+----------+-------------------+-------------------+-------------------+
Simulation completed. Releases processed: 8655302, Total simulated time: 4167.41
Fragmentation ratio (mean over simulation): C=0.858871, L=0.825559 | Network=0.842215
Network Name: TOP_24_CWIX
Starting simulation with lambda=2500, mu=1...
+----------+----------+------------------+----------+-------------------+-------------------+-------------------+
|  progress|   arrives|          blocking|   time(s)|            Wald CI|            A-C. CI|          Wilson CI|
+----------+----------+------------------+----------+-------------------+-------------------+-------------------+
|    10.0 %|   1000000|1.414820000000e-01|  00:00:20|            6.8e-04|            6.8e-04|            6.8e-04|
+----------+----------+------------------+----------+-------------------+-------------------+-------------------+
|    20.0 %|   2000000|1.410750000000e-01|  00:00:41|            4.8e-04|            4.8e-04|            4.8e-04|
+----------+----------+------------------+----------+-------------------+-------------------+-------------------+
|    30.0 %|   3000000|1.409813333333e-01|  00:01:01|            3.9e-04|            3.9e-04|            3.9e-04|
+----------+----------+------------------+----------+-------------------+-------------------+-------------------+
|    40.0 %|   4000000|1.408992500000e-01|  00:01:22|            3.4e-04|            3.4e-04|            3.4e-04|
+----------+----------+------------------+----------+-------------------+-------------------+-------------------+
|    50.0 %|   5000000|1.408614000000e-01|  00:01:43|            3.0e-04|            3.0e-04|            3.0e-04|
+----------+----------+------------------+----------+-------------------+-------------------+-------------------+
|    60.0 %|   6000000|1.409040000000e-01|  00:02:04|            2.8e-04|            2.8e-04|            2.8e-04|
+----------+----------+------------------+----------+-------------------+-------------------+-------------------+
|    70.0 %|   7000000|1.408435714286e-01|  00:02:24|            2.6e-04|            2.6e-04|            2.6e-04|
+----------+----------+------------------+----------+-------------------+-------------------+-------------------+
|    80.0 %|   8000000|1.407856250000e-01|  00:02:45|            2.4e-04|            2.4e-04|            2.4e-04|
+----------+----------+------------------+----------+-------------------+-------------------+-------------------+
|    90.0 %|   9000000|1.408143333333e-01|  00:03:05|            2.3e-04|            2.3e-04|            2.3e-04|
+----------+----------+------------------+----------+-------------------+-------------------+-------------------+
|   100.0 %|  10000000|1.408628000000e-01|  00:03:26|            2.2e-04|            2.2e-04|            2.2e-04|
+----------+----------+------------------+----------+-------------------+-------------------+-------------------+
Simulation completed. Releases processed: 8589242, Total simulated time: 4001.52
Fragmentation ratio (mean over simulation): C=0.859172, L=0.826235 | Network=0.842703
Network Name: TOP_24_CWIX
Starting simulation with lambda=2600, mu=1...
+----------+----------+------------------+----------+-------------------+-------------------+-------------------+
|  progress|   arrives|          blocking|   time(s)|            Wald CI|            A-C. CI|          Wilson CI|
+----------+----------+------------------+----------+-------------------+-------------------+-------------------+
|    10.0 %|   1000000|1.456610000000e-01|  00:00:20|            6.9e-04|            6.9e-04|            6.9e-04|
+----------+----------+------------------+----------+-------------------+-------------------+-------------------+
|    20.0 %|   2000000|1.462790000000e-01|  00:00:40|            4.9e-04|            4.9e-04|            4.9e-04|
+----------+----------+------------------+----------+-------------------+-------------------+-------------------+
|    30.0 %|   3000000|1.464243333333e-01|  00:01:01|            4.0e-04|            4.0e-04|            4.0e-04|
+----------+----------+------------------+----------+-------------------+-------------------+-------------------+
|    40.0 %|   4000000|1.465795000000e-01|  00:01:21|            3.5e-04|            3.5e-04|            3.5e-04|
+----------+----------+------------------+----------+-------------------+-------------------+-------------------+
|    50.0 %|   5000000|1.468144000000e-01|  00:01:42|            3.1e-04|            3.1e-04|            3.1e-04|
+----------+----------+------------------+----------+-------------------+-------------------+-------------------+
|    60.0 %|   6000000|1.468643333333e-01|  00:02:03|            2.8e-04|            2.8e-04|            2.8e-04|
+----------+----------+------------------+----------+-------------------+-------------------+-------------------+
|    70.0 %|   7000000|1.468135714286e-01|  00:02:23|            2.6e-04|            2.6e-04|            2.6e-04|
+----------+----------+------------------+----------+-------------------+-------------------+-------------------+
|    80.0 %|   8000000|1.468730000000e-01|  00:02:44|            2.5e-04|            2.5e-04|            2.5e-04|
+----------+----------+------------------+----------+-------------------+-------------------+-------------------+
|    90.0 %|   9000000|1.468516666667e-01|  00:03:05|            2.3e-04|            2.3e-04|            2.3e-04|
+----------+----------+------------------+----------+-------------------+-------------------+-------------------+
|   100.0 %|  10000000|1.468011000000e-01|  00:03:25|            2.2e-04|            2.2e-04|            2.2e-04|
+----------+----------+------------------+----------+-------------------+-------------------+-------------------+
Simulation completed. Releases processed: 8529803, Total simulated time: 3847.25
Fragmentation ratio (mean over simulation): C=0.860314, L=0.829917 | Network=0.845116
Network Name: TOP_24_CWIX
Starting simulation with lambda=2700, mu=1...
+----------+----------+------------------+----------+-------------------+-------------------+-------------------+
|  progress|   arrives|          blocking|   time(s)|            Wald CI|            A-C. CI|          Wilson CI|
+----------+----------+------------------+----------+-------------------+-------------------+-------------------+
|    10.0 %|   1000000|1.531620000000e-01|  00:00:21|            7.1e-04|            7.1e-04|            7.1e-04|
+----------+----------+------------------+----------+-------------------+-------------------+-------------------+
|    20.0 %|   2000000|1.528210000000e-01|  00:00:41|            5.0e-04|            5.0e-04|            5.0e-04|
+----------+----------+------------------+----------+-------------------+-------------------+-------------------+
|    30.0 %|   3000000|1.529103333333e-01|  00:01:03|            4.1e-04|            4.1e-04|            4.1e-04|
+----------+----------+------------------+----------+-------------------+-------------------+-------------------+
|    40.0 %|   4000000|1.526952500000e-01|  00:01:23|            3.5e-04|            3.5e-04|            3.5e-04|
+----------+----------+------------------+----------+-------------------+-------------------+-------------------+
|    50.0 %|   5000000|1.527232000000e-01|  00:01:44|            3.2e-04|            3.2e-04|            3.2e-04|
+----------+----------+------------------+----------+-------------------+-------------------+-------------------+
|    60.0 %|   6000000|1.526876666667e-01|  00:02:05|            2.9e-04|            2.9e-04|            2.9e-04|
+----------+----------+------------------+----------+-------------------+-------------------+-------------------+
|    70.0 %|   7000000|1.527417142857e-01|  00:02:26|            2.7e-04|            2.7e-04|            2.7e-04|
+----------+----------+------------------+----------+-------------------+-------------------+-------------------+
|    80.0 %|   8000000|1.526921250000e-01|  00:02:47|            2.5e-04|            2.5e-04|            2.5e-04|
+----------+----------+------------------+----------+-------------------+-------------------+-------------------+
|    90.0 %|   9000000|1.526915555556e-01|  00:03:08|            2.3e-04|            2.3e-04|            2.3e-04|
+----------+----------+------------------+----------+-------------------+-------------------+-------------------+
|   100.0 %|  10000000|1.527500000000e-01|  00:03:29|            2.2e-04|            2.2e-04|            2.2e-04|
+----------+----------+------------------+----------+-------------------+-------------------+-------------------+
Simulation completed. Releases processed: 8470189, Total simulated time: 3704.03
Fragmentation ratio (mean over simulation): C=0.862859, L=0.833526 | Network=0.848192
Network Name: TOP_24_CWIX
Starting simulation with lambda=2800, mu=1...
+----------+----------+------------------+----------+-------------------+-------------------+-------------------+
|  progress|   arrives|          blocking|   time(s)|            Wald CI|            A-C. CI|          Wilson CI|
+----------+----------+------------------+----------+-------------------+-------------------+-------------------+
|    10.0 %|   1000000|1.586770000000e-01|  00:00:20|            7.2e-04|            7.2e-04|            7.2e-04|
+----------+----------+------------------+----------+-------------------+-------------------+-------------------+
|    20.0 %|   2000000|1.585965000000e-01|  00:00:41|            5.1e-04|            5.1e-04|            5.1e-04|
+----------+----------+------------------+----------+-------------------+-------------------+-------------------+
|    30.0 %|   3000000|1.586586666667e-01|  00:01:03|            4.1e-04|            4.1e-04|            4.1e-04|
+----------+----------+------------------+----------+-------------------+-------------------+-------------------+
|    40.0 %|   4000000|1.585480000000e-01|  00:01:24|            3.6e-04|            3.6e-04|            3.6e-04|
+----------+----------+------------------+----------+-------------------+-------------------+-------------------+
|    50.0 %|   5000000|1.585058000000e-01|  00:01:45|            3.2e-04|            3.2e-04|            3.2e-04|
+----------+----------+------------------+----------+-------------------+-------------------+-------------------+
|    60.0 %|   6000000|1.584640000000e-01|  00:02:05|            2.9e-04|            2.9e-04|            2.9e-04|
+----------+----------+------------------+----------+-------------------+-------------------+-------------------+
|    70.0 %|   7000000|1.585648571429e-01|  00:02:26|            2.7e-04|            2.7e-04|            2.7e-04|
+----------+----------+------------------+----------+-------------------+-------------------+-------------------+
|    80.0 %|   8000000|1.585562500000e-01|  00:02:48|            2.5e-04|            2.5e-04|            2.5e-04|
+----------+----------+------------------+----------+-------------------+-------------------+-------------------+
|    90.0 %|   9000000|1.584791111111e-01|  00:03:08|            2.4e-04|            2.4e-04|            2.4e-04|
+----------+----------+------------------+----------+-------------------+-------------------+-------------------+
|   100.0 %|  10000000|1.584597000000e-01|  00:03:29|            2.3e-04|            2.3e-04|            2.3e-04|
+----------+----------+------------------+----------+-------------------+-------------------+-------------------+
Simulation completed. Releases processed: 8413144, Total simulated time: 3571.11
Fragmentation ratio (mean over simulation): C=0.863886, L=0.834637 | Network=0.849262
Network Name: TOP_24_CWIX
Starting simulation with lambda=2900, mu=1...
+----------+----------+------------------+----------+-------------------+-------------------+-------------------+
|  progress|   arrives|          blocking|   time(s)|            Wald CI|            A-C. CI|          Wilson CI|
+----------+----------+------------------+----------+-------------------+-------------------+-------------------+
|    10.0 %|   1000000|1.636910000000e-01|  00:00:21|            7.3e-04|            7.3e-04|            7.3e-04|
+----------+----------+------------------+----------+-------------------+-------------------+-------------------+
|    20.0 %|   2000000|1.636750000000e-01|  00:00:42|            5.1e-04|            5.1e-04|            5.1e-04|
+----------+----------+------------------+----------+-------------------+-------------------+-------------------+
|    30.0 %|   3000000|1.635436666667e-01|  00:01:03|            4.2e-04|            4.2e-04|            4.2e-04|
+----------+----------+------------------+----------+-------------------+-------------------+-------------------+
|    40.0 %|   4000000|1.636945000000e-01|  00:01:24|            3.6e-04|            3.6e-04|            3.6e-04|
+----------+----------+------------------+----------+-------------------+-------------------+-------------------+
|    50.0 %|   5000000|1.635554000000e-01|  00:01:45|            3.2e-04|            3.2e-04|            3.2e-04|
+----------+----------+------------------+----------+-------------------+-------------------+-------------------+
|    60.0 %|   6000000|1.637370000000e-01|  00:02:07|            3.0e-04|            3.0e-04|            3.0e-04|
+----------+----------+------------------+----------+-------------------+-------------------+-------------------+
|    70.0 %|   7000000|1.637741428571e-01|  00:02:28|            2.7e-04|            2.7e-04|            2.7e-04|
+----------+----------+------------------+----------+-------------------+-------------------+-------------------+
|    80.0 %|   8000000|1.638498750000e-01|  00:02:49|            2.6e-04|            2.6e-04|            2.6e-04|
+----------+----------+------------------+----------+-------------------+-------------------+-------------------+
|    90.0 %|   9000000|1.640186666667e-01|  00:03:10|            2.4e-04|            2.4e-04|            2.4e-04|
+----------+----------+------------------+----------+-------------------+-------------------+-------------------+
|   100.0 %|  10000000|1.640623000000e-01|  00:03:31|            2.3e-04|            2.3e-04|            2.3e-04|
+----------+----------+------------------+----------+-------------------+-------------------+-------------------+
Simulation completed. Releases processed: 8356929, Total simulated time: 3448.78
Fragmentation ratio (mean over simulation): C=0.868005, L=0.833907 | Network=0.850956
Network Name: TOP_24_CWIX
Starting simulation with lambda=3000, mu=1...
+----------+----------+------------------+----------+-------------------+-------------------+-------------------+
|  progress|   arrives|          blocking|   time(s)|            Wald CI|            A-C. CI|          Wilson CI|
+----------+----------+------------------+----------+-------------------+-------------------+-------------------+
|    10.0 %|   1000000|1.692930000000e-01|  00:00:22|            7.4e-04|            7.4e-04|            7.4e-04|
+----------+----------+------------------+----------+-------------------+-------------------+-------------------+
|    20.0 %|   2000000|1.698715000000e-01|  00:00:43|            5.2e-04|            5.2e-04|            5.2e-04|
+----------+----------+------------------+----------+-------------------+-------------------+-------------------+
|    30.0 %|   3000000|1.700306666667e-01|  00:01:04|            4.3e-04|            4.3e-04|            4.3e-04|
+----------+----------+------------------+----------+-------------------+-------------------+-------------------+
|    40.0 %|   4000000|1.699760000000e-01|  00:01:25|            3.7e-04|            3.7e-04|            3.7e-04|
+----------+----------+------------------+----------+-------------------+-------------------+-------------------+
|    50.0 %|   5000000|1.697942000000e-01|  00:01:46|            3.3e-04|            3.3e-04|            3.3e-04|
+----------+----------+------------------+----------+-------------------+-------------------+-------------------+
|    60.0 %|   6000000|1.699190000000e-01|  00:02:08|            3.0e-04|            3.0e-04|            3.0e-04|
+----------+----------+------------------+----------+-------------------+-------------------+-------------------+
|    70.0 %|   7000000|1.697902857143e-01|  00:02:29|            2.8e-04|            2.8e-04|            2.8e-04|
+----------+----------+------------------+----------+-------------------+-------------------+-------------------+
|    80.0 %|   8000000|1.698212500000e-01|  00:02:50|            2.6e-04|            2.6e-04|            2.6e-04|
+----------+----------+------------------+----------+-------------------+-------------------+-------------------+
|    90.0 %|   9000000|1.697537777778e-01|  00:03:12|            2.5e-04|            2.5e-04|            2.5e-04|
+----------+----------+------------------+----------+-------------------+-------------------+-------------------+
|   100.0 %|  10000000|1.696940000000e-01|  00:03:32|            2.3e-04|            2.3e-04|            2.3e-04|
+----------+----------+------------------+----------+-------------------+-------------------+-------------------+
Simulation completed. Releases processed: 8300624, Total simulated time: 3332.85
Fragmentation ratio (mean over simulation): C=0.868750, L=0.850083 | Network=0.859416
Plot saved → result/FirstFit_CWIX_lambda_sweep_100_3000_20261008_125915.png
