Running sweep with defrag mode: none, algorithm: first_fit, lambda range: [100, 3000], step: 100, mu: 1
Network Name: TOP_61_LAYER42
Starting simulation with lambda=100, mu=1...
+----------+----------+------------------+----------+-------------------+-------------------+-------------------+
|  progress|   arrives|          blocking|   time(s)|            Wald CI|            A-C. CI|          Wilson CI|
+----------+----------+------------------+----------+-------------------+-------------------+-------------------+
|    10.0 %|   1000000|0.000000000000e+00|  00:00:06|            0.0e+00|            2.8e-06|            1.9e-06|
+----------+----------+------------------+----------+-------------------+-------------------+-------------------+
|    20.0 %|   2000000|0.000000000000e+00|  00:00:12|            0.0e+00|            1.4e-06|            9.6e-07|
+----------+----------+------------------+----------+-------------------+-------------------+-------------------+
|    30.0 %|   3000000|0.000000000000e+00|  00:00:18|            0.0e+00|            9.2e-07|            6.4e-07|
+----------+----------+------------------+----------+-------------------+-------------------+-------------------+
|    40.0 %|   4000000|0.000000000000e+00|  00:00:24|            0.0e+00|            6.9e-07|            4.8e-07|
+----------+----------+------------------+----------+-------------------+-------------------+-------------------+
|    50.0 %|   5000000|0.000000000000e+00|  00:00:30|            0.0e+00|            5.5e-07|            3.8e-07|
+----------+----------+------------------+----------+-------------------+-------------------+-------------------+
|    60.0 %|   6000000|0.000000000000e+00|  00:00:36|            0.0e+00|            4.6e-07|            3.2e-07|
+----------+----------+------------------+----------+-------------------+-------------------+-------------------+
|    70.0 %|   7000000|0.000000000000e+00|  00:00:42|            0.0e+00|            4.0e-07|            2.7e-07|
+----------+----------+------------------+----------+-------------------+-------------------+-------------------+
|    80.0 %|   8000000|0.000000000000e+00|  00:00:48|            0.0e+00|            3.5e-07|            2.4e-07|
+----------+----------+------------------+----------+-------------------+-------------------+-------------------+
|    90.0 %|   9000000|0.000000000000e+00|  00:00:54|            0.0e+00|            3.1e-07|            2.1e-07|
+----------+----------+------------------+----------+-------------------+-------------------+-------------------+
|   100.0 %|  10000000|0.000000000000e+00|  00:01:00|            0.0e+00|            2.8e-07|            1.9e-07|
+----------+----------+------------------+----------+-------------------+-------------------+-------------------+
Simulation completed. Releases processed: 9999887, Total simulated time: 99965.41
Fragmentation ratio (mean over simulation): C=0.489926, L=0.000000 | Network=0.244963
Network Name: TOP_61_LAYER42
Starting simulation with lambda=200, mu=1...
+----------+----------+------------------+----------+-------------------+-------------------+-------------------+
|  progress|   arrives|          blocking|   time(s)|            Wald CI|            A-C. CI|          Wilson CI|
+----------+----------+------------------+----------+-------------------+-------------------+-------------------+
|    10.0 %|   1000000|0.000000000000e+00|  00:00:06|            0.0e+00|            2.8e-06|            1.9e-06|
+----------+----------+------------------+----------+-------------------+-------------------+-------------------+
|    20.0 %|   2000000|0.000000000000e+00|  00:00:12|            0.0e+00|            1.4e-06|            9.6e-07|
+----------+----------+------------------+----------+-------------------+-------------------+-------------------+
|    30.0 %|   3000000|0.000000000000e+00|  00:00:19|            0.0e+00|            9.2e-07|            6.4e-07|
+----------+----------+------------------+----------+-------------------+-------------------+-------------------+
|    40.0 %|   4000000|0.000000000000e+00|  00:00:25|            0.0e+00|            6.9e-07|            4.8e-07|
+----------+----------+------------------+----------+-------------------+-------------------+-------------------+
|    50.0 %|   5000000|0.000000000000e+00|  00:00:32|            0.0e+00|            5.5e-07|            3.8e-07|
+----------+----------+------------------+----------+-------------------+-------------------+-------------------+
|    60.0 %|   6000000|0.000000000000e+00|  00:00:38|            0.0e+00|            4.6e-07|            3.2e-07|
+----------+----------+------------------+----------+-------------------+-------------------+-------------------+
|    70.0 %|   7000000|0.000000000000e+00|  00:00:45|            0.0e+00|            4.0e-07|            2.7e-07|
+----------+----------+------------------+----------+-------------------+-------------------+-------------------+
|    80.0 %|   8000000|0.000000000000e+00|  00:00:51|            0.0e+00|            3.5e-07|            2.4e-07|
+----------+----------+------------------+----------+-------------------+-------------------+-------------------+
|    90.0 %|   9000000|0.000000000000e+00|  00:00:57|            0.0e+00|            3.1e-07|            2.1e-07|
+----------+----------+------------------+----------+-------------------+-------------------+-------------------+
|   100.0 %|  10000000|0.000000000000e+00|  00:01:04|            0.0e+00|            2.8e-07|            1.9e-07|
+----------+----------+------------------+----------+-------------------+-------------------+-------------------+
Simulation completed. Releases processed: 9999776, Total simulated time: 49983.61
Fragmentation ratio (mean over simulation): C=0.634821, L=0.039430 | Network=0.337125
Network Name: TOP_61_LAYER42
Starting simulation with lambda=300, mu=1...
+----------+----------+------------------+----------+-------------------+-------------------+-------------------+
|  progress|   arrives|          blocking|   time(s)|            Wald CI|            A-C. CI|          Wilson CI|
+----------+----------+------------------+----------+-------------------+-------------------+-------------------+
|    10.0 %|   1000000|0.000000000000e+00|  00:00:06|            0.0e+00|            2.8e-06|            1.9e-06|
+----------+----------+------------------+----------+-------------------+-------------------+-------------------+
|    20.0 %|   2000000|0.000000000000e+00|  00:00:13|            0.0e+00|            1.4e-06|            9.6e-07|
+----------+----------+------------------+----------+-------------------+-------------------+-------------------+
|    30.0 %|   3000000|0.000000000000e+00|  00:00:20|            0.0e+00|            9.2e-07|            6.4e-07|
+----------+----------+------------------+----------+-------------------+-------------------+-------------------+
|    40.0 %|   4000000|0.000000000000e+00|  00:00:27|            0.0e+00|            6.9e-07|            4.8e-07|
+----------+----------+------------------+----------+-------------------+-------------------+-------------------+
|    50.0 %|   5000000|0.000000000000e+00|  00:00:34|            0.0e+00|            5.5e-07|            3.8e-07|
+----------+----------+------------------+----------+-------------------+-------------------+-------------------+
|    60.0 %|   6000000|0.000000000000e+00|  00:00:40|            0.0e+00|            4.6e-07|            3.2e-07|
+----------+----------+------------------+----------+-------------------+-------------------+-------------------+
|    70.0 %|   7000000|0.000000000000e+00|  00:00:47|            0.0e+00|            4.0e-07|            2.7e-07|
+----------+----------+------------------+----------+-------------------+-------------------+-------------------+
|    80.0 %|   8000000|0.000000000000e+00|  00:00:54|            0.0e+00|            3.5e-07|            2.4e-07|
+----------+----------+------------------+----------+-------------------+-------------------+-------------------+
|    90.0 %|   9000000|0.000000000000e+00|  00:01:01|            0.0e+00|            3.1e-07|            2.1e-07|
+----------+----------+------------------+----------+-------------------+-------------------+-------------------+
|   100.0 %|  10000000|0.000000000000e+00|  00:01:08|            0.0e+00|            2.8e-07|            1.9e-07|
+----------+----------+------------------+----------+-------------------+-------------------+-------------------+
Simulation completed. Releases processed: 9999662, Total simulated time: 33335.42
Fragmentation ratio (mean over simulation): C=0.694184, L=0.314130 | Network=0.504157
Network Name: TOP_61_LAYER42
Starting simulation with lambda=400, mu=1...
+----------+----------+------------------+----------+-------------------+-------------------+-------------------+
|  progress|   arrives|          blocking|   time(s)|            Wald CI|            A-C. CI|          Wilson CI|
+----------+----------+------------------+----------+-------------------+-------------------+-------------------+
|    10.0 %|   1000000|2.500000000005e-05|  00:00:07|            9.8e-06|            1.0e-05|            1.0e-05|
+----------+----------+------------------+----------+-------------------+-------------------+-------------------+
|    20.0 %|   2000000|1.799999999996e-05|  00:00:14|            5.9e-06|            6.0e-06|            6.0e-06|
+----------+----------+------------------+----------+-------------------+-------------------+-------------------+
|    30.0 %|   3000000|2.199999999997e-05|  00:00:21|            5.3e-06|            5.4e-06|            5.3e-06|
+----------+----------+------------------+----------+-------------------+-------------------+-------------------+
|    40.0 %|   4000000|2.475000000002e-05|  00:00:28|            4.9e-06|            4.9e-06|            4.9e-06|
+----------+----------+------------------+----------+-------------------+-------------------+-------------------+
|    50.0 %|   5000000|2.599999999997e-05|  00:00:35|            4.5e-06|            4.5e-06|            4.5e-06|
+----------+----------+------------------+----------+-------------------+-------------------+-------------------+
|    60.0 %|   6000000|2.766666666665e-05|  00:00:42|            4.2e-06|            4.2e-06|            4.2e-06|
+----------+----------+------------------+----------+-------------------+-------------------+-------------------+
|    70.0 %|   7000000|2.685714285711e-05|  00:00:49|            3.8e-06|            3.9e-06|            3.8e-06|
+----------+----------+------------------+----------+-------------------+-------------------+-------------------+
|    80.0 %|   8000000|2.599999999997e-05|  00:00:56|            3.5e-06|            3.6e-06|            3.5e-06|
+----------+----------+------------------+----------+-------------------+-------------------+-------------------+
|    90.0 %|   9000000|2.599999999997e-05|  00:01:03|            3.3e-06|            3.3e-06|            3.3e-06|
+----------+----------+------------------+----------+-------------------+-------------------+-------------------+
|   100.0 %|  10000000|2.579999999996e-05|  00:01:10|            3.1e-06|            3.2e-06|            3.2e-06|
+----------+----------+------------------+----------+-------------------+-------------------+-------------------+
Simulation completed. Releases processed: 9999351, Total simulated time: 25001.04
Fragmentation ratio (mean over simulation): C=0.726423, L=0.445410 | Network=0.585916
Network Name: TOP_61_LAYER42
Starting simulation with lambda=500, mu=1...
+----------+----------+------------------+----------+-------------------+-------------------+-------------------+
|  progress|   arrives|          blocking|   time(s)|            Wald CI|            A-C. CI|          Wilson CI|
+----------+----------+------------------+----------+-------------------+-------------------+-------------------+
|    10.0 %|   1000000|1.977000000000e-03|  00:00:07|            8.7e-05|            8.7e-05|            8.7e-05|
+----------+----------+------------------+----------+-------------------+-------------------+-------------------+
|    20.0 %|   2000000|1.845000000000e-03|  00:00:14|            5.9e-05|            5.9e-05|            5.9e-05|
+----------+----------+------------------+----------+-------------------+-------------------+-------------------+
|    30.0 %|   3000000|1.831000000000e-03|  00:00:22|            4.8e-05|            4.8e-05|            4.8e-05|
+----------+----------+------------------+----------+-------------------+-------------------+-------------------+
|    40.0 %|   4000000|1.812500000000e-03|  00:00:29|            4.2e-05|            4.2e-05|            4.2e-05|
+----------+----------+------------------+----------+-------------------+-------------------+-------------------+
|    50.0 %|   5000000|1.827400000000e-03|  00:00:37|            3.7e-05|            3.7e-05|            3.7e-05|
+----------+----------+------------------+----------+-------------------+-------------------+-------------------+
|    60.0 %|   6000000|1.816500000000e-03|  00:00:44|            3.4e-05|            3.4e-05|            3.4e-05|
+----------+----------+------------------+----------+-------------------+-------------------+-------------------+
|    70.0 %|   7000000|1.831142857143e-03|  00:00:52|            3.2e-05|            3.2e-05|            3.2e-05|
+----------+----------+------------------+----------+-------------------+-------------------+-------------------+
|    80.0 %|   8000000|1.824500000000e-03|  00:00:59|            3.0e-05|            3.0e-05|            3.0e-05|
+----------+----------+------------------+----------+-------------------+-------------------+-------------------+
|    90.0 %|   9000000|1.816777777778e-03|  00:01:07|            2.8e-05|            2.8e-05|            2.8e-05|
+----------+----------+------------------+----------+-------------------+-------------------+-------------------+
|   100.0 %|  10000000|1.787100000000e-03|  00:01:14|            2.6e-05|            2.6e-05|            2.6e-05|
+----------+----------+------------------+----------+-------------------+-------------------+-------------------+
Simulation completed. Releases processed: 9981632, Total simulated time: 19997.24
Fragmentation ratio (mean over simulation): C=0.742165, L=0.541090 | Network=0.641628
Network Name: TOP_61_LAYER42
Starting simulation with lambda=600, mu=1...
+----------+----------+------------------+----------+-------------------+-------------------+-------------------+
|  progress|   arrives|          blocking|   time(s)|            Wald CI|            A-C. CI|          Wilson CI|
+----------+----------+------------------+----------+-------------------+-------------------+-------------------+
|    10.0 %|   1000000|1.156800000000e-02|  00:00:07|            2.1e-04|            2.1e-04|            2.1e-04|
+----------+----------+------------------+----------+-------------------+-------------------+-------------------+
|    20.0 %|   2000000|1.144050000000e-02|  00:00:15|            1.5e-04|            1.5e-04|            1.5e-04|
+----------+----------+------------------+----------+-------------------+-------------------+-------------------+
|    30.0 %|   3000000|1.148400000000e-02|  00:00:23|            1.2e-04|            1.2e-04|            1.2e-04|
+----------+----------+------------------+----------+-------------------+-------------------+-------------------+
|    40.0 %|   4000000|1.143325000000e-02|  00:00:31|            1.0e-04|            1.0e-04|            1.0e-04|
+----------+----------+------------------+----------+-------------------+-------------------+-------------------+
|    50.0 %|   5000000|1.152600000000e-02|  00:00:38|            9.4e-05|            9.4e-05|            9.4e-05|
+----------+----------+------------------+----------+-------------------+-------------------+-------------------+
|    60.0 %|   6000000|1.153350000000e-02|  00:00:46|            8.5e-05|            8.5e-05|            8.5e-05|
+----------+----------+------------------+----------+-------------------+-------------------+-------------------+
|    70.0 %|   7000000|1.161542857143e-02|  00:00:54|            7.9e-05|            7.9e-05|            7.9e-05|
+----------+----------+------------------+----------+-------------------+-------------------+-------------------+
|    80.0 %|   8000000|1.162787500000e-02|  00:01:02|            7.4e-05|            7.4e-05|            7.4e-05|
+----------+----------+------------------+----------+-------------------+-------------------+-------------------+
|    90.0 %|   9000000|1.161966666667e-02|  00:01:10|            7.0e-05|            7.0e-05|            7.0e-05|
+----------+----------+------------------+----------+-------------------+-------------------+-------------------+
|   100.0 %|  10000000|1.158190000000e-02|  00:01:18|            6.6e-05|            6.6e-05|            6.6e-05|
+----------+----------+------------------+----------+-------------------+-------------------+-------------------+
Simulation completed. Releases processed: 9883584, Total simulated time: 16659.29
Fragmentation ratio (mean over simulation): C=0.762008, L=0.627886 | Network=0.694947
Network Name: TOP_61_LAYER42
Starting simulation with lambda=700, mu=1...
+----------+----------+------------------+----------+-------------------+-------------------+-------------------+
|  progress|   arrives|          blocking|   time(s)|            Wald CI|            A-C. CI|          Wilson CI|
+----------+----------+------------------+----------+-------------------+-------------------+-------------------+
|    10.0 %|   1000000|2.667600000000e-02|  00:00:08|            3.2e-04|            3.2e-04|            3.2e-04|
+----------+----------+------------------+----------+-------------------+-------------------+-------------------+
|    20.0 %|   2000000|2.728600000000e-02|  00:00:17|            2.3e-04|            2.3e-04|            2.3e-04|
+----------+----------+------------------+----------+-------------------+-------------------+-------------------+
|    30.0 %|   3000000|2.711666666667e-02|  00:00:25|            1.8e-04|            1.8e-04|            1.8e-04|
+----------+----------+------------------+----------+-------------------+-------------------+-------------------+
|    40.0 %|   4000000|2.717675000000e-02|  00:00:33|            1.6e-04|            1.6e-04|            1.6e-04|
+----------+----------+------------------+----------+-------------------+-------------------+-------------------+
|    50.0 %|   5000000|2.720980000000e-02|  00:00:41|            1.4e-04|            1.4e-04|            1.4e-04|
+----------+----------+------------------+----------+-------------------+-------------------+-------------------+
|    60.0 %|   6000000|2.720983333333e-02|  00:00:50|            1.3e-04|            1.3e-04|            1.3e-04|
+----------+----------+------------------+----------+-------------------+-------------------+-------------------+
|    70.0 %|   7000000|2.719514285714e-02|  00:00:58|            1.2e-04|            1.2e-04|            1.2e-04|
+----------+----------+------------------+----------+-------------------+-------------------+-------------------+
|    80.0 %|   8000000|2.720225000000e-02|  00:01:06|            1.1e-04|            1.1e-04|            1.1e-04|
+----------+----------+------------------+----------+-------------------+-------------------+-------------------+
|    90.0 %|   9000000|2.722477777778e-02|  00:01:14|            1.1e-04|            1.1e-04|            1.1e-04|
+----------+----------+------------------+----------+-------------------+-------------------+-------------------+
|   100.0 %|  10000000|2.723310000000e-02|  00:01:23|            1.0e-04|            1.0e-04|            1.0e-04|
+----------+----------+------------------+----------+-------------------+-------------------+-------------------+
Simulation completed. Releases processed: 9726967, Total simulated time: 14289.82
Fragmentation ratio (mean over simulation): C=0.784079, L=0.689512 | Network=0.736796
Network Name: TOP_61_LAYER42
Starting simulation with lambda=800, mu=1...
+----------+----------+------------------+----------+-------------------+-------------------+-------------------+
|  progress|   arrives|          blocking|   time(s)|            Wald CI|            A-C. CI|          Wilson CI|
+----------+----------+------------------+----------+-------------------+-------------------+-------------------+
|    10.0 %|   1000000|4.336200000000e-02|  00:00:08|            4.0e-04|            4.0e-04|            4.0e-04|
+----------+----------+------------------+----------+-------------------+-------------------+-------------------+
|    20.0 %|   2000000|4.330850000000e-02|  00:00:17|            2.8e-04|            2.8e-04|            2.8e-04|
+----------+----------+------------------+----------+-------------------+-------------------+-------------------+
|    30.0 %|   3000000|4.308133333333e-02|  00:00:25|            2.3e-04|            2.3e-04|            2.3e-04|
+----------+----------+------------------+----------+-------------------+-------------------+-------------------+
|    40.0 %|   4000000|4.299450000000e-02|  00:00:34|            2.0e-04|            2.0e-04|            2.0e-04|
+----------+----------+------------------+----------+-------------------+-------------------+-------------------+
|    50.0 %|   5000000|4.304360000000e-02|  00:00:42|            1.8e-04|            1.8e-04|            1.8e-04|
+----------+----------+------------------+----------+-------------------+-------------------+-------------------+
|    60.0 %|   6000000|4.307966666667e-02|  00:00:51|            1.6e-04|            1.6e-04|            1.6e-04|
+----------+----------+------------------+----------+-------------------+-------------------+-------------------+
|    70.0 %|   7000000|4.296071428571e-02|  00:01:00|            1.5e-04|            1.5e-04|            1.5e-04|
+----------+----------+------------------+----------+-------------------+-------------------+-------------------+
|    80.0 %|   8000000|4.300975000000e-02|  00:01:08|            1.4e-04|            1.4e-04|            1.4e-04|
+----------+----------+------------------+----------+-------------------+-------------------+-------------------+
|    90.0 %|   9000000|4.308966666667e-02|  00:01:16|            1.3e-04|            1.3e-04|            1.3e-04|
+----------+----------+------------------+----------+-------------------+-------------------+-------------------+
|   100.0 %|  10000000|4.311260000000e-02|  00:01:25|            1.3e-04|            1.3e-04|            1.3e-04|
+----------+----------+------------------+----------+-------------------+-------------------+-------------------+
Simulation completed. Releases processed: 9568113, Total simulated time: 12498.24
Fragmentation ratio (mean over simulation): C=0.794491, L=0.722979 | Network=0.758735
Network Name: TOP_61_LAYER42
Starting simulation with lambda=900, mu=1...
+----------+----------+------------------+----------+-------------------+-------------------+-------------------+
|  progress|   arrives|          blocking|   time(s)|            Wald CI|            A-C. CI|          Wilson CI|
+----------+----------+------------------+----------+-------------------+-------------------+-------------------+
|    10.0 %|   1000000|5.818900000000e-02|  00:00:08|            4.6e-04|            4.6e-04|            4.6e-04|
+----------+----------+------------------+----------+-------------------+-------------------+-------------------+
|    20.0 %|   2000000|5.829800000000e-02|  00:00:17|            3.2e-04|            3.2e-04|            3.2e-04|
+----------+----------+------------------+----------+-------------------+-------------------+-------------------+
|    30.0 %|   3000000|5.811633333333e-02|  00:00:26|            2.6e-04|            2.6e-04|            2.6e-04|
+----------+----------+------------------+----------+-------------------+-------------------+-------------------+
|    40.0 %|   4000000|5.801825000000e-02|  00:00:35|            2.3e-04|            2.3e-04|            2.3e-04|
+----------+----------+------------------+----------+-------------------+-------------------+-------------------+
|    50.0 %|   5000000|5.812500000000e-02|  00:00:44|            2.1e-04|            2.1e-04|            2.1e-04|
+----------+----------+------------------+----------+-------------------+-------------------+-------------------+
|    60.0 %|   6000000|5.811500000000e-02|  00:00:53|            1.9e-04|            1.9e-04|            1.9e-04|
+----------+----------+------------------+----------+-------------------+-------------------+-------------------+
|    70.0 %|   7000000|5.805814285714e-02|  00:01:01|            1.7e-04|            1.7e-04|            1.7e-04|
+----------+----------+------------------+----------+-------------------+-------------------+-------------------+
|    80.0 %|   8000000|5.808250000000e-02|  00:01:10|            1.6e-04|            1.6e-04|            1.6e-04|
+----------+----------+------------------+----------+-------------------+-------------------+-------------------+
|    90.0 %|   9000000|5.806855555556e-02|  00:01:19|            1.5e-04|            1.5e-04|            1.5e-04|
+----------+----------+------------------+----------+-------------------+-------------------+-------------------+
|   100.0 %|  10000000|5.806590000000e-02|  00:01:28|            1.4e-04|            1.4e-04|            1.4e-04|
+----------+----------+------------------+----------+-------------------+-------------------+-------------------+
Simulation completed. Releases processed: 9418556, Total simulated time: 11106.43
Fragmentation ratio (mean over simulation): C=0.802259, L=0.738356 | Network=0.770308
Network Name: TOP_61_LAYER42
Starting simulation with lambda=1000, mu=1...
+----------+----------+------------------+----------+-------------------+-------------------+-------------------+
|  progress|   arrives|          blocking|   time(s)|            Wald CI|            A-C. CI|          Wilson CI|
+----------+----------+------------------+----------+-------------------+-------------------+-------------------+
|    10.0 %|   1000000|7.161300000000e-02|  00:00:09|            5.1e-04|            5.1e-04|            5.1e-04|
+----------+----------+------------------+----------+-------------------+-------------------+-------------------+
|    20.0 %|   2000000|7.153900000000e-02|  00:00:18|            3.6e-04|            3.6e-04|            3.6e-04|
+----------+----------+------------------+----------+-------------------+-------------------+-------------------+
|    30.0 %|   3000000|7.157500000000e-02|  00:00:27|            2.9e-04|            2.9e-04|            2.9e-04|
+----------+----------+------------------+----------+-------------------+-------------------+-------------------+
|    40.0 %|   4000000|7.159075000000e-02|  00:00:36|            2.5e-04|            2.5e-04|            2.5e-04|
+----------+----------+------------------+----------+-------------------+-------------------+-------------------+
|    50.0 %|   5000000|7.147100000000e-02|  00:00:45|            2.3e-04|            2.3e-04|            2.3e-04|
+----------+----------+------------------+----------+-------------------+-------------------+-------------------+
|    60.0 %|   6000000|7.148283333333e-02|  00:00:55|            2.1e-04|            2.1e-04|            2.1e-04|
+----------+----------+------------------+----------+-------------------+-------------------+-------------------+
|    70.0 %|   7000000|7.149500000000e-02|  00:01:04|            1.9e-04|            1.9e-04|            1.9e-04|
+----------+----------+------------------+----------+-------------------+-------------------+-------------------+
|    80.0 %|   8000000|7.149362500000e-02|  00:01:13|            1.8e-04|            1.8e-04|            1.8e-04|
+----------+----------+------------------+----------+-------------------+-------------------+-------------------+
|    90.0 %|   9000000|7.149611111111e-02|  00:01:22|            1.7e-04|            1.7e-04|            1.7e-04|
+----------+----------+------------------+----------+-------------------+-------------------+-------------------+
|   100.0 %|  10000000|7.154060000000e-02|  00:01:31|            1.6e-04|            1.6e-04|            1.6e-04|
+----------+----------+------------------+----------+-------------------+-------------------+-------------------+
Simulation completed. Releases processed: 9283656, Total simulated time: 10003.71
Fragmentation ratio (mean over simulation): C=0.798318, L=0.766689 | Network=0.782503
Network Name: TOP_61_LAYER42
Starting simulation with lambda=1100, mu=1...
+----------+----------+------------------+----------+-------------------+-------------------+-------------------+
|  progress|   arrives|          blocking|   time(s)|            Wald CI|            A-C. CI|          Wilson CI|
+----------+----------+------------------+----------+-------------------+-------------------+-------------------+
|    10.0 %|   1000000|8.298100000000e-02|  00:00:09|            5.4e-04|            5.4e-04|            5.4e-04|
+----------+----------+------------------+----------+-------------------+-------------------+-------------------+
|    20.0 %|   2000000|8.290150000000e-02|  00:00:18|            3.8e-04|            3.8e-04|            3.8e-04|
+----------+----------+------------------+----------+-------------------+-------------------+-------------------+
|    30.0 %|   3000000|8.311466666667e-02|  00:00:27|            3.1e-04|            3.1e-04|            3.1e-04|
+----------+----------+------------------+----------+-------------------+-------------------+-------------------+
|    40.0 %|   4000000|8.331500000000e-02|  00:00:37|            2.7e-04|            2.7e-04|            2.7e-04|
+----------+----------+------------------+----------+-------------------+-------------------+-------------------+
|    50.0 %|   5000000|8.360240000000e-02|  00:00:46|            2.4e-04|            2.4e-04|            2.4e-04|
+----------+----------+------------------+----------+-------------------+-------------------+-------------------+
|    60.0 %|   6000000|8.379433333333e-02|  00:00:56|            2.2e-04|            2.2e-04|            2.2e-04|
+----------+----------+------------------+----------+-------------------+-------------------+-------------------+
|    70.0 %|   7000000|8.378142857143e-02|  00:01:05|            2.1e-04|            2.1e-04|            2.1e-04|
+----------+----------+------------------+----------+-------------------+-------------------+-------------------+
|    80.0 %|   8000000|8.387487500000e-02|  00:01:15|            1.9e-04|            1.9e-04|            1.9e-04|
+----------+----------+------------------+----------+-------------------+-------------------+-------------------+
|    90.0 %|   9000000|8.391077777778e-02|  00:01:24|            1.8e-04|            1.8e-04|            1.8e-04|
+----------+----------+------------------+----------+-------------------+-------------------+-------------------+
|   100.0 %|  10000000|8.386330000000e-02|  00:01:34|            1.7e-04|            1.7e-04|            1.7e-04|
+----------+----------+------------------+----------+-------------------+-------------------+-------------------+
Simulation completed. Releases processed: 9160331, Total simulated time: 9091.48
Fragmentation ratio (mean over simulation): C=0.816975, L=0.777903 | Network=0.797439
Network Name: TOP_61_LAYER42
Starting simulation with lambda=1200, mu=1...
+----------+----------+------------------+----------+-------------------+-------------------+-------------------+
|  progress|   arrives|          blocking|   time(s)|            Wald CI|            A-C. CI|          Wilson CI|
+----------+----------+------------------+----------+-------------------+-------------------+-------------------+
|    10.0 %|   1000000|9.539400000000e-02|  00:00:09|            5.8e-04|            5.8e-04|            5.8e-04|
+----------+----------+------------------+----------+-------------------+-------------------+-------------------+
|    20.0 %|   2000000|9.530000000000e-02|  00:00:19|            4.1e-04|            4.1e-04|            4.1e-04|
+----------+----------+------------------+----------+-------------------+-------------------+-------------------+
|    30.0 %|   3000000|9.553300000000e-02|  00:00:28|            3.3e-04|            3.3e-04|            3.3e-04|
+----------+----------+------------------+----------+-------------------+-------------------+-------------------+
|    40.0 %|   4000000|9.561000000000e-02|  00:00:38|            2.9e-04|            2.9e-04|            2.9e-04|
+----------+----------+------------------+----------+-------------------+-------------------+-------------------+
|    50.0 %|   5000000|9.588220000000e-02|  00:00:48|            2.6e-04|            2.6e-04|            2.6e-04|
+----------+----------+------------------+----------+-------------------+-------------------+-------------------+
|    60.0 %|   6000000|9.585033333333e-02|  00:00:58|            2.4e-04|            2.4e-04|            2.4e-04|
+----------+----------+------------------+----------+-------------------+-------------------+-------------------+
|    70.0 %|   7000000|9.577414285714e-02|  00:01:08|            2.2e-04|            2.2e-04|            2.2e-04|
+----------+----------+------------------+----------+-------------------+-------------------+-------------------+
|    80.0 %|   8000000|9.571675000000e-02|  00:01:17|            2.0e-04|            2.0e-04|            2.0e-04|
+----------+----------+------------------+----------+-------------------+-------------------+-------------------+
|    90.0 %|   9000000|9.563811111111e-02|  00:01:27|            1.9e-04|            1.9e-04|            1.9e-04|
+----------+----------+------------------+----------+-------------------+-------------------+-------------------+
|   100.0 %|  10000000|9.560640000000e-02|  00:01:37|            1.8e-04|            1.8e-04|            1.8e-04|
+----------+----------+------------------+----------+-------------------+-------------------+-------------------+
Simulation completed. Releases processed: 9042849, Total simulated time: 8334.83
Fragmentation ratio (mean over simulation): C=0.823071, L=0.790849 | Network=0.806960
Network Name: TOP_61_LAYER42
Starting simulation with lambda=1300, mu=1...
+----------+----------+------------------+----------+-------------------+-------------------+-------------------+
|  progress|   arrives|          blocking|   time(s)|            Wald CI|            A-C. CI|          Wilson CI|
+----------+----------+------------------+----------+-------------------+-------------------+-------------------+
|    10.0 %|   1000000|1.069420000000e-01|  00:00:09|            6.1e-04|            6.1e-04|            6.1e-04|
+----------+----------+------------------+----------+-------------------+-------------------+-------------------+
|    20.0 %|   2000000|1.066430000000e-01|  00:00:20|            4.3e-04|            4.3e-04|            4.3e-04|
+----------+----------+------------------+----------+-------------------+-------------------+-------------------+
|    30.0 %|   3000000|1.067956666667e-01|  00:00:30|            3.5e-04|            3.5e-04|            3.5e-04|
+----------+----------+------------------+----------+-------------------+-------------------+-------------------+
|    40.0 %|   4000000|1.067545000000e-01|  00:00:40|            3.0e-04|            3.0e-04|            3.0e-04|
+----------+----------+------------------+----------+-------------------+-------------------+-------------------+
|    50.0 %|   5000000|1.067396000000e-01|  00:00:50|            2.7e-04|            2.7e-04|            2.7e-04|
+----------+----------+------------------+----------+-------------------+-------------------+-------------------+
|    60.0 %|   6000000|1.067413333333e-01|  00:00:59|            2.5e-04|            2.5e-04|            2.5e-04|
+----------+----------+------------------+----------+-------------------+-------------------+-------------------+
|    70.0 %|   7000000|1.067631428571e-01|  00:01:09|            2.3e-04|            2.3e-04|            2.3e-04|
+----------+----------+------------------+----------+-------------------+-------------------+-------------------+
|    80.0 %|   8000000|1.069141250000e-01|  00:01:20|            2.1e-04|            2.1e-04|            2.1e-04|
+----------+----------+------------------+----------+-------------------+-------------------+-------------------+
|    90.0 %|   9000000|1.068762222222e-01|  00:01:30|            2.0e-04|            2.0e-04|            2.0e-04|
+----------+----------+------------------+----------+-------------------+-------------------+-------------------+
|   100.0 %|  10000000|1.069326000000e-01|  00:01:40|            1.9e-04|            1.9e-04|            1.9e-04|
+----------+----------+------------------+----------+-------------------+-------------------+-------------------+
Simulation completed. Releases processed: 8929517, Total simulated time: 7688.92
Fragmentation ratio (mean over simulation): C=0.820825, L=0.804732 | Network=0.812779
Network Name: TOP_61_LAYER42
Starting simulation with lambda=1400, mu=1...
+----------+----------+------------------+----------+-------------------+-------------------+-------------------+
|  progress|   arrives|          blocking|   time(s)|            Wald CI|            A-C. CI|          Wilson CI|
+----------+----------+------------------+----------+-------------------+-------------------+-------------------+
|    10.0 %|   1000000|1.175790000000e-01|  00:00:10|            6.3e-04|            6.3e-04|            6.3e-04|
+----------+----------+------------------+----------+-------------------+-------------------+-------------------+
|    20.0 %|   2000000|1.176545000000e-01|  00:00:20|            4.5e-04|            4.5e-04|            4.5e-04|
+----------+----------+------------------+----------+-------------------+-------------------+-------------------+
|    30.0 %|   3000000|1.175706666667e-01|  00:00:30|            3.6e-04|            3.6e-04|            3.6e-04|
+----------+----------+------------------+----------+-------------------+-------------------+-------------------+
|    40.0 %|   4000000|1.177670000000e-01|  00:00:40|            3.2e-04|            3.2e-04|            3.2e-04|
+----------+----------+------------------+----------+-------------------+-------------------+-------------------+
|    50.0 %|   5000000|1.179138000000e-01|  00:00:50|            2.8e-04|            2.8e-04|            2.8e-04|
+----------+----------+------------------+----------+-------------------+-------------------+-------------------+
|    60.0 %|   6000000|1.177046666667e-01|  00:01:00|            2.6e-04|            2.6e-04|            2.6e-04|
+----------+----------+------------------+----------+-------------------+-------------------+-------------------+
|    70.0 %|   7000000|1.176265714286e-01|  00:01:10|            2.4e-04|            2.4e-04|            2.4e-04|
+----------+----------+------------------+----------+-------------------+-------------------+-------------------+
|    80.0 %|   8000000|1.175548750000e-01|  00:01:20|            2.2e-04|            2.2e-04|            2.2e-04|
+----------+----------+------------------+----------+-------------------+-------------------+-------------------+
|    90.0 %|   9000000|1.176183333333e-01|  00:01:30|            2.1e-04|            2.1e-04|            2.1e-04|
+----------+----------+------------------+----------+-------------------+-------------------+-------------------+
|   100.0 %|  10000000|1.176133000000e-01|  00:01:40|            2.0e-04|            2.0e-04|            2.0e-04|
+----------+----------+------------------+----------+-------------------+-------------------+-------------------+
Simulation completed. Releases processed: 8822587, Total simulated time: 7140.48
Fragmentation ratio (mean over simulation): C=0.825302, L=0.807890 | Network=0.816596
Network Name: TOP_61_LAYER42
Starting simulation with lambda=1500, mu=1...
+----------+----------+------------------+----------+-------------------+-------------------+-------------------+
|  progress|   arrives|          blocking|   time(s)|            Wald CI|            A-C. CI|          Wilson CI|
+----------+----------+------------------+----------+-------------------+-------------------+-------------------+
|    10.0 %|   1000000|1.291580000000e-01|  00:00:10|            6.6e-04|            6.6e-04|            6.6e-04|
+----------+----------+------------------+----------+-------------------+-------------------+-------------------+
|    20.0 %|   2000000|1.291050000000e-01|  00:00:20|            4.6e-04|            4.6e-04|            4.6e-04|
+----------+----------+------------------+----------+-------------------+-------------------+-------------------+
|    30.0 %|   3000000|1.289840000000e-01|  00:00:30|            3.8e-04|            3.8e-04|            3.8e-04|
+----------+----------+------------------+----------+-------------------+-------------------+-------------------+
|    40.0 %|   4000000|1.289142500000e-01|  00:00:41|            3.3e-04|            3.3e-04|            3.3e-04|
+----------+----------+------------------+----------+-------------------+-------------------+-------------------+
|    50.0 %|   5000000|1.287982000000e-01|  00:00:51|            2.9e-04|            2.9e-04|            2.9e-04|
+----------+----------+------------------+----------+-------------------+-------------------+-------------------+
|    60.0 %|   6000000|1.287166666667e-01|  00:01:01|            2.7e-04|            2.7e-04|            2.7e-04|
+----------+----------+------------------+----------+-------------------+-------------------+-------------------+
|    70.0 %|   7000000|1.286037142857e-01|  00:01:12|            2.5e-04|            2.5e-04|            2.5e-04|
+----------+----------+------------------+----------+-------------------+-------------------+-------------------+
|    80.0 %|   8000000|1.286116250000e-01|  00:01:22|            2.3e-04|            2.3e-04|            2.3e-04|
+----------+----------+------------------+----------+-------------------+-------------------+-------------------+
|    90.0 %|   9000000|1.285431111111e-01|  00:01:32|            2.2e-04|            2.2e-04|            2.2e-04|
+----------+----------+------------------+----------+-------------------+-------------------+-------------------+
|   100.0 %|  10000000|1.285709000000e-01|  00:01:42|            2.1e-04|            2.1e-04|            2.1e-04|
+----------+----------+------------------+----------+-------------------+-------------------+-------------------+
Simulation completed. Releases processed: 8712970, Total simulated time: 6665.77
Fragmentation ratio (mean over simulation): C=0.823500, L=0.809697 | Network=0.816598
Network Name: TOP_61_LAYER42
Starting simulation with lambda=1600, mu=1...
+----------+----------+------------------+----------+-------------------+-------------------+-------------------+
|  progress|   arrives|          blocking|   time(s)|            Wald CI|            A-C. CI|          Wilson CI|
+----------+----------+------------------+----------+-------------------+-------------------+-------------------+
|    10.0 %|   1000000|1.384620000000e-01|  00:00:10|            6.8e-04|            6.8e-04|            6.8e-04|
+----------+----------+------------------+----------+-------------------+-------------------+-------------------+
|    20.0 %|   2000000|1.383210000000e-01|  00:00:20|            4.8e-04|            4.8e-04|            4.8e-04|
+----------+----------+------------------+----------+-------------------+-------------------+-------------------+
|    30.0 %|   3000000|1.384646666667e-01|  00:00:30|            3.9e-04|            3.9e-04|            3.9e-04|
+----------+----------+------------------+----------+-------------------+-------------------+-------------------+
|    40.0 %|   4000000|1.383520000000e-01|  00:00:41|            3.4e-04|            3.4e-04|            3.4e-04|
+----------+----------+------------------+----------+-------------------+-------------------+-------------------+
|    50.0 %|   5000000|1.384012000000e-01|  00:00:51|            3.0e-04|            3.0e-04|            3.0e-04|
+----------+----------+------------------+----------+-------------------+-------------------+-------------------+
|    60.0 %|   6000000|1.384095000000e-01|  00:01:01|            2.8e-04|            2.8e-04|            2.8e-04|
+----------+----------+------------------+----------+-------------------+-------------------+-------------------+
|    70.0 %|   7000000|1.384904285714e-01|  00:01:12|            2.6e-04|            2.6e-04|            2.6e-04|
+----------+----------+------------------+----------+-------------------+-------------------+-------------------+
|    80.0 %|   8000000|1.385170000000e-01|  00:01:22|            2.4e-04|            2.4e-04|            2.4e-04|
+----------+----------+------------------+----------+-------------------+-------------------+-------------------+
|    90.0 %|   9000000|1.385607777778e-01|  00:01:32|            2.3e-04|            2.3e-04|            2.3e-04|
+----------+----------+------------------+----------+-------------------+-------------------+-------------------+
|   100.0 %|  10000000|1.385476000000e-01|  00:01:42|            2.1e-04|            2.1e-04|            2.1e-04|
+----------+----------+------------------+----------+-------------------+-------------------+-------------------+
Simulation completed. Releases processed: 8613149, Total simulated time: 6250.94
Fragmentation ratio (mean over simulation): C=0.827669, L=0.824968 | Network=0.826319
Network Name: TOP_61_LAYER42
Starting simulation with lambda=1700, mu=1...
+----------+----------+------------------+----------+-------------------+-------------------+-------------------+
|  progress|   arrives|          blocking|   time(s)|            Wald CI|            A-C. CI|          Wilson CI|
+----------+----------+------------------+----------+-------------------+-------------------+-------------------+
|    10.0 %|   1000000|1.483760000000e-01|  00:00:10|            7.0e-04|            7.0e-04|            7.0e-04|
+----------+----------+------------------+----------+-------------------+-------------------+-------------------+
|    20.0 %|   2000000|1.485505000000e-01|  00:00:20|            4.9e-04|            4.9e-04|            4.9e-04|
+----------+----------+------------------+----------+-------------------+-------------------+-------------------+
|    30.0 %|   3000000|1.483956666667e-01|  00:00:31|            4.0e-04|            4.0e-04|            4.0e-04|
+----------+----------+------------------+----------+-------------------+-------------------+-------------------+
|    40.0 %|   4000000|1.483422500000e-01|  00:00:41|            3.5e-04|            3.5e-04|            3.5e-04|
+----------+----------+------------------+----------+-------------------+-------------------+-------------------+
|    50.0 %|   5000000|1.480490000000e-01|  00:00:52|            3.1e-04|            3.1e-04|            3.1e-04|
+----------+----------+------------------+----------+-------------------+-------------------+-------------------+
|    60.0 %|   6000000|1.480955000000e-01|  00:01:02|            2.8e-04|            2.8e-04|            2.8e-04|
+----------+----------+------------------+----------+-------------------+-------------------+-------------------+
|    70.0 %|   7000000|1.481677142857e-01|  00:01:12|            2.6e-04|            2.6e-04|            2.6e-04|
+----------+----------+------------------+----------+-------------------+-------------------+-------------------+
|    80.0 %|   8000000|1.482101250000e-01|  00:01:23|            2.5e-04|            2.5e-04|            2.5e-04|
+----------+----------+------------------+----------+-------------------+-------------------+-------------------+
|    90.0 %|   9000000|1.482830000000e-01|  00:01:33|            2.3e-04|            2.3e-04|            2.3e-04|
+----------+----------+------------------+----------+-------------------+-------------------+-------------------+
|   100.0 %|  10000000|1.481703000000e-01|  00:01:43|            2.2e-04|            2.2e-04|            2.2e-04|
+----------+----------+------------------+----------+-------------------+-------------------+-------------------+
Simulation completed. Releases processed: 8516869, Total simulated time: 5884.44
Fragmentation ratio (mean over simulation): C=0.830099, L=0.820744 | Network=0.825422
Network Name: TOP_61_LAYER42
Starting simulation with lambda=1800, mu=1...
+----------+----------+------------------+----------+-------------------+-------------------+-------------------+
|  progress|   arrives|          blocking|   time(s)|            Wald CI|            A-C. CI|          Wilson CI|
+----------+----------+------------------+----------+-------------------+-------------------+-------------------+
|    10.0 %|   1000000|1.580020000000e-01|  00:00:10|            7.1e-04|            7.1e-04|            7.1e-04|
+----------+----------+------------------+----------+-------------------+-------------------+-------------------+
|    20.0 %|   2000000|1.577045000000e-01|  00:00:20|            5.1e-04|            5.1e-04|            5.1e-04|
+----------+----------+------------------+----------+-------------------+-------------------+-------------------+
|    30.0 %|   3000000|1.577426666667e-01|  00:00:31|            4.1e-04|            4.1e-04|            4.1e-04|
+----------+----------+------------------+----------+-------------------+-------------------+-------------------+
|    40.0 %|   4000000|1.575662500000e-01|  00:00:42|            3.6e-04|            3.6e-04|            3.6e-04|
+----------+----------+------------------+----------+-------------------+-------------------+-------------------+
|    50.0 %|   5000000|1.574712000000e-01|  00:00:52|            3.2e-04|            3.2e-04|            3.2e-04|
+----------+----------+------------------+----------+-------------------+-------------------+-------------------+
|    60.0 %|   6000000|1.575136666667e-01|  00:01:03|            2.9e-04|            2.9e-04|            2.9e-04|
+----------+----------+------------------+----------+-------------------+-------------------+-------------------+
|    70.0 %|   7000000|1.573925714286e-01|  00:01:13|            2.7e-04|            2.7e-04|            2.7e-04|
+----------+----------+------------------+----------+-------------------+-------------------+-------------------+
|    80.0 %|   8000000|1.574092500000e-01|  00:01:23|            2.5e-04|            2.5e-04|            2.5e-04|
+----------+----------+------------------+----------+-------------------+-------------------+-------------------+
|    90.0 %|   9000000|1.574642222222e-01|  00:01:34|            2.4e-04|            2.4e-04|            2.4e-04|
+----------+----------+------------------+----------+-------------------+-------------------+-------------------+
|   100.0 %|  10000000|1.574122000000e-01|  00:01:44|            2.3e-04|            2.3e-04|            2.3e-04|
+----------+----------+------------------+----------+-------------------+-------------------+-------------------+
Simulation completed. Releases processed: 8424350, Total simulated time: 5557.35
Fragmentation ratio (mean over simulation): C=0.826017, L=0.817098 | Network=0.821558
Network Name: TOP_61_LAYER42
Starting simulation with lambda=1900, mu=1...
+----------+----------+------------------+----------+-------------------+-------------------+-------------------+
|  progress|   arrives|          blocking|   time(s)|            Wald CI|            A-C. CI|          Wilson CI|
+----------+----------+------------------+----------+-------------------+-------------------+-------------------+
|    10.0 %|   1000000|1.661530000000e-01|  00:00:10|            7.3e-04|            7.3e-04|            7.3e-04|
+----------+----------+------------------+----------+-------------------+-------------------+-------------------+
|    20.0 %|   2000000|1.662055000000e-01|  00:00:20|            5.2e-04|            5.2e-04|            5.2e-04|
+----------+----------+------------------+----------+-------------------+-------------------+-------------------+
|    30.0 %|   3000000|1.660140000000e-01|  00:00:31|            4.2e-04|            4.2e-04|            4.2e-04|
+----------+----------+------------------+----------+-------------------+-------------------+-------------------+
|    40.0 %|   4000000|1.660382500000e-01|  00:00:42|            3.6e-04|            3.6e-04|            3.6e-04|
+----------+----------+------------------+----------+-------------------+-------------------+-------------------+
|    50.0 %|   5000000|1.660158000000e-01|  00:00:52|            3.3e-04|            3.3e-04|            3.3e-04|
+----------+----------+------------------+----------+-------------------+-------------------+-------------------+
|    60.0 %|   6000000|1.659891666667e-01|  00:01:03|            3.0e-04|            3.0e-04|            3.0e-04|
+----------+----------+------------------+----------+-------------------+-------------------+-------------------+
|    70.0 %|   7000000|1.659994285714e-01|  00:01:13|            2.8e-04|            2.8e-04|            2.8e-04|
+----------+----------+------------------+----------+-------------------+-------------------+-------------------+
|    80.0 %|   8000000|1.660270000000e-01|  00:01:24|            2.6e-04|            2.6e-04|            2.6e-04|
+----------+----------+------------------+----------+-------------------+-------------------+-------------------+
|    90.0 %|   9000000|1.659931111111e-01|  00:01:35|            2.4e-04|            2.4e-04|            2.4e-04|
+----------+----------+------------------+----------+-------------------+-------------------+-------------------+
|   100.0 %|  10000000|1.659243000000e-01|  00:01:45|            2.3e-04|            2.3e-04|            2.3e-04|
+----------+----------+------------------+----------+-------------------+-------------------+-------------------+
Simulation completed. Releases processed: 8339214, Total simulated time: 5263.58
Fragmentation ratio (mean over simulation): C=0.828397, L=0.826427 | Network=0.827412
Network Name: TOP_61_LAYER42
Starting simulation with lambda=2000, mu=1...
+----------+----------+------------------+----------+-------------------+-------------------+-------------------+
|  progress|   arrives|          blocking|   time(s)|            Wald CI|            A-C. CI|          Wilson CI|
+----------+----------+------------------+----------+-------------------+-------------------+-------------------+
|    10.0 %|   1000000|1.739060000000e-01|  00:00:10|            7.4e-04|            7.4e-04|            7.4e-04|
+----------+----------+------------------+----------+-------------------+-------------------+-------------------+
|    20.0 %|   2000000|1.737705000000e-01|  00:00:21|            5.3e-04|            5.3e-04|            5.3e-04|
+----------+----------+------------------+----------+-------------------+-------------------+-------------------+
|    30.0 %|   3000000|1.740516666667e-01|  00:00:31|            4.3e-04|            4.3e-04|            4.3e-04|
+----------+----------+------------------+----------+-------------------+-------------------+-------------------+
|    40.0 %|   4000000|1.739992500000e-01|  00:00:42|            3.7e-04|            3.7e-04|            3.7e-04|
+----------+----------+------------------+----------+-------------------+-------------------+-------------------+
|    50.0 %|   5000000|1.741794000000e-01|  00:00:52|            3.3e-04|            3.3e-04|            3.3e-04|
+----------+----------+------------------+----------+-------------------+-------------------+-------------------+
|    60.0 %|   6000000|1.742618333333e-01|  00:01:03|            3.0e-04|            3.0e-04|            3.0e-04|
+----------+----------+------------------+----------+-------------------+-------------------+-------------------+
|    70.0 %|   7000000|1.743115714286e-01|  00:01:14|            2.8e-04|            2.8e-04|            2.8e-04|
+----------+----------+------------------+----------+-------------------+-------------------+-------------------+
|    80.0 %|   8000000|1.742282500000e-01|  00:01:25|            2.6e-04|            2.6e-04|            2.6e-04|
+----------+----------+------------------+----------+-------------------+-------------------+-------------------+
|    90.0 %|   9000000|1.741704444444e-01|  00:01:36|            2.5e-04|            2.5e-04|            2.5e-04|
+----------+----------+------------------+----------+-------------------+-------------------+-------------------+
|   100.0 %|  10000000|1.742366000000e-01|  00:01:46|            2.4e-04|            2.4e-04|            2.4e-04|
+----------+----------+------------------+----------+-------------------+-------------------+-------------------+
Simulation completed. Releases processed: 8255992, Total simulated time: 4998.84
Fragmentation ratio (mean over simulation): C=0.831947, L=0.834925 | Network=0.833436
Network Name: TOP_61_LAYER42
Starting simulation with lambda=2100, mu=1...
+----------+----------+------------------+----------+-------------------+-------------------+-------------------+
|  progress|   arrives|          blocking|   time(s)|            Wald CI|            A-C. CI|          Wilson CI|
+----------+----------+------------------+----------+-------------------+-------------------+-------------------+
|    10.0 %|   1000000|1.809040000000e-01|  00:00:10|            7.5e-04|            7.5e-04|            7.5e-04|
+----------+----------+------------------+----------+-------------------+-------------------+-------------------+
|    20.0 %|   2000000|1.812440000000e-01|  00:00:21|            5.3e-04|            5.3e-04|            5.3e-04|
+----------+----------+------------------+----------+-------------------+-------------------+-------------------+
|    30.0 %|   3000000|1.812266666667e-01|  00:00:31|            4.4e-04|            4.4e-04|            4.4e-04|
+----------+----------+------------------+----------+-------------------+-------------------+-------------------+
|    40.0 %|   4000000|1.814202500000e-01|  00:00:42|            3.8e-04|            3.8e-04|            3.8e-04|
+----------+----------+------------------+----------+-------------------+-------------------+-------------------+
|    50.0 %|   5000000|1.814070000000e-01|  00:00:53|            3.4e-04|            3.4e-04|            3.4e-04|
+----------+----------+------------------+----------+-------------------+-------------------+-------------------+
|    60.0 %|   6000000|1.815280000000e-01|  00:01:04|            3.1e-04|            3.1e-04|            3.1e-04|
+----------+----------+------------------+----------+-------------------+-------------------+-------------------+
|    70.0 %|   7000000|1.815131428571e-01|  00:01:15|            2.9e-04|            2.9e-04|            2.9e-04|
+----------+----------+------------------+----------+-------------------+-------------------+-------------------+
|    80.0 %|   8000000|1.814362500000e-01|  00:01:26|            2.7e-04|            2.7e-04|            2.7e-04|
+----------+----------+------------------+----------+-------------------+-------------------+-------------------+
|    90.0 %|   9000000|1.815103333333e-01|  00:01:36|            2.5e-04|            2.5e-04|            2.5e-04|
+----------+----------+------------------+----------+-------------------+-------------------+-------------------+
|   100.0 %|  10000000|1.815661000000e-01|  00:01:47|            2.4e-04|            2.4e-04|            2.4e-04|
+----------+----------+------------------+----------+-------------------+-------------------+-------------------+
Simulation completed. Releases processed: 8182671, Total simulated time: 4762.52
Fragmentation ratio (mean over simulation): C=0.831776, L=0.822777 | Network=0.827276
Network Name: TOP_61_LAYER42
Starting simulation with lambda=2200, mu=1...
+----------+----------+------------------+----------+-------------------+-------------------+-------------------+
|  progress|   arrives|          blocking|   time(s)|            Wald CI|            A-C. CI|          Wilson CI|
+----------+----------+------------------+----------+-------------------+-------------------+-------------------+
|    10.0 %|   1000000|1.889390000000e-01|  00:00:11|            7.7e-04|            7.7e-04|            7.7e-04|
+----------+----------+------------------+----------+-------------------+-------------------+-------------------+
|    20.0 %|   2000000|1.887995000000e-01|  00:00:22|            5.4e-04|            5.4e-04|            5.4e-04|
+----------+----------+------------------+----------+-------------------+-------------------+-------------------+
|    30.0 %|   3000000|1.888750000000e-01|  00:00:32|            4.4e-04|            4.4e-04|            4.4e-04|
+----------+----------+------------------+----------+-------------------+-------------------+-------------------+
|    40.0 %|   4000000|1.888907500000e-01|  00:00:43|            3.8e-04|            3.8e-04|            3.8e-04|
+----------+----------+------------------+----------+-------------------+-------------------+-------------------+
|    50.0 %|   5000000|1.888848000000e-01|  00:00:54|            3.4e-04|            3.4e-04|            3.4e-04|
+----------+----------+------------------+----------+-------------------+-------------------+-------------------+
|    60.0 %|   6000000|1.887685000000e-01|  00:01:05|            3.1e-04|            3.1e-04|            3.1e-04|
+----------+----------+------------------+----------+-------------------+-------------------+-------------------+
|    70.0 %|   7000000|1.886357142857e-01|  00:01:16|            2.9e-04|            2.9e-04|            2.9e-04|
+----------+----------+------------------+----------+-------------------+-------------------+-------------------+
|    80.0 %|   8000000|1.886708750000e-01|  00:01:27|            2.7e-04|            2.7e-04|            2.7e-04|
+----------+----------+------------------+----------+-------------------+-------------------+-------------------+
|    90.0 %|   9000000|1.887152222222e-01|  00:01:38|            2.6e-04|            2.6e-04|            2.6e-04|
+----------+----------+------------------+----------+-------------------+-------------------+-------------------+
|   100.0 %|  10000000|1.887470000000e-01|  00:01:49|            2.4e-04|            2.4e-04|            2.4e-04|
+----------+----------+------------------+----------+-------------------+-------------------+-------------------+
Simulation completed. Releases processed: 8110774, Total simulated time: 4544.17
Fragmentation ratio (mean over simulation): C=0.815598, L=0.833662 | Network=0.824630
Network Name: TOP_61_LAYER42
Starting simulation with lambda=2300, mu=1...
+----------+----------+------------------+----------+-------------------+-------------------+-------------------+
|  progress|   arrives|          blocking|   time(s)|            Wald CI|            A-C. CI|          Wilson CI|
+----------+----------+------------------+----------+-------------------+-------------------+-------------------+
|    10.0 %|   1000000|1.953570000000e-01|  00:00:11|            7.8e-04|            7.8e-04|            7.8e-04|
+----------+----------+------------------+----------+-------------------+-------------------+-------------------+
|    20.0 %|   2000000|1.952725000000e-01|  00:00:22|            5.5e-04|            5.5e-04|            5.5e-04|
+----------+----------+------------------+----------+-------------------+-------------------+-------------------+
|    30.0 %|   3000000|1.953976666667e-01|  00:00:33|            4.5e-04|            4.5e-04|            4.5e-04|
+----------+----------+------------------+----------+-------------------+-------------------+-------------------+
|    40.0 %|   4000000|1.955197500000e-01|  00:00:44|            3.9e-04|            3.9e-04|            3.9e-04|
+----------+----------+------------------+----------+-------------------+-------------------+-------------------+
|    50.0 %|   5000000|1.955128000000e-01|  00:00:55|            3.5e-04|            3.5e-04|            3.5e-04|
+----------+----------+------------------+----------+-------------------+-------------------+-------------------+
|    60.0 %|   6000000|1.955216666667e-01|  00:01:06|            3.2e-04|            3.2e-04|            3.2e-04|
+----------+----------+------------------+----------+-------------------+-------------------+-------------------+
|    70.0 %|   7000000|1.955781428571e-01|  00:01:17|            2.9e-04|            2.9e-04|            2.9e-04|
+----------+----------+------------------+----------+-------------------+-------------------+-------------------+
|    80.0 %|   8000000|1.955290000000e-01|  00:01:28|            2.7e-04|            2.7e-04|            2.7e-04|
+----------+----------+------------------+----------+-------------------+-------------------+-------------------+
|    90.0 %|   9000000|1.955025555556e-01|  00:01:39|            2.6e-04|            2.6e-04|            2.6e-04|
+----------+----------+------------------+----------+-------------------+-------------------+-------------------+
|   100.0 %|  10000000|1.955362000000e-01|  00:01:50|            2.5e-04|            2.5e-04|            2.5e-04|
+----------+----------+------------------+----------+-------------------+-------------------+-------------------+
Simulation completed. Releases processed: 8042842, Total simulated time: 4347.32
Fragmentation ratio (mean over simulation): C=0.819644, L=0.830097 | Network=0.824871
Network Name: TOP_61_LAYER42
Starting simulation with lambda=2400, mu=1...
+----------+----------+------------------+----------+-------------------+-------------------+-------------------+
|  progress|   arrives|          blocking|   time(s)|            Wald CI|            A-C. CI|          Wilson CI|
+----------+----------+------------------+----------+-------------------+-------------------+-------------------+
|    10.0 %|   1000000|2.026010000000e-01|  00:00:10|            7.9e-04|            7.9e-04|            7.9e-04|
+----------+----------+------------------+----------+-------------------+-------------------+-------------------+
|    20.0 %|   2000000|2.022585000000e-01|  00:00:21|            5.6e-04|            5.6e-04|            5.6e-04|
+----------+----------+------------------+----------+-------------------+-------------------+-------------------+
|    30.0 %|   3000000|2.024160000000e-01|  00:00:33|            4.5e-04|            4.5e-04|            4.5e-04|
+----------+----------+------------------+----------+-------------------+-------------------+-------------------+
|    40.0 %|   4000000|2.023867500000e-01|  00:00:44|            3.9e-04|            3.9e-04|            3.9e-04|
+----------+----------+------------------+----------+-------------------+-------------------+-------------------+
|    50.0 %|   5000000|2.023488000000e-01|  00:00:55|            3.5e-04|            3.5e-04|            3.5e-04|
+----------+----------+------------------+----------+-------------------+-------------------+-------------------+
|    60.0 %|   6000000|2.022915000000e-01|  00:01:06|            3.2e-04|            3.2e-04|            3.2e-04|
+----------+----------+------------------+----------+-------------------+-------------------+-------------------+
|    70.0 %|   7000000|2.022674285714e-01|  00:01:17|            3.0e-04|            3.0e-04|            3.0e-04|
+----------+----------+------------------+----------+-------------------+-------------------+-------------------+
|    80.0 %|   8000000|2.021766250000e-01|  00:01:28|            2.8e-04|            2.8e-04|            2.8e-04|
+----------+----------+------------------+----------+-------------------+-------------------+-------------------+
|    90.0 %|   9000000|2.021083333333e-01|  00:01:39|            2.6e-04|            2.6e-04|            2.6e-04|
+----------+----------+------------------+----------+-------------------+-------------------+-------------------+
|   100.0 %|  10000000|2.021788000000e-01|  00:01:50|            2.5e-04|            2.5e-04|            2.5e-04|
+----------+----------+------------------+----------+-------------------+-------------------+-------------------+
Simulation completed. Releases processed: 7976255, Total simulated time: 4167.41
Fragmentation ratio (mean over simulation): C=0.822265, L=0.838779 | Network=0.830522
Network Name: TOP_61_LAYER42
Starting simulation with lambda=2500, mu=1...
+----------+----------+------------------+----------+-------------------+-------------------+-------------------+
|  progress|   arrives|          blocking|   time(s)|            Wald CI|            A-C. CI|          Wilson CI|
+----------+----------+------------------+----------+-------------------+-------------------+-------------------+
|    10.0 %|   1000000|2.090940000000e-01|  00:00:11|            8.0e-04|            8.0e-04|            8.0e-04|
+----------+----------+------------------+----------+-------------------+-------------------+-------------------+
|    20.0 %|   2000000|2.085780000000e-01|  00:00:22|            5.6e-04|            5.6e-04|            5.6e-04|
+----------+----------+------------------+----------+-------------------+-------------------+-------------------+
|    30.0 %|   3000000|2.086750000000e-01|  00:00:33|            4.6e-04|            4.6e-04|            4.6e-04|
+----------+----------+------------------+----------+-------------------+-------------------+-------------------+
|    40.0 %|   4000000|2.084500000000e-01|  00:00:44|            4.0e-04|            4.0e-04|            4.0e-04|
+----------+----------+------------------+----------+-------------------+-------------------+-------------------+
|    50.0 %|   5000000|2.082974000000e-01|  00:00:55|            3.6e-04|            3.6e-04|            3.6e-04|
+----------+----------+------------------+----------+-------------------+-------------------+-------------------+
|    60.0 %|   6000000|2.083081666667e-01|  00:01:06|            3.2e-04|            3.2e-04|            3.2e-04|
+----------+----------+------------------+----------+-------------------+-------------------+-------------------+
|    70.0 %|   7000000|2.082828571429e-01|  00:01:17|            3.0e-04|            3.0e-04|            3.0e-04|
+----------+----------+------------------+----------+-------------------+-------------------+-------------------+
|    80.0 %|   8000000|2.082671250000e-01|  00:01:28|            2.8e-04|            2.8e-04|            2.8e-04|
+----------+----------+------------------+----------+-------------------+-------------------+-------------------+
|    90.0 %|   9000000|2.082888888889e-01|  00:01:39|            2.7e-04|            2.7e-04|            2.7e-04|
+----------+----------+------------------+----------+-------------------+-------------------+-------------------+
|   100.0 %|  10000000|2.083709000000e-01|  00:01:50|            2.5e-04|            2.5e-04|            2.5e-04|
+----------+----------+------------------+----------+-------------------+-------------------+-------------------+
Simulation completed. Releases processed: 7914326, Total simulated time: 4001.52
Fragmentation ratio (mean over simulation): C=0.832589, L=0.851901 | Network=0.842245
Network Name: TOP_61_LAYER42
Starting simulation with lambda=2600, mu=1...
+----------+----------+------------------+----------+-------------------+-------------------+-------------------+
|  progress|   arrives|          blocking|   time(s)|            Wald CI|            A-C. CI|          Wilson CI|
+----------+----------+------------------+----------+-------------------+-------------------+-------------------+
|    10.0 %|   1000000|2.140450000000e-01|  00:00:11|            8.0e-04|            8.0e-04|            8.0e-04|
+----------+----------+------------------+----------+-------------------+-------------------+-------------------+
|    20.0 %|   2000000|2.142650000000e-01|  00:00:22|            5.7e-04|            5.7e-04|            5.7e-04|
+----------+----------+------------------+----------+-------------------+-------------------+-------------------+
|    30.0 %|   3000000|2.143010000000e-01|  00:00:33|            4.6e-04|            4.6e-04|            4.6e-04|
+----------+----------+------------------+----------+-------------------+-------------------+-------------------+
|    40.0 %|   4000000|2.143057500000e-01|  00:00:44|            4.0e-04|            4.0e-04|            4.0e-04|
+----------+----------+------------------+----------+-------------------+-------------------+-------------------+
|    50.0 %|   5000000|2.144210000000e-01|  00:00:55|            3.6e-04|            3.6e-04|            3.6e-04|
+----------+----------+------------------+----------+-------------------+-------------------+-------------------+
|    60.0 %|   6000000|2.143830000000e-01|  00:01:07|            3.3e-04|            3.3e-04|            3.3e-04|
+----------+----------+------------------+----------+-------------------+-------------------+-------------------+
|    70.0 %|   7000000|2.144671428571e-01|  00:01:18|            3.0e-04|            3.0e-04|            3.0e-04|
+----------+----------+------------------+----------+-------------------+-------------------+-------------------+
|    80.0 %|   8000000|2.144585000000e-01|  00:01:29|            2.8e-04|            2.8e-04|            2.8e-04|
+----------+----------+------------------+----------+-------------------+-------------------+-------------------+
|    90.0 %|   9000000|2.144847777778e-01|  00:01:41|            2.7e-04|            2.7e-04|            2.7e-04|
+----------+----------+------------------+----------+-------------------+-------------------+-------------------+
|   100.0 %|  10000000|2.145025000000e-01|  00:01:52|            2.5e-04|            2.5e-04|            2.5e-04|
+----------+----------+------------------+----------+-------------------+-------------------+-------------------+
Simulation completed. Releases processed: 7852885, Total simulated time: 3847.25
Fragmentation ratio (mean over simulation): C=0.823361, L=0.854233 | Network=0.838797
Network Name: TOP_61_LAYER42
Starting simulation with lambda=2700, mu=1...
+----------+----------+------------------+----------+-------------------+-------------------+-------------------+
|  progress|   arrives|          blocking|   time(s)|            Wald CI|            A-C. CI|          Wilson CI|
+----------+----------+------------------+----------+-------------------+-------------------+-------------------+
|    10.0 %|   1000000|2.209010000000e-01|  00:00:11|            8.1e-04|            8.1e-04|            8.1e-04|
+----------+----------+------------------+----------+-------------------+-------------------+-------------------+
|    20.0 %|   2000000|2.203940000000e-01|  00:00:22|            5.7e-04|            5.7e-04|            5.7e-04|
+----------+----------+------------------+----------+-------------------+-------------------+-------------------+
|    30.0 %|   3000000|2.202690000000e-01|  00:00:33|            4.7e-04|            4.7e-04|            4.7e-04|
+----------+----------+------------------+----------+-------------------+-------------------+-------------------+
|    40.0 %|   4000000|2.203667500000e-01|  00:00:45|            4.1e-04|            4.1e-04|            4.1e-04|
+----------+----------+------------------+----------+-------------------+-------------------+-------------------+
|    50.0 %|   5000000|2.204184000000e-01|  00:00:56|            3.6e-04|            3.6e-04|            3.6e-04|
+----------+----------+------------------+----------+-------------------+-------------------+-------------------+
|    60.0 %|   6000000|2.203251666667e-01|  00:01:07|            3.3e-04|            3.3e-04|            3.3e-04|
+----------+----------+------------------+----------+-------------------+-------------------+-------------------+
|    70.0 %|   7000000|2.203874285714e-01|  00:01:18|            3.1e-04|            3.1e-04|            3.1e-04|
+----------+----------+------------------+----------+-------------------+-------------------+-------------------+
|    80.0 %|   8000000|2.203521250000e-01|  00:01:30|            2.9e-04|            2.9e-04|            2.9e-04|
+----------+----------+------------------+----------+-------------------+-------------------+-------------------+
|    90.0 %|   9000000|2.203773333333e-01|  00:01:41|            2.7e-04|            2.7e-04|            2.7e-04|
+----------+----------+------------------+----------+-------------------+-------------------+-------------------+
|   100.0 %|  10000000|2.203594000000e-01|  00:01:53|            2.6e-04|            2.6e-04|            2.6e-04|
+----------+----------+------------------+----------+-------------------+-------------------+-------------------+
Simulation completed. Releases processed: 7794272, Total simulated time: 3704.03
Fragmentation ratio (mean over simulation): C=0.823267, L=0.848727 | Network=0.835997
Network Name: TOP_61_LAYER42
Starting simulation with lambda=2800, mu=1...
+----------+----------+------------------+----------+-------------------+-------------------+-------------------+
|  progress|   arrives|          blocking|   time(s)|            Wald CI|            A-C. CI|          Wilson CI|
+----------+----------+------------------+----------+-------------------+-------------------+-------------------+
|    10.0 %|   1000000|2.268270000000e-01|  00:00:11|            8.2e-04|            8.2e-04|            8.2e-04|
+----------+----------+------------------+----------+-------------------+-------------------+-------------------+
|    20.0 %|   2000000|2.267730000000e-01|  00:00:22|            5.8e-04|            5.8e-04|            5.8e-04|
+----------+----------+------------------+----------+-------------------+-------------------+-------------------+
|    30.0 %|   3000000|2.265236666667e-01|  00:00:34|            4.7e-04|            4.7e-04|            4.7e-04|
+----------+----------+------------------+----------+-------------------+-------------------+-------------------+
|    40.0 %|   4000000|2.264290000000e-01|  00:00:46|            4.1e-04|            4.1e-04|            4.1e-04|
+----------+----------+------------------+----------+-------------------+-------------------+-------------------+
|    50.0 %|   5000000|2.265208000000e-01|  00:00:57|            3.7e-04|            3.7e-04|            3.7e-04|
+----------+----------+------------------+----------+-------------------+-------------------+-------------------+
|    60.0 %|   6000000|2.264931666667e-01|  00:01:09|            3.3e-04|            3.3e-04|            3.3e-04|
+----------+----------+------------------+----------+-------------------+-------------------+-------------------+
|    70.0 %|   7000000|2.265034285714e-01|  00:01:20|            3.1e-04|            3.1e-04|            3.1e-04|
+----------+----------+------------------+----------+-------------------+-------------------+-------------------+
|    80.0 %|   8000000|2.265646250000e-01|  00:01:32|            2.9e-04|            2.9e-04|            2.9e-04|
+----------+----------+------------------+----------+-------------------+-------------------+-------------------+
|    90.0 %|   9000000|2.264843333333e-01|  00:01:44|            2.7e-04|            2.7e-04|            2.7e-04|
+----------+----------+------------------+----------+-------------------+-------------------+-------------------+
|   100.0 %|  10000000|2.264319000000e-01|  00:01:55|            2.6e-04|            2.6e-04|            2.6e-04|
+----------+----------+------------------+----------+-------------------+-------------------+-------------------+
Simulation completed. Releases processed: 7733565, Total simulated time: 3571.11
Fragmentation ratio (mean over simulation): C=0.812292, L=0.853169 | Network=0.832731
Network Name: TOP_61_LAYER42
Starting simulation with lambda=2900, mu=1...
+----------+----------+------------------+----------+-------------------+-------------------+-------------------+
|  progress|   arrives|          blocking|   time(s)|            Wald CI|            A-C. CI|          Wilson CI|
+----------+----------+------------------+----------+-------------------+-------------------+-------------------+
|    10.0 %|   1000000|2.319290000000e-01|  00:00:10|            8.3e-04|            8.3e-04|            8.3e-04|
+----------+----------+------------------+----------+-------------------+-------------------+-------------------+
|    20.0 %|   2000000|2.319015000000e-01|  00:00:22|            5.8e-04|            5.8e-04|            5.8e-04|
+----------+----------+------------------+----------+-------------------+-------------------+-------------------+
|    30.0 %|   3000000|2.317780000000e-01|  00:00:33|            4.8e-04|            4.8e-04|            4.8e-04|
+----------+----------+------------------+----------+-------------------+-------------------+-------------------+
|    40.0 %|   4000000|2.319110000000e-01|  00:00:45|            4.1e-04|            4.1e-04|            4.1e-04|
+----------+----------+------------------+----------+-------------------+-------------------+-------------------+
|    50.0 %|   5000000|2.318394000000e-01|  00:00:56|            3.7e-04|            3.7e-04|            3.7e-04|
+----------+----------+------------------+----------+-------------------+-------------------+-------------------+
|    60.0 %|   6000000|2.318691666667e-01|  00:01:08|            3.4e-04|            3.4e-04|            3.4e-04|
+----------+----------+------------------+----------+-------------------+-------------------+-------------------+
|    70.0 %|   7000000|2.318931428571e-01|  00:01:19|            3.1e-04|            3.1e-04|            3.1e-04|
+----------+----------+------------------+----------+-------------------+-------------------+-------------------+
|    80.0 %|   8000000|2.318505000000e-01|  00:01:30|            2.9e-04|            2.9e-04|            2.9e-04|
+----------+----------+------------------+----------+-------------------+-------------------+-------------------+
|    90.0 %|   9000000|2.320284444444e-01|  00:01:42|            2.8e-04|            2.8e-04|            2.8e-04|
+----------+----------+------------------+----------+-------------------+-------------------+-------------------+
|   100.0 %|  10000000|2.320238000000e-01|  00:01:53|            2.6e-04|            2.6e-04|            2.6e-04|
+----------+----------+------------------+----------+-------------------+-------------------+-------------------+
Simulation completed. Releases processed: 7677551, Total simulated time: 3448.78
Fragmentation ratio (mean over simulation): C=0.812684, L=0.853597 | Network=0.833141
Network Name: TOP_61_LAYER42
Starting simulation with lambda=3000, mu=1...
+----------+----------+------------------+----------+-------------------+-------------------+-------------------+
|  progress|   arrives|          blocking|   time(s)|            Wald CI|            A-C. CI|          Wilson CI|
+----------+----------+------------------+----------+-------------------+-------------------+-------------------+
|    10.0 %|   1000000|2.377000000000e-01|  00:00:11|            8.3e-04|            8.3e-04|            8.3e-04|
+----------+----------+------------------+----------+-------------------+-------------------+-------------------+
|    20.0 %|   2000000|2.379345000000e-01|  00:00:23|            5.9e-04|            5.9e-04|            5.9e-04|
+----------+----------+------------------+----------+-------------------+-------------------+-------------------+
|    30.0 %|   3000000|2.380280000000e-01|  00:00:35|            4.8e-04|            4.8e-04|            4.8e-04|
+----------+----------+------------------+----------+-------------------+-------------------+-------------------+
|    40.0 %|   4000000|2.380532500000e-01|  00:00:46|            4.2e-04|            4.2e-04|            4.2e-04|
+----------+----------+------------------+----------+-------------------+-------------------+-------------------+
|    50.0 %|   5000000|2.378370000000e-01|  00:00:57|            3.7e-04|            3.7e-04|            3.7e-04|
+----------+----------+------------------+----------+-------------------+-------------------+-------------------+
|    60.0 %|   6000000|2.378456666667e-01|  00:01:09|            3.4e-04|            3.4e-04|            3.4e-04|
+----------+----------+------------------+----------+-------------------+-------------------+-------------------+
|    70.0 %|   7000000|2.378365714286e-01|  00:01:20|            3.2e-04|            3.2e-04|            3.2e-04|
+----------+----------+------------------+----------+-------------------+-------------------+-------------------+
|    80.0 %|   8000000|2.377970000000e-01|  00:01:31|            3.0e-04|            3.0e-04|            3.0e-04|
+----------+----------+------------------+----------+-------------------+-------------------+-------------------+
|    90.0 %|   9000000|2.378244444444e-01|  00:01:42|            2.8e-04|            2.8e-04|            2.8e-04|
+----------+----------+------------------+----------+-------------------+-------------------+-------------------+
|   100.0 %|  10000000|2.378421000000e-01|  00:01:54|            2.6e-04|            2.6e-04|            2.6e-04|
+----------+----------+------------------+----------+-------------------+-------------------+-------------------+
Simulation completed. Releases processed: 7619270, Total simulated time: 3332.85
Fragmentation ratio (mean over simulation): C=0.805850, L=0.854047 | Network=0.829948
Plot saved → result/FirstFit_LAYER42_lambda_sweep_100_3000_20261008_151115.png
