Running sweep with defrag mode: none, algorithm: first_fit, lambda range: [100, 3000], step: 100, mu: 1
Network Name: TOP_47_HIBERNIAUS
Starting simulation with lambda=100, mu=1...
+----------+----------+------------------+----------+-------------------+-------------------+-------------------+
|  progress|   arrives|          blocking|   time(s)|            Wald CI|            A-C. CI|          Wilson CI|
+----------+----------+------------------+----------+-------------------+-------------------+-------------------+
|    10.0 %|   1000000|0.000000000000e+00|  00:00:09|            0.0e+00|            2.8e-06|            1.9e-06|
+----------+----------+------------------+----------+-------------------+-------------------+-------------------+
|    20.0 %|   2000000|0.000000000000e+00|  00:00:19|            0.0e+00|            1.4e-06|            9.6e-07|
+----------+----------+------------------+----------+-------------------+-------------------+-------------------+
|    30.0 %|   3000000|0.000000000000e+00|  00:00:29|            0.0e+00|            9.2e-07|            6.4e-07|
+----------+----------+------------------+----------+-------------------+-------------------+-------------------+
|    40.0 %|   4000000|0.000000000000e+00|  00:00:38|            0.0e+00|            6.9e-07|            4.8e-07|
+----------+----------+------------------+----------+-------------------+-------------------+-------------------+
|    50.0 %|   5000000|0.000000000000e+00|  00:00:48|            0.0e+00|            5.5e-07|            3.8e-07|
+----------+----------+------------------+----------+-------------------+-------------------+-------------------+
|    60.0 %|   6000000|0.000000000000e+00|  00:00:58|            0.0e+00|            4.6e-07|            3.2e-07|
+----------+----------+------------------+----------+-------------------+-------------------+-------------------+
|    70.0 %|   7000000|0.000000000000e+00|  00:01:07|            0.0e+00|            4.0e-07|            2.7e-07|
+----------+----------+------------------+----------+-------------------+-------------------+-------------------+
|    80.0 %|   8000000|0.000000000000e+00|  00:01:17|            0.0e+00|            3.5e-07|            2.4e-07|
+----------+----------+------------------+----------+-------------------+-------------------+-------------------+
|    90.0 %|   9000000|0.000000000000e+00|  00:01:27|            0.0e+00|            3.1e-07|            2.1e-07|
+----------+----------+------------------+----------+-------------------+-------------------+-------------------+
|   100.0 %|  10000000|0.000000000000e+00|  00:01:36|            0.0e+00|            2.8e-07|            1.9e-07|
+----------+----------+------------------+----------+-------------------+-------------------+-------------------+
Simulation completed. Releases processed: 9999887, Total simulated time: 99965.41
Fragmentation ratio (mean over simulation): C=0.437971, L=0.000000 | Network=0.218985
Network Name: TOP_47_HIBERNIAUS
Starting simulation with lambda=200, mu=1...
+----------+----------+------------------+----------+-------------------+-------------------+-------------------+
|  progress|   arrives|          blocking|   time(s)|            Wald CI|            A-C. CI|          Wilson CI|
+----------+----------+------------------+----------+-------------------+-------------------+-------------------+
|    10.0 %|   1000000|0.000000000000e+00|  00:00:10|            0.0e+00|            2.8e-06|            1.9e-06|
+----------+----------+------------------+----------+-------------------+-------------------+-------------------+
|    20.0 %|   2000000|0.000000000000e+00|  00:00:20|            0.0e+00|            1.4e-06|            9.6e-07|
+----------+----------+------------------+----------+-------------------+-------------------+-------------------+
|    30.0 %|   3000000|0.000000000000e+00|  00:00:31|            0.0e+00|            9.2e-07|            6.4e-07|
+----------+----------+------------------+----------+-------------------+-------------------+-------------------+
|    40.0 %|   4000000|0.000000000000e+00|  00:00:42|            0.0e+00|            6.9e-07|            4.8e-07|
+----------+----------+------------------+----------+-------------------+-------------------+-------------------+
|    50.0 %|   5000000|0.000000000000e+00|  00:00:52|            0.0e+00|            5.5e-07|            3.8e-07|
+----------+----------+------------------+----------+-------------------+-------------------+-------------------+
|    60.0 %|   6000000|0.000000000000e+00|  00:01:03|            0.0e+00|            4.6e-07|            3.2e-07|
+----------+----------+------------------+----------+-------------------+-------------------+-------------------+
|    70.0 %|   7000000|0.000000000000e+00|  00:01:13|            0.0e+00|            4.0e-07|            2.7e-07|
+----------+----------+------------------+----------+-------------------+-------------------+-------------------+
|    80.0 %|   8000000|0.000000000000e+00|  00:01:23|            0.0e+00|            3.5e-07|            2.4e-07|
+----------+----------+------------------+----------+-------------------+-------------------+-------------------+
|    90.0 %|   9000000|0.000000000000e+00|  00:01:34|            0.0e+00|            3.1e-07|            2.1e-07|
+----------+----------+------------------+----------+-------------------+-------------------+-------------------+
|   100.0 %|  10000000|0.000000000000e+00|  00:01:44|            0.0e+00|            2.8e-07|            1.9e-07|
+----------+----------+------------------+----------+-------------------+-------------------+-------------------+
Simulation completed. Releases processed: 9999776, Total simulated time: 49983.61
Fragmentation ratio (mean over simulation): C=0.590898, L=0.000000 | Network=0.295449
Network Name: TOP_47_HIBERNIAUS
Starting simulation with lambda=300, mu=1...
+----------+----------+------------------+----------+-------------------+-------------------+-------------------+
|  progress|   arrives|          blocking|   time(s)|            Wald CI|            A-C. CI|          Wilson CI|
+----------+----------+------------------+----------+-------------------+-------------------+-------------------+
|    10.0 %|   1000000|0.000000000000e+00|  00:00:10|            0.0e+00|            2.8e-06|            1.9e-06|
+----------+----------+------------------+----------+-------------------+-------------------+-------------------+
|    20.0 %|   2000000|0.000000000000e+00|  00:00:22|            0.0e+00|            1.4e-06|            9.6e-07|
+----------+----------+------------------+----------+-------------------+-------------------+-------------------+
|    30.0 %|   3000000|0.000000000000e+00|  00:00:33|            0.0e+00|            9.2e-07|            6.4e-07|
+----------+----------+------------------+----------+-------------------+-------------------+-------------------+
|    40.0 %|   4000000|0.000000000000e+00|  00:00:44|            0.0e+00|            6.9e-07|            4.8e-07|
+----------+----------+------------------+----------+-------------------+-------------------+-------------------+
|    50.0 %|   5000000|0.000000000000e+00|  00:00:55|            0.0e+00|            5.5e-07|            3.8e-07|
+----------+----------+------------------+----------+-------------------+-------------------+-------------------+
|    60.0 %|   6000000|0.000000000000e+00|  00:01:06|            0.0e+00|            4.6e-07|            3.2e-07|
+----------+----------+------------------+----------+-------------------+-------------------+-------------------+
|    70.0 %|   7000000|0.000000000000e+00|  00:01:17|            0.0e+00|            4.0e-07|            2.7e-07|
+----------+----------+------------------+----------+-------------------+-------------------+-------------------+
|    80.0 %|   8000000|0.000000000000e+00|  00:01:28|            0.0e+00|            3.5e-07|            2.4e-07|
+----------+----------+------------------+----------+-------------------+-------------------+-------------------+
|    90.0 %|   9000000|0.000000000000e+00|  00:01:40|            0.0e+00|            3.1e-07|            2.1e-07|
+----------+----------+------------------+----------+-------------------+-------------------+-------------------+
|   100.0 %|  10000000|0.000000000000e+00|  00:01:51|            0.0e+00|            2.8e-07|            1.9e-07|
+----------+----------+------------------+----------+-------------------+-------------------+-------------------+
Simulation completed. Releases processed: 9999662, Total simulated time: 33335.42
Fragmentation ratio (mean over simulation): C=0.667228, L=0.046265 | Network=0.356746
Network Name: TOP_47_HIBERNIAUS
Starting simulation with lambda=400, mu=1...
+----------+----------+------------------+----------+-------------------+-------------------+-------------------+
|  progress|   arrives|          blocking|   time(s)|            Wald CI|            A-C. CI|          Wilson CI|
+----------+----------+------------------+----------+-------------------+-------------------+-------------------+
|    10.0 %|   1000000|0.000000000000e+00|  00:00:11|            0.0e+00|            2.8e-06|            1.9e-06|
+----------+----------+------------------+----------+-------------------+-------------------+-------------------+
|    20.0 %|   2000000|0.000000000000e+00|  00:00:23|            0.0e+00|            1.4e-06|            9.6e-07|
+----------+----------+------------------+----------+-------------------+-------------------+-------------------+
|    30.0 %|   3000000|0.000000000000e+00|  00:00:34|            0.0e+00|            9.2e-07|            6.4e-07|
+----------+----------+------------------+----------+-------------------+-------------------+-------------------+
|    40.0 %|   4000000|0.000000000000e+00|  00:00:46|            0.0e+00|            6.9e-07|            4.8e-07|
+----------+----------+------------------+----------+-------------------+-------------------+-------------------+
|    50.0 %|   5000000|0.000000000000e+00|  00:00:58|            0.0e+00|            5.5e-07|            3.8e-07|
+----------+----------+------------------+----------+-------------------+-------------------+-------------------+
|    60.0 %|   6000000|0.000000000000e+00|  00:01:10|            0.0e+00|            4.6e-07|            3.2e-07|
+----------+----------+------------------+----------+-------------------+-------------------+-------------------+
|    70.0 %|   7000000|0.000000000000e+00|  00:01:22|            0.0e+00|            4.0e-07|            2.7e-07|
+----------+----------+------------------+----------+-------------------+-------------------+-------------------+
|    80.0 %|   8000000|0.000000000000e+00|  00:01:34|            0.0e+00|            3.5e-07|            2.4e-07|
+----------+----------+------------------+----------+-------------------+-------------------+-------------------+
|    90.0 %|   9000000|0.000000000000e+00|  00:01:46|            0.0e+00|            3.1e-07|            2.1e-07|
+----------+----------+------------------+----------+-------------------+-------------------+-------------------+
|   100.0 %|  10000000|0.000000000000e+00|  00:01:58|            0.0e+00|            2.8e-07|            1.9e-07|
+----------+----------+------------------+----------+-------------------+-------------------+-------------------+
Simulation completed. Releases processed: 9999592, Total simulated time: 25001.04
Fragmentation ratio (mean over simulation): C=0.702579, L=0.177795 | Network=0.440187
Network Name: TOP_47_HIBERNIAUS
Starting simulation with lambda=500, mu=1...
+----------+----------+------------------+----------+-------------------+-------------------+-------------------+
|  progress|   arrives|          blocking|   time(s)|            Wald CI|            A-C. CI|          Wilson CI|
+----------+----------+------------------+----------+-------------------+-------------------+-------------------+
|    10.0 %|   1000000|1.000000000029e-06|  00:00:12|            2.0e-06|            3.4e-06|            2.7e-06|
+----------+----------+------------------+----------+-------------------+-------------------+-------------------+
|    20.0 %|   2000000|1.000000000029e-06|  00:00:24|            1.4e-06|            2.0e-06|            1.7e-06|
+----------+----------+------------------+----------+-------------------+-------------------+-------------------+
|    30.0 %|   3000000|5.000000000033e-06|  00:00:37|            2.5e-06|            2.7e-06|            2.6e-06|
+----------+----------+------------------+----------+-------------------+-------------------+-------------------+
|    40.0 %|   4000000|5.750000000027e-06|  00:00:49|            2.3e-06|            2.4e-06|            2.4e-06|
+----------+----------+------------------+----------+-------------------+-------------------+-------------------+
|    50.0 %|   5000000|5.999999999950e-06|  00:01:02|            2.1e-06|            2.2e-06|            2.2e-06|
+----------+----------+------------------+----------+-------------------+-------------------+-------------------+
|    60.0 %|   6000000|5.499999999992e-06|  00:01:15|            1.9e-06|            1.9e-06|            1.9e-06|
+----------+----------+------------------+----------+-------------------+-------------------+-------------------+
|    70.0 %|   7000000|6.571428571411e-06|  00:01:27|            1.9e-06|            1.9e-06|            1.9e-06|
+----------+----------+------------------+----------+-------------------+-------------------+-------------------+
|    80.0 %|   8000000|6.375000000003e-06|  00:01:39|            1.7e-06|            1.8e-06|            1.8e-06|
+----------+----------+------------------+----------+-------------------+-------------------+-------------------+
|    90.0 %|   9000000|6.444444444420e-06|  00:01:52|            1.7e-06|            1.7e-06|            1.7e-06|
+----------+----------+------------------+----------+-------------------+-------------------+-------------------+
|   100.0 %|  10000000|5.999999999950e-06|  00:02:04|            1.5e-06|            1.5e-06|            1.5e-06|
+----------+----------+------------------+----------+-------------------+-------------------+-------------------+
Simulation completed. Releases processed: 9999435, Total simulated time: 19997.24
Fragmentation ratio (mean over simulation): C=0.734662, L=0.335111 | Network=0.534886
Network Name: TOP_47_HIBERNIAUS
Starting simulation with lambda=600, mu=1...
+----------+----------+------------------+----------+-------------------+-------------------+-------------------+
|  progress|   arrives|          blocking|   time(s)|            Wald CI|            A-C. CI|          Wilson CI|
+----------+----------+------------------+----------+-------------------+-------------------+-------------------+
|    10.0 %|   1000000|5.680000000000e-04|  00:00:13|            4.7e-05|            4.7e-05|            4.7e-05|
+----------+----------+------------------+----------+-------------------+-------------------+-------------------+
|    20.0 %|   2000000|5.370000000000e-04|  00:00:26|            3.2e-05|            3.2e-05|            3.2e-05|
+----------+----------+------------------+----------+-------------------+-------------------+-------------------+
|    30.0 %|   3000000|5.250000000000e-04|  00:00:39|            2.6e-05|            2.6e-05|            2.6e-05|
+----------+----------+------------------+----------+-------------------+-------------------+-------------------+
|    40.0 %|   4000000|5.305000000000e-04|  00:00:52|            2.3e-05|            2.3e-05|            2.3e-05|
+----------+----------+------------------+----------+-------------------+-------------------+-------------------+
|    50.0 %|   5000000|5.126000000000e-04|  00:01:05|            2.0e-05|            2.0e-05|            2.0e-05|
+----------+----------+------------------+----------+-------------------+-------------------+-------------------+
|    60.0 %|   6000000|5.188333333334e-04|  00:01:18|            1.8e-05|            1.8e-05|            1.8e-05|
+----------+----------+------------------+----------+-------------------+-------------------+-------------------+
|    70.0 %|   7000000|5.261428571428e-04|  00:01:31|            1.7e-05|            1.7e-05|            1.7e-05|
+----------+----------+------------------+----------+-------------------+-------------------+-------------------+
|    80.0 %|   8000000|5.265000000000e-04|  00:01:44|            1.6e-05|            1.6e-05|            1.6e-05|
+----------+----------+------------------+----------+-------------------+-------------------+-------------------+
|    90.0 %|   9000000|5.297777777777e-04|  00:01:58|            1.5e-05|            1.5e-05|            1.5e-05|
+----------+----------+------------------+----------+-------------------+-------------------+-------------------+
|   100.0 %|  10000000|5.238000000000e-04|  00:02:11|            1.4e-05|            1.4e-05|            1.4e-05|
+----------+----------+------------------+----------+-------------------+-------------------+-------------------+
Simulation completed. Releases processed: 9994158, Total simulated time: 16659.29
Fragmentation ratio (mean over simulation): C=0.765316, L=0.426992 | Network=0.596154
Network Name: TOP_47_HIBERNIAUS
Starting simulation with lambda=700, mu=1...
+----------+----------+------------------+----------+-------------------+-------------------+-------------------+
|  progress|   arrives|          blocking|   time(s)|            Wald CI|            A-C. CI|          Wilson CI|
+----------+----------+------------------+----------+-------------------+-------------------+-------------------+
|    10.0 %|   1000000|4.483000000000e-03|  00:00:13|            1.3e-04|            1.3e-04|            1.3e-04|
+----------+----------+------------------+----------+-------------------+-------------------+-------------------+
|    20.0 %|   2000000|4.589000000000e-03|  00:00:27|            9.4e-05|            9.4e-05|            9.4e-05|
+----------+----------+------------------+----------+-------------------+-------------------+-------------------+
|    30.0 %|   3000000|4.720333333333e-03|  00:00:41|            7.8e-05|            7.8e-05|            7.8e-05|
+----------+----------+------------------+----------+-------------------+-------------------+-------------------+
|    40.0 %|   4000000|4.717500000000e-03|  00:00:54|            6.7e-05|            6.7e-05|            6.7e-05|
+----------+----------+------------------+----------+-------------------+-------------------+-------------------+
|    50.0 %|   5000000|4.783600000000e-03|  00:01:08|            6.0e-05|            6.0e-05|            6.0e-05|
+----------+----------+------------------+----------+-------------------+-------------------+-------------------+
|    60.0 %|   6000000|4.764666666667e-03|  00:01:22|            5.5e-05|            5.5e-05|            5.5e-05|
+----------+----------+------------------+----------+-------------------+-------------------+-------------------+
|    70.0 %|   7000000|4.772714285714e-03|  00:01:35|            5.1e-05|            5.1e-05|            5.1e-05|
+----------+----------+------------------+----------+-------------------+-------------------+-------------------+
|    80.0 %|   8000000|4.764125000000e-03|  00:01:49|            4.8e-05|            4.8e-05|            4.8e-05|
+----------+----------+------------------+----------+-------------------+-------------------+-------------------+
|    90.0 %|   9000000|4.787222222222e-03|  00:02:03|            4.5e-05|            4.5e-05|            4.5e-05|
+----------+----------+------------------+----------+-------------------+-------------------+-------------------+
|   100.0 %|  10000000|4.770200000000e-03|  00:02:17|            4.3e-05|            4.3e-05|            4.3e-05|
+----------+----------+------------------+----------+-------------------+-------------------+-------------------+
Simulation completed. Releases processed: 9951582, Total simulated time: 14289.82
Fragmentation ratio (mean over simulation): C=0.781072, L=0.462780 | Network=0.621926
Network Name: TOP_47_HIBERNIAUS
Starting simulation with lambda=800, mu=1...
+----------+----------+------------------+----------+-------------------+-------------------+-------------------+
|  progress|   arrives|          blocking|   time(s)|            Wald CI|            A-C. CI|          Wilson CI|
+----------+----------+------------------+----------+-------------------+-------------------+-------------------+
|    10.0 %|   1000000|1.389200000000e-02|  00:00:14|            2.3e-04|            2.3e-04|            2.3e-04|
+----------+----------+------------------+----------+-------------------+-------------------+-------------------+
|    20.0 %|   2000000|1.397100000000e-02|  00:00:28|            1.6e-04|            1.6e-04|            1.6e-04|
+----------+----------+------------------+----------+-------------------+-------------------+-------------------+
|    30.0 %|   3000000|1.386766666667e-02|  00:00:42|            1.3e-04|            1.3e-04|            1.3e-04|
+----------+----------+------------------+----------+-------------------+-------------------+-------------------+
|    40.0 %|   4000000|1.377075000000e-02|  00:00:57|            1.1e-04|            1.1e-04|            1.1e-04|
+----------+----------+------------------+----------+-------------------+-------------------+-------------------+
|    50.0 %|   5000000|1.377140000000e-02|  00:01:11|            1.0e-04|            1.0e-04|            1.0e-04|
+----------+----------+------------------+----------+-------------------+-------------------+-------------------+
|    60.0 %|   6000000|1.381250000000e-02|  00:01:25|            9.3e-05|            9.3e-05|            9.3e-05|
+----------+----------+------------------+----------+-------------------+-------------------+-------------------+
|    70.0 %|   7000000|1.370371428571e-02|  00:01:39|            8.6e-05|            8.6e-05|            8.6e-05|
+----------+----------+------------------+----------+-------------------+-------------------+-------------------+
|    80.0 %|   8000000|1.367012500000e-02|  00:01:54|            8.0e-05|            8.0e-05|            8.0e-05|
+----------+----------+------------------+----------+-------------------+-------------------+-------------------+
|    90.0 %|   9000000|1.368400000000e-02|  00:02:08|            7.6e-05|            7.6e-05|            7.6e-05|
+----------+----------+------------------+----------+-------------------+-------------------+-------------------+
|   100.0 %|  10000000|1.366040000000e-02|  00:02:23|            7.2e-05|            7.2e-05|            7.2e-05|
+----------+----------+------------------+----------+-------------------+-------------------+-------------------+
Simulation completed. Releases processed: 9862607, Total simulated time: 12498.24
Fragmentation ratio (mean over simulation): C=0.791778, L=0.526243 | Network=0.659011
Network Name: TOP_47_HIBERNIAUS
Starting simulation with lambda=900, mu=1...
+----------+----------+------------------+----------+-------------------+-------------------+-------------------+
|  progress|   arrives|          blocking|   time(s)|            Wald CI|            A-C. CI|          Wilson CI|
+----------+----------+------------------+----------+-------------------+-------------------+-------------------+
|    10.0 %|   1000000|2.413400000000e-02|  00:00:14|            3.0e-04|            3.0e-04|            3.0e-04|
+----------+----------+------------------+----------+-------------------+-------------------+-------------------+
|    20.0 %|   2000000|2.385100000000e-02|  00:00:29|            2.1e-04|            2.1e-04|            2.1e-04|
+----------+----------+------------------+----------+-------------------+-------------------+-------------------+
|    30.0 %|   3000000|2.401000000000e-02|  00:00:44|            1.7e-04|            1.7e-04|            1.7e-04|
+----------+----------+------------------+----------+-------------------+-------------------+-------------------+
|    40.0 %|   4000000|2.400475000000e-02|  00:00:58|            1.5e-04|            1.5e-04|            1.5e-04|
+----------+----------+------------------+----------+-------------------+-------------------+-------------------+
|    50.0 %|   5000000|2.408480000000e-02|  00:01:13|            1.3e-04|            1.3e-04|            1.3e-04|
+----------+----------+------------------+----------+-------------------+-------------------+-------------------+
|    60.0 %|   6000000|2.401766666667e-02|  00:01:28|            1.2e-04|            1.2e-04|            1.2e-04|
+----------+----------+------------------+----------+-------------------+-------------------+-------------------+
|    70.0 %|   7000000|2.395885714286e-02|  00:01:43|            1.1e-04|            1.1e-04|            1.1e-04|
+----------+----------+------------------+----------+-------------------+-------------------+-------------------+
|    80.0 %|   8000000|2.392212500000e-02|  00:01:58|            1.1e-04|            1.1e-04|            1.1e-04|
+----------+----------+------------------+----------+-------------------+-------------------+-------------------+
|    90.0 %|   9000000|2.391433333333e-02|  00:02:12|            1.0e-04|            1.0e-04|            1.0e-04|
+----------+----------+------------------+----------+-------------------+-------------------+-------------------+
|   100.0 %|  10000000|2.395670000000e-02|  00:02:27|            9.5e-05|            9.5e-05|            9.5e-05|
+----------+----------+------------------+----------+-------------------+-------------------+-------------------+
Simulation completed. Releases processed: 9759550, Total simulated time: 11106.43
Fragmentation ratio (mean over simulation): C=0.801270, L=0.566394 | Network=0.683832
Network Name: TOP_47_HIBERNIAUS
Starting simulation with lambda=1000, mu=1...
+----------+----------+------------------+----------+-------------------+-------------------+-------------------+
|  progress|   arrives|          blocking|   time(s)|            Wald CI|            A-C. CI|          Wilson CI|
+----------+----------+------------------+----------+-------------------+-------------------+-------------------+
|    10.0 %|   1000000|3.383300000000e-02|  00:00:15|            3.5e-04|            3.5e-04|            3.5e-04|
+----------+----------+------------------+----------+-------------------+-------------------+-------------------+
|    20.0 %|   2000000|3.389250000000e-02|  00:00:30|            2.5e-04|            2.5e-04|            2.5e-04|
+----------+----------+------------------+----------+-------------------+-------------------+-------------------+
|    30.0 %|   3000000|3.381566666667e-02|  00:00:46|            2.0e-04|            2.0e-04|            2.0e-04|
+----------+----------+------------------+----------+-------------------+-------------------+-------------------+
|    40.0 %|   4000000|3.372050000000e-02|  00:01:01|            1.8e-04|            1.8e-04|            1.8e-04|
+----------+----------+------------------+----------+-------------------+-------------------+-------------------+
|    50.0 %|   5000000|3.346660000000e-02|  00:01:17|            1.6e-04|            1.6e-04|            1.6e-04|
+----------+----------+------------------+----------+-------------------+-------------------+-------------------+
|    60.0 %|   6000000|3.347683333333e-02|  00:01:32|            1.4e-04|            1.4e-04|            1.4e-04|
+----------+----------+------------------+----------+-------------------+-------------------+-------------------+
|    70.0 %|   7000000|3.358057142857e-02|  00:01:47|            1.3e-04|            1.3e-04|            1.3e-04|
+----------+----------+------------------+----------+-------------------+-------------------+-------------------+
|    80.0 %|   8000000|3.358587500000e-02|  00:02:03|            1.2e-04|            1.2e-04|            1.2e-04|
+----------+----------+------------------+----------+-------------------+-------------------+-------------------+
|    90.0 %|   9000000|3.365122222222e-02|  00:02:18|            1.2e-04|            1.2e-04|            1.2e-04|
+----------+----------+------------------+----------+-------------------+-------------------+-------------------+
|   100.0 %|  10000000|3.368430000000e-02|  00:02:34|            1.1e-04|            1.1e-04|            1.1e-04|
+----------+----------+------------------+----------+-------------------+-------------------+-------------------+
Simulation completed. Releases processed: 9662136, Total simulated time: 10003.71
Fragmentation ratio (mean over simulation): C=0.810311, L=0.585213 | Network=0.697762
Network Name: TOP_47_HIBERNIAUS
Starting simulation with lambda=1100, mu=1...
+----------+----------+------------------+----------+-------------------+-------------------+-------------------+
|  progress|   arrives|          blocking|   time(s)|            Wald CI|            A-C. CI|          Wilson CI|
+----------+----------+------------------+----------+-------------------+-------------------+-------------------+
|    10.0 %|   1000000|4.247700000000e-02|  00:00:16|            4.0e-04|            4.0e-04|            4.0e-04|
+----------+----------+------------------+----------+-------------------+-------------------+-------------------+
|    20.0 %|   2000000|4.248900000000e-02|  00:00:31|            2.8e-04|            2.8e-04|            2.8e-04|
+----------+----------+------------------+----------+-------------------+-------------------+-------------------+
|    30.0 %|   3000000|4.254266666667e-02|  00:00:47|            2.3e-04|            2.3e-04|            2.3e-04|
+----------+----------+------------------+----------+-------------------+-------------------+-------------------+
|    40.0 %|   4000000|4.260325000000e-02|  00:01:03|            2.0e-04|            2.0e-04|            2.0e-04|
+----------+----------+------------------+----------+-------------------+-------------------+-------------------+
|    50.0 %|   5000000|4.256600000000e-02|  00:01:19|            1.8e-04|            1.8e-04|            1.8e-04|
+----------+----------+------------------+----------+-------------------+-------------------+-------------------+
|    60.0 %|   6000000|4.260483333333e-02|  00:01:35|            1.6e-04|            1.6e-04|            1.6e-04|
+----------+----------+------------------+----------+-------------------+-------------------+-------------------+
|    70.0 %|   7000000|4.255657142857e-02|  00:01:51|            1.5e-04|            1.5e-04|            1.5e-04|
+----------+----------+------------------+----------+-------------------+-------------------+-------------------+
|    80.0 %|   8000000|4.257487500000e-02|  00:02:07|            1.4e-04|            1.4e-04|            1.4e-04|
+----------+----------+------------------+----------+-------------------+-------------------+-------------------+
|    90.0 %|   9000000|4.258566666667e-02|  00:02:23|            1.3e-04|            1.3e-04|            1.3e-04|
+----------+----------+------------------+----------+-------------------+-------------------+-------------------+
|   100.0 %|  10000000|4.257700000000e-02|  00:02:39|            1.3e-04|            1.3e-04|            1.3e-04|
+----------+----------+------------------+----------+-------------------+-------------------+-------------------+
Simulation completed. Releases processed: 9573136, Total simulated time: 9091.48
Fragmentation ratio (mean over simulation): C=0.820313, L=0.630424 | Network=0.725368
Network Name: TOP_47_HIBERNIAUS
Starting simulation with lambda=1200, mu=1...
+----------+----------+------------------+----------+-------------------+-------------------+-------------------+
|  progress|   arrives|          blocking|   time(s)|            Wald CI|            A-C. CI|          Wilson CI|
+----------+----------+------------------+----------+-------------------+-------------------+-------------------+
|    10.0 %|   1000000|5.124600000000e-02|  00:00:16|            4.3e-04|            4.3e-04|            4.3e-04|
+----------+----------+------------------+----------+-------------------+-------------------+-------------------+
|    20.0 %|   2000000|5.100300000000e-02|  00:00:33|            3.0e-04|            3.0e-04|            3.0e-04|
+----------+----------+------------------+----------+-------------------+-------------------+-------------------+
|    30.0 %|   3000000|5.097300000000e-02|  00:00:50|            2.5e-04|            2.5e-04|            2.5e-04|
+----------+----------+------------------+----------+-------------------+-------------------+-------------------+
|    40.0 %|   4000000|5.093175000000e-02|  00:01:07|            2.2e-04|            2.2e-04|            2.2e-04|
+----------+----------+------------------+----------+-------------------+-------------------+-------------------+
|    50.0 %|   5000000|5.105480000000e-02|  00:01:23|            1.9e-04|            1.9e-04|            1.9e-04|
+----------+----------+------------------+----------+-------------------+-------------------+-------------------+
|    60.0 %|   6000000|5.106500000000e-02|  00:01:40|            1.8e-04|            1.8e-04|            1.8e-04|
+----------+----------+------------------+----------+-------------------+-------------------+-------------------+
|    70.0 %|   7000000|5.097642857143e-02|  00:01:56|            1.6e-04|            1.6e-04|            1.6e-04|
+----------+----------+------------------+----------+-------------------+-------------------+-------------------+
|    80.0 %|   8000000|5.089450000000e-02|  00:02:13|            1.5e-04|            1.5e-04|            1.5e-04|
+----------+----------+------------------+----------+-------------------+-------------------+-------------------+
|    90.0 %|   9000000|5.086466666667e-02|  00:02:29|            1.4e-04|            1.4e-04|            1.4e-04|
+----------+----------+------------------+----------+-------------------+-------------------+-------------------+
|   100.0 %|  10000000|5.081430000000e-02|  00:02:46|            1.4e-04|            1.4e-04|            1.4e-04|
+----------+----------+------------------+----------+-------------------+-------------------+-------------------+
Simulation completed. Releases processed: 9490684, Total simulated time: 8334.83
Fragmentation ratio (mean over simulation): C=0.822261, L=0.655107 | Network=0.738684
Network Name: TOP_47_HIBERNIAUS
Starting simulation with lambda=1300, mu=1...
+----------+----------+------------------+----------+-------------------+-------------------+-------------------+
|  progress|   arrives|          blocking|   time(s)|            Wald CI|            A-C. CI|          Wilson CI|
+----------+----------+------------------+----------+-------------------+-------------------+-------------------+
|    10.0 %|   1000000|5.812700000000e-02|  00:00:16|            4.6e-04|            4.6e-04|            4.6e-04|
+----------+----------+------------------+----------+-------------------+-------------------+-------------------+
|    20.0 %|   2000000|5.825850000000e-02|  00:00:33|            3.2e-04|            3.2e-04|            3.2e-04|
+----------+----------+------------------+----------+-------------------+-------------------+-------------------+
|    30.0 %|   3000000|5.834533333333e-02|  00:00:50|            2.7e-04|            2.7e-04|            2.7e-04|
+----------+----------+------------------+----------+-------------------+-------------------+-------------------+
|    40.0 %|   4000000|5.823775000000e-02|  00:01:06|            2.3e-04|            2.3e-04|            2.3e-04|
+----------+----------+------------------+----------+-------------------+-------------------+-------------------+
|    50.0 %|   5000000|5.812620000000e-02|  00:01:23|            2.1e-04|            2.1e-04|            2.1e-04|
+----------+----------+------------------+----------+-------------------+-------------------+-------------------+
|    60.0 %|   6000000|5.800916666667e-02|  00:01:40|            1.9e-04|            1.9e-04|            1.9e-04|
+----------+----------+------------------+----------+-------------------+-------------------+-------------------+
|    70.0 %|   7000000|5.796414285714e-02|  00:01:56|            1.7e-04|            1.7e-04|            1.7e-04|
+----------+----------+------------------+----------+-------------------+-------------------+-------------------+
|    80.0 %|   8000000|5.806900000000e-02|  00:02:13|            1.6e-04|            1.6e-04|            1.6e-04|
+----------+----------+------------------+----------+-------------------+-------------------+-------------------+
|    90.0 %|   9000000|5.808244444444e-02|  00:02:29|            1.5e-04|            1.5e-04|            1.5e-04|
+----------+----------+------------------+----------+-------------------+-------------------+-------------------+
|   100.0 %|  10000000|5.809400000000e-02|  00:02:46|            1.4e-04|            1.4e-04|            1.4e-04|
+----------+----------+------------------+----------+-------------------+-------------------+-------------------+
Simulation completed. Releases processed: 9417874, Total simulated time: 7688.92
Fragmentation ratio (mean over simulation): C=0.834717, L=0.676824 | Network=0.755771
Network Name: TOP_47_HIBERNIAUS
Starting simulation with lambda=1400, mu=1...
+----------+----------+------------------+----------+-------------------+-------------------+-------------------+
|  progress|   arrives|          blocking|   time(s)|            Wald CI|            A-C. CI|          Wilson CI|
+----------+----------+------------------+----------+-------------------+-------------------+-------------------+
|    10.0 %|   1000000|6.522800000000e-02|  00:00:17|            4.8e-04|            4.8e-04|            4.8e-04|
+----------+----------+------------------+----------+-------------------+-------------------+-------------------+
|    20.0 %|   2000000|6.546800000000e-02|  00:00:34|            3.4e-04|            3.4e-04|            3.4e-04|
+----------+----------+------------------+----------+-------------------+-------------------+-------------------+
|    30.0 %|   3000000|6.536033333333e-02|  00:00:51|            2.8e-04|            2.8e-04|            2.8e-04|
+----------+----------+------------------+----------+-------------------+-------------------+-------------------+
|    40.0 %|   4000000|6.536675000000e-02|  00:01:08|            2.4e-04|            2.4e-04|            2.4e-04|
+----------+----------+------------------+----------+-------------------+-------------------+-------------------+
|    50.0 %|   5000000|6.535060000000e-02|  00:01:25|            2.2e-04|            2.2e-04|            2.2e-04|
+----------+----------+------------------+----------+-------------------+-------------------+-------------------+
|    60.0 %|   6000000|6.525483333333e-02|  00:01:42|            2.0e-04|            2.0e-04|            2.0e-04|
+----------+----------+------------------+----------+-------------------+-------------------+-------------------+
|    70.0 %|   7000000|6.527914285714e-02|  00:01:59|            1.8e-04|            1.8e-04|            1.8e-04|
+----------+----------+------------------+----------+-------------------+-------------------+-------------------+
|    80.0 %|   8000000|6.529312500000e-02|  00:02:16|            1.7e-04|            1.7e-04|            1.7e-04|
+----------+----------+------------------+----------+-------------------+-------------------+-------------------+
|    90.0 %|   9000000|6.527144444444e-02|  00:02:33|            1.6e-04|            1.6e-04|            1.6e-04|
+----------+----------+------------------+----------+-------------------+-------------------+-------------------+
|   100.0 %|  10000000|6.519910000000e-02|  00:02:50|            1.5e-04|            1.5e-04|            1.5e-04|
+----------+----------+------------------+----------+-------------------+-------------------+-------------------+
Simulation completed. Releases processed: 9346684, Total simulated time: 7140.48
Fragmentation ratio (mean over simulation): C=0.833045, L=0.715730 | Network=0.774388
Network Name: TOP_47_HIBERNIAUS
Starting simulation with lambda=1500, mu=1...
+----------+----------+------------------+----------+-------------------+-------------------+-------------------+
|  progress|   arrives|          blocking|   time(s)|            Wald CI|            A-C. CI|          Wilson CI|
+----------+----------+------------------+----------+-------------------+-------------------+-------------------+
|    10.0 %|   1000000|7.281800000000e-02|  00:00:17|            5.1e-04|            5.1e-04|            5.1e-04|
+----------+----------+------------------+----------+-------------------+-------------------+-------------------+
|    20.0 %|   2000000|7.294000000000e-02|  00:00:34|            3.6e-04|            3.6e-04|            3.6e-04|
+----------+----------+------------------+----------+-------------------+-------------------+-------------------+
|    30.0 %|   3000000|7.269600000000e-02|  00:00:51|            2.9e-04|            2.9e-04|            2.9e-04|
+----------+----------+------------------+----------+-------------------+-------------------+-------------------+
|    40.0 %|   4000000|7.258075000000e-02|  00:01:08|            2.5e-04|            2.5e-04|            2.5e-04|
+----------+----------+------------------+----------+-------------------+-------------------+-------------------+
|    50.0 %|   5000000|7.254200000000e-02|  00:01:26|            2.3e-04|            2.3e-04|            2.3e-04|
+----------+----------+------------------+----------+-------------------+-------------------+-------------------+
|    60.0 %|   6000000|7.251400000000e-02|  00:01:43|            2.1e-04|            2.1e-04|            2.1e-04|
+----------+----------+------------------+----------+-------------------+-------------------+-------------------+
|    70.0 %|   7000000|7.241028571429e-02|  00:02:00|            1.9e-04|            1.9e-04|            1.9e-04|
+----------+----------+------------------+----------+-------------------+-------------------+-------------------+
|    80.0 %|   8000000|7.238575000000e-02|  00:02:18|            1.8e-04|            1.8e-04|            1.8e-04|
+----------+----------+------------------+----------+-------------------+-------------------+-------------------+
|    90.0 %|   9000000|7.232433333333e-02|  00:02:35|            1.7e-04|            1.7e-04|            1.7e-04|
+----------+----------+------------------+----------+-------------------+-------------------+-------------------+
|   100.0 %|  10000000|7.235030000000e-02|  00:02:52|            1.6e-04|            1.6e-04|            1.6e-04|
+----------+----------+------------------+----------+-------------------+-------------------+-------------------+
Simulation completed. Releases processed: 9275093, Total simulated time: 6665.77
Fragmentation ratio (mean over simulation): C=0.838818, L=0.723904 | Network=0.781361
Network Name: TOP_47_HIBERNIAUS
Starting simulation with lambda=1600, mu=1...
+----------+----------+------------------+----------+-------------------+-------------------+-------------------+
|  progress|   arrives|          blocking|   time(s)|            Wald CI|            A-C. CI|          Wilson CI|
+----------+----------+------------------+----------+-------------------+-------------------+-------------------+
|    10.0 %|   1000000|7.860600000000e-02|  00:00:17|            5.3e-04|            5.3e-04|            5.3e-04|
+----------+----------+------------------+----------+-------------------+-------------------+-------------------+
|    20.0 %|   2000000|7.882350000000e-02|  00:00:34|            3.7e-04|            3.7e-04|            3.7e-04|
+----------+----------+------------------+----------+-------------------+-------------------+-------------------+
|    30.0 %|   3000000|7.874133333333e-02|  00:00:52|            3.0e-04|            3.0e-04|            3.0e-04|
+----------+----------+------------------+----------+-------------------+-------------------+-------------------+
|    40.0 %|   4000000|7.884100000000e-02|  00:01:09|            2.6e-04|            2.6e-04|            2.6e-04|
+----------+----------+------------------+----------+-------------------+-------------------+-------------------+
|    50.0 %|   5000000|7.891120000000e-02|  00:01:27|            2.4e-04|            2.4e-04|            2.4e-04|
+----------+----------+------------------+----------+-------------------+-------------------+-------------------+
|    60.0 %|   6000000|7.892300000000e-02|  00:01:44|            2.2e-04|            2.2e-04|            2.2e-04|
+----------+----------+------------------+----------+-------------------+-------------------+-------------------+
|    70.0 %|   7000000|7.906485714286e-02|  00:02:02|            2.0e-04|            2.0e-04|            2.0e-04|
+----------+----------+------------------+----------+-------------------+-------------------+-------------------+
|    80.0 %|   8000000|7.908787500000e-02|  00:02:19|            1.9e-04|            1.9e-04|            1.9e-04|
+----------+----------+------------------+----------+-------------------+-------------------+-------------------+
|    90.0 %|   9000000|7.905777777778e-02|  00:02:37|            1.8e-04|            1.8e-04|            1.8e-04|
+----------+----------+------------------+----------+-------------------+-------------------+-------------------+
|   100.0 %|  10000000|7.903140000000e-02|  00:02:54|            1.7e-04|            1.7e-04|            1.7e-04|
+----------+----------+------------------+----------+-------------------+-------------------+-------------------+
Simulation completed. Releases processed: 9208214, Total simulated time: 6250.94
Fragmentation ratio (mean over simulation): C=0.848539, L=0.731399 | Network=0.789969
Network Name: TOP_47_HIBERNIAUS
Starting simulation with lambda=1700, mu=1...
+----------+----------+------------------+----------+-------------------+-------------------+-------------------+
|  progress|   arrives|          blocking|   time(s)|            Wald CI|            A-C. CI|          Wilson CI|
+----------+----------+------------------+----------+-------------------+-------------------+-------------------+
|    10.0 %|   1000000|8.634200000000e-02|  00:00:18|            5.5e-04|            5.5e-04|            5.5e-04|
+----------+----------+------------------+----------+-------------------+-------------------+-------------------+
|    20.0 %|   2000000|8.623900000000e-02|  00:00:35|            3.9e-04|            3.9e-04|            3.9e-04|
+----------+----------+------------------+----------+-------------------+-------------------+-------------------+
|    30.0 %|   3000000|8.633966666667e-02|  00:00:53|            3.2e-04|            3.2e-04|            3.2e-04|
+----------+----------+------------------+----------+-------------------+-------------------+-------------------+
|    40.0 %|   4000000|8.624950000000e-02|  00:01:11|            2.8e-04|            2.8e-04|            2.8e-04|
+----------+----------+------------------+----------+-------------------+-------------------+-------------------+
|    50.0 %|   5000000|8.610020000000e-02|  00:01:29|            2.5e-04|            2.5e-04|            2.5e-04|
+----------+----------+------------------+----------+-------------------+-------------------+-------------------+
|    60.0 %|   6000000|8.606966666667e-02|  00:01:46|            2.2e-04|            2.2e-04|            2.2e-04|
+----------+----------+------------------+----------+-------------------+-------------------+-------------------+
|    70.0 %|   7000000|8.608714285714e-02|  00:02:04|            2.1e-04|            2.1e-04|            2.1e-04|
+----------+----------+------------------+----------+-------------------+-------------------+-------------------+
|    80.0 %|   8000000|8.610700000000e-02|  00:02:22|            1.9e-04|            1.9e-04|            1.9e-04|
+----------+----------+------------------+----------+-------------------+-------------------+-------------------+
|    90.0 %|   9000000|8.613577777778e-02|  00:02:39|            1.8e-04|            1.8e-04|            1.8e-04|
+----------+----------+------------------+----------+-------------------+-------------------+-------------------+
|   100.0 %|  10000000|8.612640000000e-02|  00:02:57|            1.7e-04|            1.7e-04|            1.7e-04|
+----------+----------+------------------+----------+-------------------+-------------------+-------------------+
Simulation completed. Releases processed: 9137147, Total simulated time: 5884.44
Fragmentation ratio (mean over simulation): C=0.848603, L=0.761456 | Network=0.805029
Network Name: TOP_47_HIBERNIAUS
Starting simulation with lambda=1800, mu=1...
+----------+----------+------------------+----------+-------------------+-------------------+-------------------+
|  progress|   arrives|          blocking|   time(s)|            Wald CI|            A-C. CI|          Wilson CI|
+----------+----------+------------------+----------+-------------------+-------------------+-------------------+
|    10.0 %|   1000000|9.301200000000e-02|  00:00:18|            5.7e-04|            5.7e-04|            5.7e-04|
+----------+----------+------------------+----------+-------------------+-------------------+-------------------+
|    20.0 %|   2000000|9.283950000000e-02|  00:00:35|            4.0e-04|            4.0e-04|            4.0e-04|
+----------+----------+------------------+----------+-------------------+-------------------+-------------------+
|    30.0 %|   3000000|9.280633333333e-02|  00:00:53|            3.3e-04|            3.3e-04|            3.3e-04|
+----------+----------+------------------+----------+-------------------+-------------------+-------------------+
|    40.0 %|   4000000|9.256400000000e-02|  00:01:11|            2.8e-04|            2.8e-04|            2.8e-04|
+----------+----------+------------------+----------+-------------------+-------------------+-------------------+
|    50.0 %|   5000000|9.266580000000e-02|  00:01:30|            2.5e-04|            2.5e-04|            2.5e-04|
+----------+----------+------------------+----------+-------------------+-------------------+-------------------+
|    60.0 %|   6000000|9.273516666667e-02|  00:01:47|            2.3e-04|            2.3e-04|            2.3e-04|
+----------+----------+------------------+----------+-------------------+-------------------+-------------------+
|    70.0 %|   7000000|9.271357142857e-02|  00:02:05|            2.1e-04|            2.1e-04|            2.1e-04|
+----------+----------+------------------+----------+-------------------+-------------------+-------------------+
|    80.0 %|   8000000|9.275025000000e-02|  00:02:23|            2.0e-04|            2.0e-04|            2.0e-04|
+----------+----------+------------------+----------+-------------------+-------------------+-------------------+
|    90.0 %|   9000000|9.273555555556e-02|  00:02:41|            1.9e-04|            1.9e-04|            1.9e-04|
+----------+----------+------------------+----------+-------------------+-------------------+-------------------+
|   100.0 %|  10000000|9.272620000000e-02|  00:03:00|            1.8e-04|            1.8e-04|            1.8e-04|
+----------+----------+------------------+----------+-------------------+-------------------+-------------------+
Simulation completed. Releases processed: 9071082, Total simulated time: 5557.35
Fragmentation ratio (mean over simulation): C=0.852816, L=0.767377 | Network=0.810097
Network Name: TOP_47_HIBERNIAUS
Starting simulation with lambda=1900, mu=1...
+----------+----------+------------------+----------+-------------------+-------------------+-------------------+
|  progress|   arrives|          blocking|   time(s)|            Wald CI|            A-C. CI|          Wilson CI|
+----------+----------+------------------+----------+-------------------+-------------------+-------------------+
|    10.0 %|   1000000|9.909200000000e-02|  00:00:18|            5.9e-04|            5.9e-04|            5.9e-04|
+----------+----------+------------------+----------+-------------------+-------------------+-------------------+
|    20.0 %|   2000000|9.923700000000e-02|  00:00:36|            4.1e-04|            4.1e-04|            4.1e-04|
+----------+----------+------------------+----------+-------------------+-------------------+-------------------+
|    30.0 %|   3000000|9.934933333333e-02|  00:00:54|            3.4e-04|            3.4e-04|            3.4e-04|
+----------+----------+------------------+----------+-------------------+-------------------+-------------------+
|    40.0 %|   4000000|9.930050000000e-02|  00:01:12|            2.9e-04|            2.9e-04|            2.9e-04|
+----------+----------+------------------+----------+-------------------+-------------------+-------------------+
|    50.0 %|   5000000|9.937000000000e-02|  00:01:30|            2.6e-04|            2.6e-04|            2.6e-04|
+----------+----------+------------------+----------+-------------------+-------------------+-------------------+
|    60.0 %|   6000000|9.942533333333e-02|  00:01:48|            2.4e-04|            2.4e-04|            2.4e-04|
+----------+----------+------------------+----------+-------------------+-------------------+-------------------+
|    70.0 %|   7000000|9.944485714286e-02|  00:02:06|            2.2e-04|            2.2e-04|            2.2e-04|
+----------+----------+------------------+----------+-------------------+-------------------+-------------------+
|    80.0 %|   8000000|9.947850000000e-02|  00:02:25|            2.1e-04|            2.1e-04|            2.1e-04|
+----------+----------+------------------+----------+-------------------+-------------------+-------------------+
|    90.0 %|   9000000|9.942288888889e-02|  00:02:43|            2.0e-04|            2.0e-04|            2.0e-04|
+----------+----------+------------------+----------+-------------------+-------------------+-------------------+
|   100.0 %|  10000000|9.944060000000e-02|  00:03:01|            1.9e-04|            1.9e-04|            1.9e-04|
+----------+----------+------------------+----------+-------------------+-------------------+-------------------+
Simulation completed. Releases processed: 9003910, Total simulated time: 5263.58
Fragmentation ratio (mean over simulation): C=0.850943, L=0.779323 | Network=0.815133
Network Name: TOP_47_HIBERNIAUS
Starting simulation with lambda=2000, mu=1...
+----------+----------+------------------+----------+-------------------+-------------------+-------------------+
|  progress|   arrives|          blocking|   time(s)|            Wald CI|            A-C. CI|          Wilson CI|
+----------+----------+------------------+----------+-------------------+-------------------+-------------------+
|    10.0 %|   1000000|1.066520000000e-01|  00:00:18|            6.0e-04|            6.0e-04|            6.0e-04|
+----------+----------+------------------+----------+-------------------+-------------------+-------------------+
|    20.0 %|   2000000|1.066260000000e-01|  00:00:36|            4.3e-04|            4.3e-04|            4.3e-04|
+----------+----------+------------------+----------+-------------------+-------------------+-------------------+
|    30.0 %|   3000000|1.066233333333e-01|  00:00:55|            3.5e-04|            3.5e-04|            3.5e-04|
+----------+----------+------------------+----------+-------------------+-------------------+-------------------+
|    40.0 %|   4000000|1.063340000000e-01|  00:01:13|            3.0e-04|            3.0e-04|            3.0e-04|
+----------+----------+------------------+----------+-------------------+-------------------+-------------------+
|    50.0 %|   5000000|1.063096000000e-01|  00:01:32|            2.7e-04|            2.7e-04|            2.7e-04|
+----------+----------+------------------+----------+-------------------+-------------------+-------------------+
|    60.0 %|   6000000|1.065073333333e-01|  00:01:50|            2.5e-04|            2.5e-04|            2.5e-04|
+----------+----------+------------------+----------+-------------------+-------------------+-------------------+
|    70.0 %|   7000000|1.065458571429e-01|  00:02:09|            2.3e-04|            2.3e-04|            2.3e-04|
+----------+----------+------------------+----------+-------------------+-------------------+-------------------+
|    80.0 %|   8000000|1.065251250000e-01|  00:02:27|            2.1e-04|            2.1e-04|            2.1e-04|
+----------+----------+------------------+----------+-------------------+-------------------+-------------------+
|    90.0 %|   9000000|1.064435555556e-01|  00:02:46|            2.0e-04|            2.0e-04|            2.0e-04|
+----------+----------+------------------+----------+-------------------+-------------------+-------------------+
|   100.0 %|  10000000|1.065453000000e-01|  00:03:05|            1.9e-04|            1.9e-04|            1.9e-04|
+----------+----------+------------------+----------+-------------------+-------------------+-------------------+
Simulation completed. Releases processed: 8932769, Total simulated time: 4998.84
Fragmentation ratio (mean over simulation): C=0.856384, L=0.780781 | Network=0.818583
Network Name: TOP_47_HIBERNIAUS
Starting simulation with lambda=2100, mu=1...
+----------+----------+------------------+----------+-------------------+-------------------+-------------------+
|  progress|   arrives|          blocking|   time(s)|            Wald CI|            A-C. CI|          Wilson CI|
+----------+----------+------------------+----------+-------------------+-------------------+-------------------+
|    10.0 %|   1000000|1.126540000000e-01|  00:00:18|            6.2e-04|            6.2e-04|            6.2e-04|
+----------+----------+------------------+----------+-------------------+-------------------+-------------------+
|    20.0 %|   2000000|1.129470000000e-01|  00:00:37|            4.4e-04|            4.4e-04|            4.4e-04|
+----------+----------+------------------+----------+-------------------+-------------------+-------------------+
|    30.0 %|   3000000|1.128260000000e-01|  00:00:56|            3.6e-04|            3.6e-04|            3.6e-04|
+----------+----------+------------------+----------+-------------------+-------------------+-------------------+
|    40.0 %|   4000000|1.129337500000e-01|  00:01:15|            3.1e-04|            3.1e-04|            3.1e-04|
+----------+----------+------------------+----------+-------------------+-------------------+-------------------+
|    50.0 %|   5000000|1.128900000000e-01|  00:01:33|            2.8e-04|            2.8e-04|            2.8e-04|
+----------+----------+------------------+----------+-------------------+-------------------+-------------------+
|    60.0 %|   6000000|1.129271666667e-01|  00:01:52|            2.5e-04|            2.5e-04|            2.5e-04|
+----------+----------+------------------+----------+-------------------+-------------------+-------------------+
|    70.0 %|   7000000|1.129247142857e-01|  00:02:11|            2.3e-04|            2.3e-04|            2.3e-04|
+----------+----------+------------------+----------+-------------------+-------------------+-------------------+
|    80.0 %|   8000000|1.128741250000e-01|  00:02:30|            2.2e-04|            2.2e-04|            2.2e-04|
+----------+----------+------------------+----------+-------------------+-------------------+-------------------+
|    90.0 %|   9000000|1.129278888889e-01|  00:02:48|            2.1e-04|            2.1e-04|            2.1e-04|
+----------+----------+------------------+----------+-------------------+-------------------+-------------------+
|   100.0 %|  10000000|1.129973000000e-01|  00:03:07|            2.0e-04|            2.0e-04|            2.0e-04|
+----------+----------+------------------+----------+-------------------+-------------------+-------------------+
Simulation completed. Releases processed: 8868174, Total simulated time: 4762.52
Fragmentation ratio (mean over simulation): C=0.855588, L=0.793153 | Network=0.824370
Network Name: TOP_47_HIBERNIAUS
Starting simulation with lambda=2200, mu=1...
+----------+----------+------------------+----------+-------------------+-------------------+-------------------+
|  progress|   arrives|          blocking|   time(s)|            Wald CI|            A-C. CI|          Wilson CI|
+----------+----------+------------------+----------+-------------------+-------------------+-------------------+
|    10.0 %|   1000000|1.200580000000e-01|  00:00:18|            6.4e-04|            6.4e-04|            6.4e-04|
+----------+----------+------------------+----------+-------------------+-------------------+-------------------+
|    20.0 %|   2000000|1.199275000000e-01|  00:00:38|            4.5e-04|            4.5e-04|            4.5e-04|
+----------+----------+------------------+----------+-------------------+-------------------+-------------------+
|    30.0 %|   3000000|1.199766666667e-01|  00:00:57|            3.7e-04|            3.7e-04|            3.7e-04|
+----------+----------+------------------+----------+-------------------+-------------------+-------------------+
|    40.0 %|   4000000|1.198692500000e-01|  00:01:15|            3.2e-04|            3.2e-04|            3.2e-04|
+----------+----------+------------------+----------+-------------------+-------------------+-------------------+
|    50.0 %|   5000000|1.198392000000e-01|  00:01:34|            2.8e-04|            2.8e-04|            2.8e-04|
+----------+----------+------------------+----------+-------------------+-------------------+-------------------+
|    60.0 %|   6000000|1.197026666667e-01|  00:01:53|            2.6e-04|            2.6e-04|            2.6e-04|
+----------+----------+------------------+----------+-------------------+-------------------+-------------------+
|    70.0 %|   7000000|1.196327142857e-01|  00:02:12|            2.4e-04|            2.4e-04|            2.4e-04|
+----------+----------+------------------+----------+-------------------+-------------------+-------------------+
|    80.0 %|   8000000|1.196417500000e-01|  00:02:31|            2.2e-04|            2.2e-04|            2.2e-04|
+----------+----------+------------------+----------+-------------------+-------------------+-------------------+
|    90.0 %|   9000000|1.197126666667e-01|  00:02:50|            2.1e-04|            2.1e-04|            2.1e-04|
+----------+----------+------------------+----------+-------------------+-------------------+-------------------+
|   100.0 %|  10000000|1.197634000000e-01|  00:03:09|            2.0e-04|            2.0e-04|            2.0e-04|
+----------+----------+------------------+----------+-------------------+-------------------+-------------------+
Simulation completed. Releases processed: 8800425, Total simulated time: 4544.17
Fragmentation ratio (mean over simulation): C=0.861608, L=0.801282 | Network=0.831445
Network Name: TOP_47_HIBERNIAUS
Starting simulation with lambda=2300, mu=1...
+----------+----------+------------------+----------+-------------------+-------------------+-------------------+
|  progress|   arrives|          blocking|   time(s)|            Wald CI|            A-C. CI|          Wilson CI|
+----------+----------+------------------+----------+-------------------+-------------------+-------------------+
|    10.0 %|   1000000|1.254160000000e-01|  00:00:18|            6.5e-04|            6.5e-04|            6.5e-04|
+----------+----------+------------------+----------+-------------------+-------------------+-------------------+
|    20.0 %|   2000000|1.257700000000e-01|  00:00:37|            4.6e-04|            4.6e-04|            4.6e-04|
+----------+----------+------------------+----------+-------------------+-------------------+-------------------+
|    30.0 %|   3000000|1.258773333333e-01|  00:00:57|            3.8e-04|            3.8e-04|            3.8e-04|
+----------+----------+------------------+----------+-------------------+-------------------+-------------------+
|    40.0 %|   4000000|1.261032500000e-01|  00:01:16|            3.3e-04|            3.3e-04|            3.3e-04|
+----------+----------+------------------+----------+-------------------+-------------------+-------------------+
|    50.0 %|   5000000|1.261916000000e-01|  00:01:35|            2.9e-04|            2.9e-04|            2.9e-04|
+----------+----------+------------------+----------+-------------------+-------------------+-------------------+
|    60.0 %|   6000000|1.262545000000e-01|  00:01:54|            2.7e-04|            2.7e-04|            2.7e-04|
+----------+----------+------------------+----------+-------------------+-------------------+-------------------+
|    70.0 %|   7000000|1.262480000000e-01|  00:02:13|            2.5e-04|            2.5e-04|            2.5e-04|
+----------+----------+------------------+----------+-------------------+-------------------+-------------------+
|    80.0 %|   8000000|1.262151250000e-01|  00:02:33|            2.3e-04|            2.3e-04|            2.3e-04|
+----------+----------+------------------+----------+-------------------+-------------------+-------------------+
|    90.0 %|   9000000|1.262460000000e-01|  00:02:52|            2.2e-04|            2.2e-04|            2.2e-04|
+----------+----------+------------------+----------+-------------------+-------------------+-------------------+
|   100.0 %|  10000000|1.262433000000e-01|  00:03:12|            2.1e-04|            2.1e-04|            2.1e-04|
+----------+----------+------------------+----------+-------------------+-------------------+-------------------+
Simulation completed. Releases processed: 8735515, Total simulated time: 4347.32
Fragmentation ratio (mean over simulation): C=0.861871, L=0.817423 | Network=0.839647
Network Name: TOP_47_HIBERNIAUS
Starting simulation with lambda=2400, mu=1...
+----------+----------+------------------+----------+-------------------+-------------------+-------------------+
|  progress|   arrives|          blocking|   time(s)|            Wald CI|            A-C. CI|          Wilson CI|
+----------+----------+------------------+----------+-------------------+-------------------+-------------------+
|    10.0 %|   1000000|1.322260000000e-01|  00:00:19|            6.6e-04|            6.6e-04|            6.6e-04|
+----------+----------+------------------+----------+-------------------+-------------------+-------------------+
|    20.0 %|   2000000|1.322235000000e-01|  00:00:38|            4.7e-04|            4.7e-04|            4.7e-04|
+----------+----------+------------------+----------+-------------------+-------------------+-------------------+
|    30.0 %|   3000000|1.325833333333e-01|  00:00:57|            3.8e-04|            3.8e-04|            3.8e-04|
+----------+----------+------------------+----------+-------------------+-------------------+-------------------+
|    40.0 %|   4000000|1.326280000000e-01|  00:01:16|            3.3e-04|            3.3e-04|            3.3e-04|
+----------+----------+------------------+----------+-------------------+-------------------+-------------------+
|    50.0 %|   5000000|1.325922000000e-01|  00:01:36|            3.0e-04|            3.0e-04|            3.0e-04|
+----------+----------+------------------+----------+-------------------+-------------------+-------------------+
|    60.0 %|   6000000|1.325820000000e-01|  00:01:55|            2.7e-04|            2.7e-04|            2.7e-04|
+----------+----------+------------------+----------+-------------------+-------------------+-------------------+
|    70.0 %|   7000000|1.324251428571e-01|  00:02:14|            2.5e-04|            2.5e-04|            2.5e-04|
+----------+----------+------------------+----------+-------------------+-------------------+-------------------+
|    80.0 %|   8000000|1.324301250000e-01|  00:02:34|            2.3e-04|            2.3e-04|            2.3e-04|
+----------+----------+------------------+----------+-------------------+-------------------+-------------------+
|    90.0 %|   9000000|1.323987777778e-01|  00:02:53|            2.2e-04|            2.2e-04|            2.2e-04|
+----------+----------+------------------+----------+-------------------+-------------------+-------------------+
|   100.0 %|  10000000|1.324547000000e-01|  00:03:12|            2.1e-04|            2.1e-04|            2.1e-04|
+----------+----------+------------------+----------+-------------------+-------------------+-------------------+
Simulation completed. Releases processed: 8673347, Total simulated time: 4167.41
Fragmentation ratio (mean over simulation): C=0.865265, L=0.815677 | Network=0.840471
Network Name: TOP_47_HIBERNIAUS
Starting simulation with lambda=2500, mu=1...
+----------+----------+------------------+----------+-------------------+-------------------+-------------------+
|  progress|   arrives|          blocking|   time(s)|            Wald CI|            A-C. CI|          Wilson CI|
+----------+----------+------------------+----------+-------------------+-------------------+-------------------+
|    10.0 %|   1000000|1.393470000000e-01|  00:00:19|            6.8e-04|            6.8e-04|            6.8e-04|
+----------+----------+------------------+----------+-------------------+-------------------+-------------------+
|    20.0 %|   2000000|1.389755000000e-01|  00:00:39|            4.8e-04|            4.8e-04|            4.8e-04|
+----------+----------+------------------+----------+-------------------+-------------------+-------------------+
|    30.0 %|   3000000|1.388880000000e-01|  00:00:58|            3.9e-04|            3.9e-04|            3.9e-04|
+----------+----------+------------------+----------+-------------------+-------------------+-------------------+
|    40.0 %|   4000000|1.386982500000e-01|  00:01:18|            3.4e-04|            3.4e-04|            3.4e-04|
+----------+----------+------------------+----------+-------------------+-------------------+-------------------+
|    50.0 %|   5000000|1.385710000000e-01|  00:01:37|            3.0e-04|            3.0e-04|            3.0e-04|
+----------+----------+------------------+----------+-------------------+-------------------+-------------------+
|    60.0 %|   6000000|1.385636666667e-01|  00:01:57|            2.8e-04|            2.8e-04|            2.8e-04|
+----------+----------+------------------+----------+-------------------+-------------------+-------------------+
|    70.0 %|   7000000|1.385548571429e-01|  00:02:16|            2.6e-04|            2.6e-04|            2.6e-04|
+----------+----------+------------------+----------+-------------------+-------------------+-------------------+
|    80.0 %|   8000000|1.384657500000e-01|  00:02:36|            2.4e-04|            2.4e-04|            2.4e-04|
+----------+----------+------------------+----------+-------------------+-------------------+-------------------+
|    90.0 %|   9000000|1.385258888889e-01|  00:02:56|            2.3e-04|            2.3e-04|            2.3e-04|
+----------+----------+------------------+----------+-------------------+-------------------+-------------------+
|   100.0 %|  10000000|1.386051000000e-01|  00:03:16|            2.1e-04|            2.1e-04|            2.1e-04|
+----------+----------+------------------+----------+-------------------+-------------------+-------------------+
Simulation completed. Releases processed: 8611864, Total simulated time: 4001.52
Fragmentation ratio (mean over simulation): C=0.865665, L=0.823041 | Network=0.844353
Network Name: TOP_47_HIBERNIAUS
Starting simulation with lambda=2600, mu=1...
+----------+----------+------------------+----------+-------------------+-------------------+-------------------+
|  progress|   arrives|          blocking|   time(s)|            Wald CI|            A-C. CI|          Wilson CI|
+----------+----------+------------------+----------+-------------------+-------------------+-------------------+
|    10.0 %|   1000000|1.437710000000e-01|  00:00:19|            6.9e-04|            6.9e-04|            6.9e-04|
+----------+----------+------------------+----------+-------------------+-------------------+-------------------+
|    20.0 %|   2000000|1.438775000000e-01|  00:00:39|            4.9e-04|            4.9e-04|            4.9e-04|
+----------+----------+------------------+----------+-------------------+-------------------+-------------------+
|    30.0 %|   3000000|1.439276666667e-01|  00:00:59|            4.0e-04|            4.0e-04|            4.0e-04|
+----------+----------+------------------+----------+-------------------+-------------------+-------------------+
|    40.0 %|   4000000|1.440535000000e-01|  00:01:19|            3.4e-04|            3.4e-04|            3.4e-04|
+----------+----------+------------------+----------+-------------------+-------------------+-------------------+
|    50.0 %|   5000000|1.441306000000e-01|  00:01:39|            3.1e-04|            3.1e-04|            3.1e-04|
+----------+----------+------------------+----------+-------------------+-------------------+-------------------+
|    60.0 %|   6000000|1.442755000000e-01|  00:01:58|            2.8e-04|            2.8e-04|            2.8e-04|
+----------+----------+------------------+----------+-------------------+-------------------+-------------------+
|    70.0 %|   7000000|1.443017142857e-01|  00:02:18|            2.6e-04|            2.6e-04|            2.6e-04|
+----------+----------+------------------+----------+-------------------+-------------------+-------------------+
|    80.0 %|   8000000|1.443942500000e-01|  00:02:38|            2.4e-04|            2.4e-04|            2.4e-04|
+----------+----------+------------------+----------+-------------------+-------------------+-------------------+
|    90.0 %|   9000000|1.443927777778e-01|  00:02:58|            2.3e-04|            2.3e-04|            2.3e-04|
+----------+----------+------------------+----------+-------------------+-------------------+-------------------+
|   100.0 %|  10000000|1.444057000000e-01|  00:03:17|            2.2e-04|            2.2e-04|            2.2e-04|
+----------+----------+------------------+----------+-------------------+-------------------+-------------------+
Simulation completed. Releases processed: 8553719, Total simulated time: 3847.25
Fragmentation ratio (mean over simulation): C=0.866249, L=0.827445 | Network=0.846847
Network Name: TOP_47_HIBERNIAUS
Starting simulation with lambda=2700, mu=1...
+----------+----------+------------------+----------+-------------------+-------------------+-------------------+
|  progress|   arrives|          blocking|   time(s)|            Wald CI|            A-C. CI|          Wilson CI|
+----------+----------+------------------+----------+-------------------+-------------------+-------------------+
|    10.0 %|   1000000|1.502100000000e-01|  00:00:19|            7.0e-04|            7.0e-04|            7.0e-04|
+----------+----------+------------------+----------+-------------------+-------------------+-------------------+
|    20.0 %|   2000000|1.498575000000e-01|  00:00:39|            4.9e-04|            4.9e-04|            4.9e-04|
+----------+----------+------------------+----------+-------------------+-------------------+-------------------+
|    30.0 %|   3000000|1.500186666667e-01|  00:00:59|            4.0e-04|            4.0e-04|            4.0e-04|
+----------+----------+------------------+----------+-------------------+-------------------+-------------------+
|    40.0 %|   4000000|1.500890000000e-01|  00:01:19|            3.5e-04|            3.5e-04|            3.5e-04|
+----------+----------+------------------+----------+-------------------+-------------------+-------------------+
|    50.0 %|   5000000|1.502278000000e-01|  00:01:39|            3.1e-04|            3.1e-04|            3.1e-04|
+----------+----------+------------------+----------+-------------------+-------------------+-------------------+
|    60.0 %|   6000000|1.502808333333e-01|  00:01:59|            2.9e-04|            2.9e-04|            2.9e-04|
+----------+----------+------------------+----------+-------------------+-------------------+-------------------+
|    70.0 %|   7000000|1.503768571429e-01|  00:02:19|            2.6e-04|            2.6e-04|            2.6e-04|
+----------+----------+------------------+----------+-------------------+-------------------+-------------------+
|    80.0 %|   8000000|1.503087500000e-01|  00:02:39|            2.5e-04|            2.5e-04|            2.5e-04|
+----------+----------+------------------+----------+-------------------+-------------------+-------------------+
|    90.0 %|   9000000|1.502624444444e-01|  00:02:59|            2.3e-04|            2.3e-04|            2.3e-04|
+----------+----------+------------------+----------+-------------------+-------------------+-------------------+
|   100.0 %|  10000000|1.503086000000e-01|  00:03:20|            2.2e-04|            2.2e-04|            2.2e-04|
+----------+----------+------------------+----------+-------------------+-------------------+-------------------+
Simulation completed. Releases processed: 8494557, Total simulated time: 3704.03
Fragmentation ratio (mean over simulation): C=0.868912, L=0.830159 | Network=0.849536
Network Name: TOP_47_HIBERNIAUS
Starting simulation with lambda=2800, mu=1...
+----------+----------+------------------+----------+-------------------+-------------------+-------------------+
|  progress|   arrives|          blocking|   time(s)|            Wald CI|            A-C. CI|          Wilson CI|
+----------+----------+------------------+----------+-------------------+-------------------+-------------------+
|    10.0 %|   1000000|1.564470000000e-01|  00:00:19|            7.1e-04|            7.1e-04|            7.1e-04|
+----------+----------+------------------+----------+-------------------+-------------------+-------------------+
|    20.0 %|   2000000|1.566140000000e-01|  00:00:39|            5.0e-04|            5.0e-04|            5.0e-04|
+----------+----------+------------------+----------+-------------------+-------------------+-------------------+
|    30.0 %|   3000000|1.565543333333e-01|  00:01:00|            4.1e-04|            4.1e-04|            4.1e-04|
+----------+----------+------------------+----------+-------------------+-------------------+-------------------+
|    40.0 %|   4000000|1.563185000000e-01|  00:01:20|            3.6e-04|            3.6e-04|            3.6e-04|
+----------+----------+------------------+----------+-------------------+-------------------+-------------------+
|    50.0 %|   5000000|1.562770000000e-01|  00:01:40|            3.2e-04|            3.2e-04|            3.2e-04|
+----------+----------+------------------+----------+-------------------+-------------------+-------------------+
|    60.0 %|   6000000|1.561663333333e-01|  00:02:00|            2.9e-04|            2.9e-04|            2.9e-04|
+----------+----------+------------------+----------+-------------------+-------------------+-------------------+
|    70.0 %|   7000000|1.562124285714e-01|  00:02:21|            2.7e-04|            2.7e-04|            2.7e-04|
+----------+----------+------------------+----------+-------------------+-------------------+-------------------+
|    80.0 %|   8000000|1.561158750000e-01|  00:02:41|            2.5e-04|            2.5e-04|            2.5e-04|
+----------+----------+------------------+----------+-------------------+-------------------+-------------------+
|    90.0 %|   9000000|1.561533333333e-01|  00:03:01|            2.4e-04|            2.4e-04|            2.4e-04|
+----------+----------+------------------+----------+-------------------+-------------------+-------------------+
|   100.0 %|  10000000|1.560816000000e-01|  00:03:21|            2.2e-04|            2.2e-04|            2.2e-04|
+----------+----------+------------------+----------+-------------------+-------------------+-------------------+
Simulation completed. Releases processed: 8436889, Total simulated time: 3571.11
Fragmentation ratio (mean over simulation): C=0.870381, L=0.833847 | Network=0.852114
Network Name: TOP_47_HIBERNIAUS
Starting simulation with lambda=2900, mu=1...
+----------+----------+------------------+----------+-------------------+-------------------+-------------------+
|  progress|   arrives|          blocking|   time(s)|            Wald CI|            A-C. CI|          Wilson CI|
+----------+----------+------------------+----------+-------------------+-------------------+-------------------+
|    10.0 %|   1000000|1.616270000000e-01|  00:00:20|            7.2e-04|            7.2e-04|            7.2e-04|
+----------+----------+------------------+----------+-------------------+-------------------+-------------------+
|    20.0 %|   2000000|1.616830000000e-01|  00:00:40|            5.1e-04|            5.1e-04|            5.1e-04|
+----------+----------+------------------+----------+-------------------+-------------------+-------------------+
|    30.0 %|   3000000|1.617273333333e-01|  00:01:01|            4.2e-04|            4.2e-04|            4.2e-04|
+----------+----------+------------------+----------+-------------------+-------------------+-------------------+
|    40.0 %|   4000000|1.617392500000e-01|  00:01:21|            3.6e-04|            3.6e-04|            3.6e-04|
+----------+----------+------------------+----------+-------------------+-------------------+-------------------+
|    50.0 %|   5000000|1.615412000000e-01|  00:01:41|            3.2e-04|            3.2e-04|            3.2e-04|
+----------+----------+------------------+----------+-------------------+-------------------+-------------------+
|    60.0 %|   6000000|1.615266666667e-01|  00:02:01|            2.9e-04|            2.9e-04|            2.9e-04|
+----------+----------+------------------+----------+-------------------+-------------------+-------------------+
|    70.0 %|   7000000|1.614012857143e-01|  00:02:22|            2.7e-04|            2.7e-04|            2.7e-04|
+----------+----------+------------------+----------+-------------------+-------------------+-------------------+
|    80.0 %|   8000000|1.614138750000e-01|  00:02:42|            2.5e-04|            2.5e-04|            2.5e-04|
+----------+----------+------------------+----------+-------------------+-------------------+-------------------+
|    90.0 %|   9000000|1.615858888889e-01|  00:03:02|            2.4e-04|            2.4e-04|            2.4e-04|
+----------+----------+------------------+----------+-------------------+-------------------+-------------------+
|   100.0 %|  10000000|1.616428000000e-01|  00:03:22|            2.3e-04|            2.3e-04|            2.3e-04|
+----------+----------+------------------+----------+-------------------+-------------------+-------------------+
Simulation completed. Releases processed: 8381129, Total simulated time: 3448.78
Fragmentation ratio (mean over simulation): C=0.872126, L=0.839637 | Network=0.855882
Network Name: TOP_47_HIBERNIAUS
Starting simulation with lambda=3000, mu=1...
+----------+----------+------------------+----------+-------------------+-------------------+-------------------+
|  progress|   arrives|          blocking|   time(s)|            Wald CI|            A-C. CI|          Wilson CI|
+----------+----------+------------------+----------+-------------------+-------------------+-------------------+
|    10.0 %|   1000000|1.664170000000e-01|  00:00:19|            7.3e-04|            7.3e-04|            7.3e-04|
+----------+----------+------------------+----------+-------------------+-------------------+-------------------+
|    20.0 %|   2000000|1.670625000000e-01|  00:00:40|            5.2e-04|            5.2e-04|            5.2e-04|
+----------+----------+------------------+----------+-------------------+-------------------+-------------------+
|    30.0 %|   3000000|1.672853333333e-01|  00:01:00|            4.2e-04|            4.2e-04|            4.2e-04|
+----------+----------+------------------+----------+-------------------+-------------------+-------------------+
|    40.0 %|   4000000|1.673247500000e-01|  00:01:20|            3.7e-04|            3.7e-04|            3.7e-04|
+----------+----------+------------------+----------+-------------------+-------------------+-------------------+
|    50.0 %|   5000000|1.673172000000e-01|  00:01:41|            3.3e-04|            3.3e-04|            3.3e-04|
+----------+----------+------------------+----------+-------------------+-------------------+-------------------+
|    60.0 %|   6000000|1.673280000000e-01|  00:02:01|            3.0e-04|            3.0e-04|            3.0e-04|
+----------+----------+------------------+----------+-------------------+-------------------+-------------------+
|    70.0 %|   7000000|1.673527142857e-01|  00:02:21|            2.8e-04|            2.8e-04|            2.8e-04|
+----------+----------+------------------+----------+-------------------+-------------------+-------------------+
|    80.0 %|   8000000|1.672415000000e-01|  00:02:41|            2.6e-04|            2.6e-04|            2.6e-04|
+----------+----------+------------------+----------+-------------------+-------------------+-------------------+
|    90.0 %|   9000000|1.672547777778e-01|  00:03:02|            2.4e-04|            2.4e-04|            2.4e-04|
+----------+----------+------------------+----------+-------------------+-------------------+-------------------+
|   100.0 %|  10000000|1.672419000000e-01|  00:03:22|            2.3e-04|            2.3e-04|            2.3e-04|
+----------+----------+------------------+----------+-------------------+-------------------+-------------------+
Simulation completed. Releases processed: 8325115, Total simulated time: 3332.85
Fragmentation ratio (mean over simulation): C=0.869834, L=0.835854 | Network=0.852844
Plot saved → result/FirstFit_HIBERNIAUS_lambda_sweep_100_3000_20261008_145443.png
