Running sweep with defrag mode: none, algorithm: first_fit, lambda range: [100, 3000], step: 100, mu: 1
Network Name: BDM_USNet
Starting simulation with lambda=100, mu=1...
+----------+----------+------------------+----------+-------------------+-------------------+-------------------+
|  progress|   arrives|          blocking|   time(s)|            Wald CI|            A-C. CI|          Wilson CI|
+----------+----------+------------------+----------+-------------------+-------------------+-------------------+
|    10.0 %|    100000|0.000000000000e+00|  00:00:01|            0.0e+00|            2.8e-05|            1.9e-05|
+----------+----------+------------------+----------+-------------------+-------------------+-------------------+
|    20.0 %|    200000|0.000000000000e+00|  00:00:02|            0.0e+00|            1.4e-05|            9.6e-06|
+----------+----------+------------------+----------+-------------------+-------------------+-------------------+
|    30.0 %|    300000|0.000000000000e+00|  00:00:03|            0.0e+00|            9.2e-06|            6.4e-06|
+----------+----------+------------------+----------+-------------------+-------------------+-------------------+
|    40.0 %|    400000|0.000000000000e+00|  00:00:05|            0.0e+00|            6.9e-06|            4.8e-06|
+----------+----------+------------------+----------+-------------------+-------------------+-------------------+
|    50.0 %|    500000|0.000000000000e+00|  00:00:06|            0.0e+00|            5.5e-06|            3.8e-06|
+----------+----------+------------------+----------+-------------------+-------------------+-------------------+
|    60.0 %|    600000|0.000000000000e+00|  00:00:07|            0.0e+00|            4.6e-06|            3.2e-06|
+----------+----------+------------------+----------+-------------------+-------------------+-------------------+
|    70.0 %|    700000|0.000000000000e+00|  00:00:08|            0.0e+00|            4.0e-06|            2.7e-06|
+----------+----------+------------------+----------+-------------------+-------------------+-------------------+
|    80.0 %|    800000|0.000000000000e+00|  00:00:10|            0.0e+00|            3.5e-06|            2.4e-06|
+----------+----------+------------------+----------+-------------------+-------------------+-------------------+
|    90.0 %|    900000|0.000000000000e+00|  00:00:11|            0.0e+00|            3.1e-06|            2.1e-06|
+----------+----------+------------------+----------+-------------------+-------------------+-------------------+
|   100.0 %|   1000000|0.000000000000e+00|  00:00:12|            0.0e+00|            2.8e-06|            1.9e-06|
+----------+----------+------------------+----------+-------------------+-------------------+-------------------+
Simulation completed. Releases processed: 999888, Total simulated time: 10006.75
Fragmentation ratio (mean over simulation): C=0.216393, L=0.000000 | Network=0.108197
Network Name: BDM_USNet
Starting simulation with lambda=200, mu=1...
+----------+----------+------------------+----------+-------------------+-------------------+-------------------+
|  progress|   arrives|          blocking|   time(s)|            Wald CI|            A-C. CI|          Wilson CI|
+----------+----------+------------------+----------+-------------------+-------------------+-------------------+
|    10.0 %|    100000|0.000000000000e+00|  00:00:01|            0.0e+00|            2.8e-05|            1.9e-05|
+----------+----------+------------------+----------+-------------------+-------------------+-------------------+
|    20.0 %|    200000|0.000000000000e+00|  00:00:02|            0.0e+00|            1.4e-05|            9.6e-06|
+----------+----------+------------------+----------+-------------------+-------------------+-------------------+
|    30.0 %|    300000|0.000000000000e+00|  00:00:04|            0.0e+00|            9.2e-06|            6.4e-06|
+----------+----------+------------------+----------+-------------------+-------------------+-------------------+
|    40.0 %|    400000|0.000000000000e+00|  00:00:05|            0.0e+00|            6.9e-06|            4.8e-06|
+----------+----------+------------------+----------+-------------------+-------------------+-------------------+
|    50.0 %|    500000|0.000000000000e+00|  00:00:06|            0.0e+00|            5.5e-06|            3.8e-06|
+----------+----------+------------------+----------+-------------------+-------------------+-------------------+
|    60.0 %|    600000|0.000000000000e+00|  00:00:08|            0.0e+00|            4.6e-06|            3.2e-06|
+----------+----------+------------------+----------+-------------------+-------------------+-------------------+
|    70.0 %|    700000|0.000000000000e+00|  00:00:09|            0.0e+00|            4.0e-06|            2.7e-06|
+----------+----------+------------------+----------+-------------------+-------------------+-------------------+
|    80.0 %|    800000|0.000000000000e+00|  00:00:11|            0.0e+00|            3.5e-06|            2.4e-06|
+----------+----------+------------------+----------+-------------------+-------------------+-------------------+
|    90.0 %|    900000|0.000000000000e+00|  00:00:12|            0.0e+00|            3.1e-06|            2.1e-06|
+----------+----------+------------------+----------+-------------------+-------------------+-------------------+
|   100.0 %|   1000000|0.000000000000e+00|  00:00:13|            0.0e+00|            2.8e-06|            1.9e-06|
+----------+----------+------------------+----------+-------------------+-------------------+-------------------+
Simulation completed. Releases processed: 999811, Total simulated time: 5000.17
Fragmentation ratio (mean over simulation): C=0.395339, L=0.000000 | Network=0.197669
Network Name: BDM_USNet
Starting simulation with lambda=300, mu=1...
+----------+----------+------------------+----------+-------------------+-------------------+-------------------+
|  progress|   arrives|          blocking|   time(s)|            Wald CI|            A-C. CI|          Wilson CI|
+----------+----------+------------------+----------+-------------------+-------------------+-------------------+
|    10.0 %|    100000|0.000000000000e+00|  00:00:01|            0.0e+00|            2.8e-05|            1.9e-05|
+----------+----------+------------------+----------+-------------------+-------------------+-------------------+
|    20.0 %|    200000|0.000000000000e+00|  00:00:02|            0.0e+00|            1.4e-05|            9.6e-06|
+----------+----------+------------------+----------+-------------------+-------------------+-------------------+
|    30.0 %|    300000|0.000000000000e+00|  00:00:04|            0.0e+00|            9.2e-06|            6.4e-06|
+----------+----------+------------------+----------+-------------------+-------------------+-------------------+
|    40.0 %|    400000|0.000000000000e+00|  00:00:05|            0.0e+00|            6.9e-06|            4.8e-06|
+----------+----------+------------------+----------+-------------------+-------------------+-------------------+
|    50.0 %|    500000|0.000000000000e+00|  00:00:06|            0.0e+00|            5.5e-06|            3.8e-06|
+----------+----------+------------------+----------+-------------------+-------------------+-------------------+
|    60.0 %|    600000|0.000000000000e+00|  00:00:08|            0.0e+00|            4.6e-06|            3.2e-06|
+----------+----------+------------------+----------+-------------------+-------------------+-------------------+
|    70.0 %|    700000|0.000000000000e+00|  00:00:09|            0.0e+00|            4.0e-06|            2.7e-06|
+----------+----------+------------------+----------+-------------------+-------------------+-------------------+
|    80.0 %|    800000|0.000000000000e+00|  00:00:11|            0.0e+00|            3.5e-06|            2.4e-06|
+----------+----------+------------------+----------+-------------------+-------------------+-------------------+
|    90.0 %|    900000|0.000000000000e+00|  00:00:12|            0.0e+00|            3.1e-06|            2.1e-06|
+----------+----------+------------------+----------+-------------------+-------------------+-------------------+
|   100.0 %|   1000000|0.000000000000e+00|  00:00:13|            0.0e+00|            2.8e-06|            1.9e-06|
+----------+----------+------------------+----------+-------------------+-------------------+-------------------+
Simulation completed. Releases processed: 999687, Total simulated time: 3330.49
Fragmentation ratio (mean over simulation): C=0.501772, L=0.000000 | Network=0.250886
Network Name: BDM_USNet
Starting simulation with lambda=400, mu=1...
+----------+----------+------------------+----------+-------------------+-------------------+-------------------+
|  progress|   arrives|          blocking|   time(s)|            Wald CI|            A-C. CI|          Wilson CI|
+----------+----------+------------------+----------+-------------------+-------------------+-------------------+
|    10.0 %|    100000|0.000000000000e+00|  00:00:01|            0.0e+00|            2.8e-05|            1.9e-05|
+----------+----------+------------------+----------+-------------------+-------------------+-------------------+
|    20.0 %|    200000|0.000000000000e+00|  00:00:02|            0.0e+00|            1.4e-05|            9.6e-06|
+----------+----------+------------------+----------+-------------------+-------------------+-------------------+
|    30.0 %|    300000|0.000000000000e+00|  00:00:04|            0.0e+00|            9.2e-06|            6.4e-06|
+----------+----------+------------------+----------+-------------------+-------------------+-------------------+
|    40.0 %|    400000|0.000000000000e+00|  00:00:05|            0.0e+00|            6.9e-06|            4.8e-06|
+----------+----------+------------------+----------+-------------------+-------------------+-------------------+
|    50.0 %|    500000|0.000000000000e+00|  00:00:07|            0.0e+00|            5.5e-06|            3.8e-06|
+----------+----------+------------------+----------+-------------------+-------------------+-------------------+
|    60.0 %|    600000|0.000000000000e+00|  00:00:08|            0.0e+00|            4.6e-06|            3.2e-06|
+----------+----------+------------------+----------+-------------------+-------------------+-------------------+
|    70.0 %|    700000|0.000000000000e+00|  00:00:10|            0.0e+00|            4.0e-06|            2.7e-06|
+----------+----------+------------------+----------+-------------------+-------------------+-------------------+
|    80.0 %|    800000|0.000000000000e+00|  00:00:11|            0.0e+00|            3.5e-06|            2.4e-06|
+----------+----------+------------------+----------+-------------------+-------------------+-------------------+
|    90.0 %|    900000|0.000000000000e+00|  00:00:13|            0.0e+00|            3.1e-06|            2.1e-06|
+----------+----------+------------------+----------+-------------------+-------------------+-------------------+
|   100.0 %|   1000000|0.000000000000e+00|  00:00:14|            0.0e+00|            2.8e-06|            1.9e-06|
+----------+----------+------------------+----------+-------------------+-------------------+-------------------+
Simulation completed. Releases processed: 999626, Total simulated time: 2498.63
Fragmentation ratio (mean over simulation): C=0.557028, L=0.000822 | Network=0.278925
Network Name: BDM_USNet
Starting simulation with lambda=500, mu=1...
+----------+----------+------------------+----------+-------------------+-------------------+-------------------+
|  progress|   arrives|          blocking|   time(s)|            Wald CI|            A-C. CI|          Wilson CI|
+----------+----------+------------------+----------+-------------------+-------------------+-------------------+
|    10.0 %|    100000|0.000000000000e+00|  00:00:01|            0.0e+00|            2.8e-05|            1.9e-05|
+----------+----------+------------------+----------+-------------------+-------------------+-------------------+
|    20.0 %|    200000|0.000000000000e+00|  00:00:03|            0.0e+00|            1.4e-05|            9.6e-06|
+----------+----------+------------------+----------+-------------------+-------------------+-------------------+
|    30.0 %|    300000|0.000000000000e+00|  00:00:04|            0.0e+00|            9.2e-06|            6.4e-06|
+----------+----------+------------------+----------+-------------------+-------------------+-------------------+
|    40.0 %|    400000|0.000000000000e+00|  00:00:06|            0.0e+00|            6.9e-06|            4.8e-06|
+----------+----------+------------------+----------+-------------------+-------------------+-------------------+
|    50.0 %|    500000|0.000000000000e+00|  00:00:07|            0.0e+00|            5.5e-06|            3.8e-06|
+----------+----------+------------------+----------+-------------------+-------------------+-------------------+
|    60.0 %|    600000|0.000000000000e+00|  00:00:08|            0.0e+00|            4.6e-06|            3.2e-06|
+----------+----------+------------------+----------+-------------------+-------------------+-------------------+
|    70.0 %|    700000|0.000000000000e+00|  00:00:10|            0.0e+00|            4.0e-06|            2.7e-06|
+----------+----------+------------------+----------+-------------------+-------------------+-------------------+
|    80.0 %|    800000|0.000000000000e+00|  00:00:11|            0.0e+00|            3.5e-06|            2.4e-06|
+----------+----------+------------------+----------+-------------------+-------------------+-------------------+
|    90.0 %|    900000|0.000000000000e+00|  00:00:13|            0.0e+00|            3.1e-06|            2.1e-06|
+----------+----------+------------------+----------+-------------------+-------------------+-------------------+
|   100.0 %|   1000000|0.000000000000e+00|  00:00:14|            0.0e+00|            2.8e-06|            1.9e-06|
+----------+----------+------------------+----------+-------------------+-------------------+-------------------+
Simulation completed. Releases processed: 999493, Total simulated time: 1997.63
Fragmentation ratio (mean over simulation): C=0.604553, L=0.020213 | Network=0.312383
Network Name: BDM_USNet
Starting simulation with lambda=600, mu=1...
+----------+----------+------------------+----------+-------------------+-------------------+-------------------+
|  progress|   arrives|          blocking|   time(s)|            Wald CI|            A-C. CI|          Wilson CI|
+----------+----------+------------------+----------+-------------------+-------------------+-------------------+
|    10.0 %|    100000|0.000000000000e+00|  00:00:01|            0.0e+00|            2.8e-05|            1.9e-05|
+----------+----------+------------------+----------+-------------------+-------------------+-------------------+
|    20.0 %|    200000|0.000000000000e+00|  00:00:02|            0.0e+00|            1.4e-05|            9.6e-06|
+----------+----------+------------------+----------+-------------------+-------------------+-------------------+
|    30.0 %|    300000|0.000000000000e+00|  00:00:04|            0.0e+00|            9.2e-06|            6.4e-06|
+----------+----------+------------------+----------+-------------------+-------------------+-------------------+
|    40.0 %|    400000|0.000000000000e+00|  00:00:06|            0.0e+00|            6.9e-06|            4.8e-06|
+----------+----------+------------------+----------+-------------------+-------------------+-------------------+
|    50.0 %|    500000|0.000000000000e+00|  00:00:07|            0.0e+00|            5.5e-06|            3.8e-06|
+----------+----------+------------------+----------+-------------------+-------------------+-------------------+
|    60.0 %|    600000|0.000000000000e+00|  00:00:09|            0.0e+00|            4.6e-06|            3.2e-06|
+----------+----------+------------------+----------+-------------------+-------------------+-------------------+
|    70.0 %|    700000|0.000000000000e+00|  00:00:10|            0.0e+00|            4.0e-06|            2.7e-06|
+----------+----------+------------------+----------+-------------------+-------------------+-------------------+
|    80.0 %|    800000|0.000000000000e+00|  00:00:12|            0.0e+00|            3.5e-06|            2.4e-06|
+----------+----------+------------------+----------+-------------------+-------------------+-------------------+
|    90.0 %|    900000|0.000000000000e+00|  00:00:13|            0.0e+00|            3.1e-06|            2.1e-06|
+----------+----------+------------------+----------+-------------------+-------------------+-------------------+
|   100.0 %|   1000000|0.000000000000e+00|  00:00:15|            0.0e+00|            2.8e-06|            1.9e-06|
+----------+----------+------------------+----------+-------------------+-------------------+-------------------+
Simulation completed. Releases processed: 999417, Total simulated time: 1665.58
Fragmentation ratio (mean over simulation): C=0.637936, L=0.069178 | Network=0.353557
Network Name: BDM_USNet
Starting simulation with lambda=700, mu=1...
+----------+----------+------------------+----------+-------------------+-------------------+-------------------+
|  progress|   arrives|          blocking|   time(s)|            Wald CI|            A-C. CI|          Wilson CI|
+----------+----------+------------------+----------+-------------------+-------------------+-------------------+
|    10.0 %|    100000|0.000000000000e+00|  00:00:01|            0.0e+00|            2.8e-05|            1.9e-05|
+----------+----------+------------------+----------+-------------------+-------------------+-------------------+
|    20.0 %|    200000|0.000000000000e+00|  00:00:03|            0.0e+00|            1.4e-05|            9.6e-06|
+----------+----------+------------------+----------+-------------------+-------------------+-------------------+
|    30.0 %|    300000|0.000000000000e+00|  00:00:04|            0.0e+00|            9.2e-06|            6.4e-06|
+----------+----------+------------------+----------+-------------------+-------------------+-------------------+
|    40.0 %|    400000|0.000000000000e+00|  00:00:06|            0.0e+00|            6.9e-06|            4.8e-06|
+----------+----------+------------------+----------+-------------------+-------------------+-------------------+
|    50.0 %|    500000|0.000000000000e+00|  00:00:07|            0.0e+00|            5.5e-06|            3.8e-06|
+----------+----------+------------------+----------+-------------------+-------------------+-------------------+
|    60.0 %|    600000|0.000000000000e+00|  00:00:09|            0.0e+00|            4.6e-06|            3.2e-06|
+----------+----------+------------------+----------+-------------------+-------------------+-------------------+
|    70.0 %|    700000|0.000000000000e+00|  00:00:10|            0.0e+00|            4.0e-06|            2.7e-06|
+----------+----------+------------------+----------+-------------------+-------------------+-------------------+
|    80.0 %|    800000|0.000000000000e+00|  00:00:12|            0.0e+00|            3.5e-06|            2.4e-06|
+----------+----------+------------------+----------+-------------------+-------------------+-------------------+
|    90.0 %|    900000|0.000000000000e+00|  00:00:14|            0.0e+00|            3.1e-06|            2.1e-06|
+----------+----------+------------------+----------+-------------------+-------------------+-------------------+
|   100.0 %|   1000000|0.000000000000e+00|  00:00:15|            0.0e+00|            2.8e-06|            1.9e-06|
+----------+----------+------------------+----------+-------------------+-------------------+-------------------+
Simulation completed. Releases processed: 999304, Total simulated time: 1428.68
Fragmentation ratio (mean over simulation): C=0.668904, L=0.147800 | Network=0.408352
Network Name: BDM_USNet
Starting simulation with lambda=800, mu=1...
+----------+----------+------------------+----------+-------------------+-------------------+-------------------+
|  progress|   arrives|          blocking|   time(s)|            Wald CI|            A-C. CI|          Wilson CI|
+----------+----------+------------------+----------+-------------------+-------------------+-------------------+
|    10.0 %|    100000|0.000000000000e+00|  00:00:01|            0.0e+00|            2.8e-05|            1.9e-05|
+----------+----------+------------------+----------+-------------------+-------------------+-------------------+
|    20.0 %|    200000|0.000000000000e+00|  00:00:03|            0.0e+00|            1.4e-05|            9.6e-06|
+----------+----------+------------------+----------+-------------------+-------------------+-------------------+
|    30.0 %|    300000|0.000000000000e+00|  00:00:04|            0.0e+00|            9.2e-06|            6.4e-06|
+----------+----------+------------------+----------+-------------------+-------------------+-------------------+
|    40.0 %|    400000|0.000000000000e+00|  00:00:06|            0.0e+00|            6.9e-06|            4.8e-06|
+----------+----------+------------------+----------+-------------------+-------------------+-------------------+
|    50.0 %|    500000|0.000000000000e+00|  00:00:08|            0.0e+00|            5.5e-06|            3.8e-06|
+----------+----------+------------------+----------+-------------------+-------------------+-------------------+
|    60.0 %|    600000|0.000000000000e+00|  00:00:09|            0.0e+00|            4.6e-06|            3.2e-06|
+----------+----------+------------------+----------+-------------------+-------------------+-------------------+
|    70.0 %|    700000|0.000000000000e+00|  00:00:11|            0.0e+00|            4.0e-06|            2.7e-06|
+----------+----------+------------------+----------+-------------------+-------------------+-------------------+
|    80.0 %|    800000|0.000000000000e+00|  00:00:13|            0.0e+00|            3.5e-06|            2.4e-06|
+----------+----------+------------------+----------+-------------------+-------------------+-------------------+
|    90.0 %|    900000|0.000000000000e+00|  00:00:14|            0.0e+00|            3.1e-06|            2.1e-06|
+----------+----------+------------------+----------+-------------------+-------------------+-------------------+
|   100.0 %|   1000000|0.000000000000e+00|  00:00:16|            0.0e+00|            2.8e-06|            1.9e-06|
+----------+----------+------------------+----------+-------------------+-------------------+-------------------+
Simulation completed. Releases processed: 999218, Total simulated time: 1250.32
Fragmentation ratio (mean over simulation): C=0.695551, L=0.227335 | Network=0.461443
Network Name: BDM_USNet
Starting simulation with lambda=900, mu=1...
+----------+----------+------------------+----------+-------------------+-------------------+-------------------+
|  progress|   arrives|          blocking|   time(s)|            Wald CI|            A-C. CI|          Wilson CI|
+----------+----------+------------------+----------+-------------------+-------------------+-------------------+
|    10.0 %|    100000|0.000000000000e+00|  00:00:01|            0.0e+00|            2.8e-05|            1.9e-05|
+----------+----------+------------------+----------+-------------------+-------------------+-------------------+
|    20.0 %|    200000|0.000000000000e+00|  00:00:03|            0.0e+00|            1.4e-05|            9.6e-06|
+----------+----------+------------------+----------+-------------------+-------------------+-------------------+
|    30.0 %|    300000|3.333333333355e-06|  00:00:04|            6.5e-06|            1.1e-05|            9.1e-06|
+----------+----------+------------------+----------+-------------------+-------------------+-------------------+
|    40.0 %|    400000|2.500000000016e-06|  00:00:06|            4.9e-06|            8.5e-06|            6.9e-06|
+----------+----------+------------------+----------+-------------------+-------------------+-------------------+
|    50.0 %|    500000|1.999999999946e-06|  00:00:08|            3.9e-06|            6.8e-06|            5.5e-06|
+----------+----------+------------------+----------+-------------------+-------------------+-------------------+
|    60.0 %|    600000|1.666666666678e-06|  00:00:09|            3.3e-06|            5.7e-06|            4.6e-06|
+----------+----------+------------------+----------+-------------------+-------------------+-------------------+
|    70.0 %|    700000|1.428571428597e-06|  00:00:11|            2.8e-06|            4.8e-06|            3.9e-06|
+----------+----------+------------------+----------+-------------------+-------------------+-------------------+
|    80.0 %|    800000|1.249999999953e-06|  00:00:13|            2.4e-06|            4.2e-06|            3.4e-06|
+----------+----------+------------------+----------+-------------------+-------------------+-------------------+
|    90.0 %|    900000|1.111111111118e-06|  00:00:14|            2.2e-06|            3.8e-06|            3.0e-06|
+----------+----------+------------------+----------+-------------------+-------------------+-------------------+
|   100.0 %|   1000000|1.000000000029e-06|  00:00:16|            2.0e-06|            3.4e-06|            2.7e-06|
+----------+----------+------------------+----------+-------------------+-------------------+-------------------+
Simulation completed. Releases processed: 999107, Total simulated time: 1110.25
Fragmentation ratio (mean over simulation): C=0.711003, L=0.286717 | Network=0.498860
Network Name: BDM_USNet
Starting simulation with lambda=1000, mu=1...
+----------+----------+------------------+----------+-------------------+-------------------+-------------------+
|  progress|   arrives|          blocking|   time(s)|            Wald CI|            A-C. CI|          Wilson CI|
+----------+----------+------------------+----------+-------------------+-------------------+-------------------+
|    10.0 %|    100000|2.000000000002e-05|  00:00:01|            2.8e-05|            3.9e-05|            3.4e-05|
+----------+----------+------------------+----------+-------------------+-------------------+-------------------+
|    20.0 %|    200000|1.499999999999e-05|  00:00:03|            1.7e-05|            2.2e-05|            2.0e-05|
+----------+----------+------------------+----------+-------------------+-------------------+-------------------+
|    30.0 %|    300000|2.333333333338e-05|  00:00:05|            1.7e-05|            2.0e-05|            1.8e-05|
+----------+----------+------------------+----------+-------------------+-------------------+-------------------+
|    40.0 %|    400000|2.749999999996e-05|  00:00:06|            1.6e-05|            1.8e-05|            1.7e-05|
+----------+----------+------------------+----------+-------------------+-------------------+-------------------+
|    50.0 %|    500000|2.999999999997e-05|  00:00:08|            1.5e-05|            1.6e-05|            1.6e-05|
+----------+----------+------------------+----------+-------------------+-------------------+-------------------+
|    60.0 %|    600000|3.833333333336e-05|  00:00:10|            1.6e-05|            1.6e-05|            1.6e-05|
+----------+----------+------------------+----------+-------------------+-------------------+-------------------+
|    70.0 %|    700000|3.285714285717e-05|  00:00:11|            1.3e-05|            1.4e-05|            1.4e-05|
+----------+----------+------------------+----------+-------------------+-------------------+-------------------+
|    80.0 %|    800000|3.375000000005e-05|  00:00:13|            1.3e-05|            1.3e-05|            1.3e-05|
+----------+----------+------------------+----------+-------------------+-------------------+-------------------+
|    90.0 %|    900000|3.111111111109e-05|  00:00:15|            1.2e-05|            1.2e-05|            1.2e-05|
+----------+----------+------------------+----------+-------------------+-------------------+-------------------+
|   100.0 %|   1000000|2.899999999995e-05|  00:00:16|            1.1e-05|            1.1e-05|            1.1e-05|
+----------+----------+------------------+----------+-------------------+-------------------+-------------------+
Simulation completed. Releases processed: 998967, Total simulated time: 1000.12
Fragmentation ratio (mean over simulation): C=0.724971, L=0.360405 | Network=0.542688
Network Name: BDM_USNet
Starting simulation with lambda=1100, mu=1...
+----------+----------+------------------+----------+-------------------+-------------------+-------------------+
|  progress|   arrives|          blocking|   time(s)|            Wald CI|            A-C. CI|          Wilson CI|
+----------+----------+------------------+----------+-------------------+-------------------+-------------------+
|    10.0 %|    100000|7.999999999997e-05|  00:00:01|            5.5e-05|            6.2e-05|            5.9e-05|
+----------+----------+------------------+----------+-------------------+-------------------+-------------------+
|    20.0 %|    200000|9.000000000003e-05|  00:00:03|            4.2e-05|            4.4e-05|            4.3e-05|
+----------+----------+------------------+----------+-------------------+-------------------+-------------------+
|    30.0 %|    300000|1.266666666667e-04|  00:00:04|            4.0e-05|            4.1e-05|            4.1e-05|
+----------+----------+------------------+----------+-------------------+-------------------+-------------------+
|    40.0 %|    400000|1.300000000000e-04|  00:00:06|            3.5e-05|            3.6e-05|            3.6e-05|
+----------+----------+------------------+----------+-------------------+-------------------+-------------------+
|    50.0 %|    500000|1.200000000000e-04|  00:00:08|            3.0e-05|            3.1e-05|            3.1e-05|
+----------+----------+------------------+----------+-------------------+-------------------+-------------------+
|    60.0 %|    600000|1.183333333333e-04|  00:00:09|            2.8e-05|            2.8e-05|            2.8e-05|
+----------+----------+------------------+----------+-------------------+-------------------+-------------------+
|    70.0 %|    700000|1.100000000001e-04|  00:00:11|            2.5e-05|            2.5e-05|            2.5e-05|
+----------+----------+------------------+----------+-------------------+-------------------+-------------------+
|    80.0 %|    800000|1.062500000000e-04|  00:00:13|            2.3e-05|            2.3e-05|            2.3e-05|
+----------+----------+------------------+----------+-------------------+-------------------+-------------------+
|    90.0 %|    900000|1.188888888889e-04|  00:00:14|            2.3e-05|            2.3e-05|            2.3e-05|
+----------+----------+------------------+----------+-------------------+-------------------+-------------------+
|   100.0 %|   1000000|1.210000000000e-04|  00:00:16|            2.2e-05|            2.2e-05|            2.2e-05|
+----------+----------+------------------+----------+-------------------+-------------------+-------------------+
Simulation completed. Releases processed: 998776, Total simulated time: 907.56
Fragmentation ratio (mean over simulation): C=0.736435, L=0.393021 | Network=0.564728
Network Name: BDM_USNet
Starting simulation with lambda=1200, mu=1...
+----------+----------+------------------+----------+-------------------+-------------------+-------------------+
|  progress|   arrives|          blocking|   time(s)|            Wald CI|            A-C. CI|          Wilson CI|
+----------+----------+------------------+----------+-------------------+-------------------+-------------------+
|    10.0 %|    100000|4.500000000000e-04|  00:00:01|            1.3e-04|            1.3e-04|            1.3e-04|
+----------+----------+------------------+----------+-------------------+-------------------+-------------------+
|    20.0 %|    200000|4.650000000000e-04|  00:00:03|            9.4e-05|            9.5e-05|            9.5e-05|
+----------+----------+------------------+----------+-------------------+-------------------+-------------------+
|    30.0 %|    300000|4.200000000000e-04|  00:00:04|            7.3e-05|            7.4e-05|            7.4e-05|
+----------+----------+------------------+----------+-------------------+-------------------+-------------------+
|    40.0 %|    400000|4.000000000000e-04|  00:00:06|            6.2e-05|            6.2e-05|            6.2e-05|
+----------+----------+------------------+----------+-------------------+-------------------+-------------------+
|    50.0 %|    500000|4.060000000000e-04|  00:00:08|            5.6e-05|            5.6e-05|            5.6e-05|
+----------+----------+------------------+----------+-------------------+-------------------+-------------------+
|    60.0 %|    600000|4.066666666667e-04|  00:00:10|            5.1e-05|            5.1e-05|            5.1e-05|
+----------+----------+------------------+----------+-------------------+-------------------+-------------------+
|    70.0 %|    700000|4.357142857143e-04|  00:00:11|            4.9e-05|            4.9e-05|            4.9e-05|
+----------+----------+------------------+----------+-------------------+-------------------+-------------------+
|    80.0 %|    800000|4.612500000000e-04|  00:00:13|            4.7e-05|            4.7e-05|            4.7e-05|
+----------+----------+------------------+----------+-------------------+-------------------+-------------------+
|    90.0 %|    900000|4.533333333333e-04|  00:00:15|            4.4e-05|            4.4e-05|            4.4e-05|
+----------+----------+------------------+----------+-------------------+-------------------+-------------------+
|   100.0 %|   1000000|4.570000000000e-04|  00:00:16|            4.2e-05|            4.2e-05|            4.2e-05|
+----------+----------+------------------+----------+-------------------+-------------------+-------------------+
Simulation completed. Releases processed: 998403, Total simulated time: 833.72
Fragmentation ratio (mean over simulation): C=0.746029, L=0.430295 | Network=0.588162
Network Name: BDM_USNet
Starting simulation with lambda=1300, mu=1...
+----------+----------+------------------+----------+-------------------+-------------------+-------------------+
|  progress|   arrives|          blocking|   time(s)|            Wald CI|            A-C. CI|          Wilson CI|
+----------+----------+------------------+----------+-------------------+-------------------+-------------------+
|    10.0 %|    100000|1.410000000000e-03|  00:00:01|            2.3e-04|            2.3e-04|            2.3e-04|
+----------+----------+------------------+----------+-------------------+-------------------+-------------------+
|    20.0 %|    200000|1.310000000000e-03|  00:00:03|            1.6e-04|            1.6e-04|            1.6e-04|
+----------+----------+------------------+----------+-------------------+-------------------+-------------------+
|    30.0 %|    300000|1.213333333333e-03|  00:00:05|            1.2e-04|            1.2e-04|            1.2e-04|
+----------+----------+------------------+----------+-------------------+-------------------+-------------------+
|    40.0 %|    400000|1.225000000000e-03|  00:00:06|            1.1e-04|            1.1e-04|            1.1e-04|
+----------+----------+------------------+----------+-------------------+-------------------+-------------------+
|    50.0 %|    500000|1.248000000000e-03|  00:00:08|            9.8e-05|            9.8e-05|            9.8e-05|
+----------+----------+------------------+----------+-------------------+-------------------+-------------------+
|    60.0 %|    600000|1.178333333333e-03|  00:00:10|            8.7e-05|            8.7e-05|            8.7e-05|
+----------+----------+------------------+----------+-------------------+-------------------+-------------------+
|    70.0 %|    700000|1.151428571429e-03|  00:00:11|            7.9e-05|            8.0e-05|            7.9e-05|
+----------+----------+------------------+----------+-------------------+-------------------+-------------------+
|    80.0 %|    800000|1.143750000000e-03|  00:00:13|            7.4e-05|            7.4e-05|            7.4e-05|
+----------+----------+------------------+----------+-------------------+-------------------+-------------------+
|    90.0 %|    900000|1.136666666667e-03|  00:00:15|            7.0e-05|            7.0e-05|            7.0e-05|
+----------+----------+------------------+----------+-------------------+-------------------+-------------------+
|   100.0 %|   1000000|1.128000000000e-03|  00:00:17|            6.6e-05|            6.6e-05|            6.6e-05|
+----------+----------+------------------+----------+-------------------+-------------------+-------------------+
Simulation completed. Releases processed: 997572, Total simulated time: 769.19
Fragmentation ratio (mean over simulation): C=0.755544, L=0.485419 | Network=0.620482
Network Name: BDM_USNet
Starting simulation with lambda=1400, mu=1...
+----------+----------+------------------+----------+-------------------+-------------------+-------------------+
|  progress|   arrives|          blocking|   time(s)|            Wald CI|            A-C. CI|          Wilson CI|
+----------+----------+------------------+----------+-------------------+-------------------+-------------------+
|    10.0 %|    100000|2.400000000000e-03|  00:00:01|            3.0e-04|            3.0e-04|            3.0e-04|
+----------+----------+------------------+----------+-------------------+-------------------+-------------------+
|    20.0 %|    200000|2.545000000000e-03|  00:00:03|            2.2e-04|            2.2e-04|            2.2e-04|
+----------+----------+------------------+----------+-------------------+-------------------+-------------------+
|    30.0 %|    300000|2.466666666667e-03|  00:00:05|            1.8e-04|            1.8e-04|            1.8e-04|
+----------+----------+------------------+----------+-------------------+-------------------+-------------------+
|    40.0 %|    400000|2.437500000000e-03|  00:00:07|            1.5e-04|            1.5e-04|            1.5e-04|
+----------+----------+------------------+----------+-------------------+-------------------+-------------------+
|    50.0 %|    500000|2.516000000000e-03|  00:00:09|            1.4e-04|            1.4e-04|            1.4e-04|
+----------+----------+------------------+----------+-------------------+-------------------+-------------------+
|    60.0 %|    600000|2.500000000000e-03|  00:00:10|            1.3e-04|            1.3e-04|            1.3e-04|
+----------+----------+------------------+----------+-------------------+-------------------+-------------------+
|    70.0 %|    700000|2.502857142857e-03|  00:00:12|            1.2e-04|            1.2e-04|            1.2e-04|
+----------+----------+------------------+----------+-------------------+-------------------+-------------------+
|    80.0 %|    800000|2.510000000000e-03|  00:00:14|            1.1e-04|            1.1e-04|            1.1e-04|
+----------+----------+------------------+----------+-------------------+-------------------+-------------------+
|    90.0 %|    900000|2.495555555556e-03|  00:00:16|            1.0e-04|            1.0e-04|            1.0e-04|
+----------+----------+------------------+----------+-------------------+-------------------+-------------------+
|   100.0 %|   1000000|2.539000000000e-03|  00:00:18|            9.9e-05|            9.9e-05|            9.9e-05|
+----------+----------+------------------+----------+-------------------+-------------------+-------------------+
Simulation completed. Releases processed: 996081, Total simulated time: 713.54
Fragmentation ratio (mean over simulation): C=0.765039, L=0.522495 | Network=0.643767
Network Name: BDM_USNet
Starting simulation with lambda=1500, mu=1...
+----------+----------+------------------+----------+-------------------+-------------------+-------------------+
|  progress|   arrives|          blocking|   time(s)|            Wald CI|            A-C. CI|          Wilson CI|
+----------+----------+------------------+----------+-------------------+-------------------+-------------------+
|    10.0 %|    100000|4.540000000000e-03|  00:00:01|            4.2e-04|            4.2e-04|            4.2e-04|
+----------+----------+------------------+----------+-------------------+-------------------+-------------------+
|    20.0 %|    200000|4.740000000000e-03|  00:00:03|            3.0e-04|            3.0e-04|            3.0e-04|
+----------+----------+------------------+----------+-------------------+-------------------+-------------------+
|    30.0 %|    300000|4.690000000000e-03|  00:00:05|            2.4e-04|            2.4e-04|            2.4e-04|
+----------+----------+------------------+----------+-------------------+-------------------+-------------------+
|    40.0 %|    400000|4.500000000000e-03|  00:00:07|            2.1e-04|            2.1e-04|            2.1e-04|
+----------+----------+------------------+----------+-------------------+-------------------+-------------------+
|    50.0 %|    500000|4.618000000000e-03|  00:00:09|            1.9e-04|            1.9e-04|            1.9e-04|
+----------+----------+------------------+----------+-------------------+-------------------+-------------------+
|    60.0 %|    600000|4.603333333333e-03|  00:00:10|            1.7e-04|            1.7e-04|            1.7e-04|
+----------+----------+------------------+----------+-------------------+-------------------+-------------------+
|    70.0 %|    700000|4.628571428571e-03|  00:00:12|            1.6e-04|            1.6e-04|            1.6e-04|
+----------+----------+------------------+----------+-------------------+-------------------+-------------------+
|    80.0 %|    800000|4.651250000000e-03|  00:00:14|            1.5e-04|            1.5e-04|            1.5e-04|
+----------+----------+------------------+----------+-------------------+-------------------+-------------------+
|    90.0 %|    900000|4.655555555556e-03|  00:00:16|            1.4e-04|            1.4e-04|            1.4e-04|
+----------+----------+------------------+----------+-------------------+-------------------+-------------------+
|   100.0 %|   1000000|4.663000000000e-03|  00:00:18|            1.3e-04|            1.3e-04|            1.3e-04|
+----------+----------+------------------+----------+-------------------+-------------------+-------------------+
Simulation completed. Releases processed: 993813, Total simulated time: 665.29
Fragmentation ratio (mean over simulation): C=0.779043, L=0.555565 | Network=0.667304
Network Name: BDM_USNet
Starting simulation with lambda=1600, mu=1...
+----------+----------+------------------+----------+-------------------+-------------------+-------------------+
|  progress|   arrives|          blocking|   time(s)|            Wald CI|            A-C. CI|          Wilson CI|
+----------+----------+------------------+----------+-------------------+-------------------+-------------------+
|    10.0 %|    100000|7.120000000000e-03|  00:00:01|            5.2e-04|            5.2e-04|            5.2e-04|
+----------+----------+------------------+----------+-------------------+-------------------+-------------------+
|    20.0 %|    200000|7.335000000000e-03|  00:00:03|            3.7e-04|            3.7e-04|            3.7e-04|
+----------+----------+------------------+----------+-------------------+-------------------+-------------------+
|    30.0 %|    300000|7.313333333333e-03|  00:00:05|            3.0e-04|            3.1e-04|            3.0e-04|
+----------+----------+------------------+----------+-------------------+-------------------+-------------------+
|    40.0 %|    400000|7.225000000000e-03|  00:00:07|            2.6e-04|            2.6e-04|            2.6e-04|
+----------+----------+------------------+----------+-------------------+-------------------+-------------------+
|    50.0 %|    500000|7.214000000000e-03|  00:00:09|            2.3e-04|            2.3e-04|            2.3e-04|
+----------+----------+------------------+----------+-------------------+-------------------+-------------------+
|    60.0 %|    600000|7.198333333333e-03|  00:00:11|            2.1e-04|            2.1e-04|            2.1e-04|
+----------+----------+------------------+----------+-------------------+-------------------+-------------------+
|    70.0 %|    700000|7.197142857143e-03|  00:00:13|            2.0e-04|            2.0e-04|            2.0e-04|
+----------+----------+------------------+----------+-------------------+-------------------+-------------------+
|    80.0 %|    800000|7.260000000000e-03|  00:00:15|            1.9e-04|            1.9e-04|            1.9e-04|
+----------+----------+------------------+----------+-------------------+-------------------+-------------------+
|    90.0 %|    900000|7.346666666667e-03|  00:00:16|            1.8e-04|            1.8e-04|            1.8e-04|
+----------+----------+------------------+----------+-------------------+-------------------+-------------------+
|   100.0 %|   1000000|7.371000000000e-03|  00:00:18|            1.7e-04|            1.7e-04|            1.7e-04|
+----------+----------+------------------+----------+-------------------+-------------------+-------------------+
Simulation completed. Releases processed: 990947, Total simulated time: 623.81
Fragmentation ratio (mean over simulation): C=0.784952, L=0.590056 | Network=0.687504
Network Name: BDM_USNet
Starting simulation with lambda=1700, mu=1...
+----------+----------+------------------+----------+-------------------+-------------------+-------------------+
|  progress|   arrives|          blocking|   time(s)|            Wald CI|            A-C. CI|          Wilson CI|
+----------+----------+------------------+----------+-------------------+-------------------+-------------------+
|    10.0 %|    100000|1.098000000000e-02|  00:00:01|            6.5e-04|            6.5e-04|            6.5e-04|
+----------+----------+------------------+----------+-------------------+-------------------+-------------------+
|    20.0 %|    200000|1.100000000000e-02|  00:00:03|            4.6e-04|            4.6e-04|            4.6e-04|
+----------+----------+------------------+----------+-------------------+-------------------+-------------------+
|    30.0 %|    300000|1.096666666667e-02|  00:00:05|            3.7e-04|            3.7e-04|            3.7e-04|
+----------+----------+------------------+----------+-------------------+-------------------+-------------------+
|    40.0 %|    400000|1.088000000000e-02|  00:00:07|            3.2e-04|            3.2e-04|            3.2e-04|
+----------+----------+------------------+----------+-------------------+-------------------+-------------------+
|    50.0 %|    500000|1.062600000000e-02|  00:00:09|            2.8e-04|            2.8e-04|            2.8e-04|
+----------+----------+------------------+----------+-------------------+-------------------+-------------------+
|    60.0 %|    600000|1.055000000000e-02|  00:00:11|            2.6e-04|            2.6e-04|            2.6e-04|
+----------+----------+------------------+----------+-------------------+-------------------+-------------------+
|    70.0 %|    700000|1.064857142857e-02|  00:00:13|            2.4e-04|            2.4e-04|            2.4e-04|
+----------+----------+------------------+----------+-------------------+-------------------+-------------------+
|    80.0 %|    800000|1.052625000000e-02|  00:00:15|            2.2e-04|            2.2e-04|            2.2e-04|
+----------+----------+------------------+----------+-------------------+-------------------+-------------------+
|    90.0 %|    900000|1.054888888889e-02|  00:00:17|            2.1e-04|            2.1e-04|            2.1e-04|
+----------+----------+------------------+----------+-------------------+-------------------+-------------------+
|   100.0 %|   1000000|1.048000000000e-02|  00:00:19|            2.0e-04|            2.0e-04|            2.0e-04|
+----------+----------+------------------+----------+-------------------+-------------------+-------------------+
Simulation completed. Releases processed: 987803, Total simulated time: 588.84
Fragmentation ratio (mean over simulation): C=0.791311, L=0.608274 | Network=0.699792
Network Name: BDM_USNet
Starting simulation with lambda=1800, mu=1...
+----------+----------+------------------+----------+-------------------+-------------------+-------------------+
|  progress|   arrives|          blocking|   time(s)|            Wald CI|            A-C. CI|          Wilson CI|
+----------+----------+------------------+----------+-------------------+-------------------+-------------------+
|    10.0 %|    100000|1.389000000000e-02|  00:00:01|            7.3e-04|            7.3e-04|            7.3e-04|
+----------+----------+------------------+----------+-------------------+-------------------+-------------------+
|    20.0 %|    200000|1.384500000000e-02|  00:00:04|            5.1e-04|            5.1e-04|            5.1e-04|
+----------+----------+------------------+----------+-------------------+-------------------+-------------------+
|    30.0 %|    300000|1.375666666667e-02|  00:00:05|            4.2e-04|            4.2e-04|            4.2e-04|
+----------+----------+------------------+----------+-------------------+-------------------+-------------------+
|    40.0 %|    400000|1.413500000000e-02|  00:00:07|            3.7e-04|            3.7e-04|            3.7e-04|
+----------+----------+------------------+----------+-------------------+-------------------+-------------------+
|    50.0 %|    500000|1.429000000000e-02|  00:00:09|            3.3e-04|            3.3e-04|            3.3e-04|
+----------+----------+------------------+----------+-------------------+-------------------+-------------------+
|    60.0 %|    600000|1.426833333333e-02|  00:00:11|            3.0e-04|            3.0e-04|            3.0e-04|
+----------+----------+------------------+----------+-------------------+-------------------+-------------------+
|    70.0 %|    700000|1.433571428571e-02|  00:00:13|            2.8e-04|            2.8e-04|            2.8e-04|
+----------+----------+------------------+----------+-------------------+-------------------+-------------------+
|    80.0 %|    800000|1.436250000000e-02|  00:00:15|            2.6e-04|            2.6e-04|            2.6e-04|
+----------+----------+------------------+----------+-------------------+-------------------+-------------------+
|    90.0 %|    900000|1.427555555556e-02|  00:00:17|            2.5e-04|            2.5e-04|            2.5e-04|
+----------+----------+------------------+----------+-------------------+-------------------+-------------------+
|   100.0 %|   1000000|1.421000000000e-02|  00:00:19|            2.3e-04|            2.3e-04|            2.3e-04|
+----------+----------+------------------+----------+-------------------+-------------------+-------------------+
Simulation completed. Releases processed: 984023, Total simulated time: 557.17
Fragmentation ratio (mean over simulation): C=0.797341, L=0.637712 | Network=0.717527
Network Name: BDM_USNet
Starting simulation with lambda=1900, mu=1...
+----------+----------+------------------+----------+-------------------+-------------------+-------------------+
|  progress|   arrives|          blocking|   time(s)|            Wald CI|            A-C. CI|          Wilson CI|
+----------+----------+------------------+----------+-------------------+-------------------+-------------------+
|    10.0 %|    100000|1.780000000000e-02|  00:00:02|            8.2e-04|            8.2e-04|            8.2e-04|
+----------+----------+------------------+----------+-------------------+-------------------+-------------------+
|    20.0 %|    200000|1.740500000000e-02|  00:00:03|            5.7e-04|            5.7e-04|            5.7e-04|
+----------+----------+------------------+----------+-------------------+-------------------+-------------------+
|    30.0 %|    300000|1.791666666667e-02|  00:00:06|            4.7e-04|            4.7e-04|            4.7e-04|
+----------+----------+------------------+----------+-------------------+-------------------+-------------------+
|    40.0 %|    400000|1.803000000000e-02|  00:00:08|            4.1e-04|            4.1e-04|            4.1e-04|
+----------+----------+------------------+----------+-------------------+-------------------+-------------------+
|    50.0 %|    500000|1.802800000000e-02|  00:00:10|            3.7e-04|            3.7e-04|            3.7e-04|
+----------+----------+------------------+----------+-------------------+-------------------+-------------------+
|    60.0 %|    600000|1.835833333333e-02|  00:00:12|            3.4e-04|            3.4e-04|            3.4e-04|
+----------+----------+------------------+----------+-------------------+-------------------+-------------------+
|    70.0 %|    700000|1.836714285714e-02|  00:00:14|            3.1e-04|            3.1e-04|            3.1e-04|
+----------+----------+------------------+----------+-------------------+-------------------+-------------------+
|    80.0 %|    800000|1.848125000000e-02|  00:00:16|            3.0e-04|            3.0e-04|            3.0e-04|
+----------+----------+------------------+----------+-------------------+-------------------+-------------------+
|    90.0 %|    900000|1.853222222222e-02|  00:00:18|            2.8e-04|            2.8e-04|            2.8e-04|
+----------+----------+------------------+----------+-------------------+-------------------+-------------------+
|   100.0 %|   1000000|1.868600000000e-02|  00:00:20|            2.7e-04|            2.7e-04|            2.7e-04|
+----------+----------+------------------+----------+-------------------+-------------------+-------------------+
Simulation completed. Releases processed: 979455, Total simulated time: 525.93
Fragmentation ratio (mean over simulation): C=0.805286, L=0.647285 | Network=0.726286
Network Name: BDM_USNet
Starting simulation with lambda=2000, mu=1...
+----------+----------+------------------+----------+-------------------+-------------------+-------------------+
|  progress|   arrives|          blocking|   time(s)|            Wald CI|            A-C. CI|          Wilson CI|
+----------+----------+------------------+----------+-------------------+-------------------+-------------------+
|    10.0 %|    100000|2.175000000000e-02|  00:00:02|            9.0e-04|            9.0e-04|            9.0e-04|
+----------+----------+------------------+----------+-------------------+-------------------+-------------------+
|    20.0 %|    200000|2.180500000000e-02|  00:00:04|            6.4e-04|            6.4e-04|            6.4e-04|
+----------+----------+------------------+----------+-------------------+-------------------+-------------------+
|    30.0 %|    300000|2.251666666667e-02|  00:00:06|            5.3e-04|            5.3e-04|            5.3e-04|
+----------+----------+------------------+----------+-------------------+-------------------+-------------------+
|    40.0 %|    400000|2.251250000000e-02|  00:00:08|            4.6e-04|            4.6e-04|            4.6e-04|
+----------+----------+------------------+----------+-------------------+-------------------+-------------------+
|    50.0 %|    500000|2.245200000000e-02|  00:00:10|            4.1e-04|            4.1e-04|            4.1e-04|
+----------+----------+------------------+----------+-------------------+-------------------+-------------------+
|    60.0 %|    600000|2.260666666667e-02|  00:00:12|            3.8e-04|            3.8e-04|            3.8e-04|
+----------+----------+------------------+----------+-------------------+-------------------+-------------------+
|    70.0 %|    700000|2.252428571429e-02|  00:00:14|            3.5e-04|            3.5e-04|            3.5e-04|
+----------+----------+------------------+----------+-------------------+-------------------+-------------------+
|    80.0 %|    800000|2.257625000000e-02|  00:00:16|            3.3e-04|            3.3e-04|            3.3e-04|
+----------+----------+------------------+----------+-------------------+-------------------+-------------------+
|    90.0 %|    900000|2.260444444444e-02|  00:00:18|            3.1e-04|            3.1e-04|            3.1e-04|
+----------+----------+------------------+----------+-------------------+-------------------+-------------------+
|   100.0 %|   1000000|2.257600000000e-02|  00:00:20|            2.9e-04|            2.9e-04|            2.9e-04|
+----------+----------+------------------+----------+-------------------+-------------------+-------------------+
Simulation completed. Releases processed: 975475, Total simulated time: 500.31
Fragmentation ratio (mean over simulation): C=0.811924, L=0.670502 | Network=0.741213
Network Name: BDM_USNet
Starting simulation with lambda=2100, mu=1...
+----------+----------+------------------+----------+-------------------+-------------------+-------------------+
|  progress|   arrives|          blocking|   time(s)|            Wald CI|            A-C. CI|          Wilson CI|
+----------+----------+------------------+----------+-------------------+-------------------+-------------------+
|    10.0 %|    100000|2.572000000000e-02|  00:00:02|            9.8e-04|            9.8e-04|            9.8e-04|
+----------+----------+------------------+----------+-------------------+-------------------+-------------------+
|    20.0 %|    200000|2.634500000000e-02|  00:00:04|            7.0e-04|            7.0e-04|            7.0e-04|
+----------+----------+------------------+----------+-------------------+-------------------+-------------------+
|    30.0 %|    300000|2.678000000000e-02|  00:00:06|            5.8e-04|            5.8e-04|            5.8e-04|
+----------+----------+------------------+----------+-------------------+-------------------+-------------------+
|    40.0 %|    400000|2.674250000000e-02|  00:00:08|            5.0e-04|            5.0e-04|            5.0e-04|
+----------+----------+------------------+----------+-------------------+-------------------+-------------------+
|    50.0 %|    500000|2.684600000000e-02|  00:00:10|            4.5e-04|            4.5e-04|            4.5e-04|
+----------+----------+------------------+----------+-------------------+-------------------+-------------------+
|    60.0 %|    600000|2.672666666667e-02|  00:00:12|            4.1e-04|            4.1e-04|            4.1e-04|
+----------+----------+------------------+----------+-------------------+-------------------+-------------------+
|    70.0 %|    700000|2.701285714286e-02|  00:00:14|            3.8e-04|            3.8e-04|            3.8e-04|
+----------+----------+------------------+----------+-------------------+-------------------+-------------------+
|    80.0 %|    800000|2.679625000000e-02|  00:00:16|            3.5e-04|            3.5e-04|            3.5e-04|
+----------+----------+------------------+----------+-------------------+-------------------+-------------------+
|    90.0 %|    900000|2.680111111111e-02|  00:00:18|            3.3e-04|            3.3e-04|            3.3e-04|
+----------+----------+------------------+----------+-------------------+-------------------+-------------------+
|   100.0 %|   1000000|2.689000000000e-02|  00:00:20|            3.2e-04|            3.2e-04|            3.2e-04|
+----------+----------+------------------+----------+-------------------+-------------------+-------------------+
Simulation completed. Releases processed: 971095, Total simulated time: 476.53
Fragmentation ratio (mean over simulation): C=0.812330, L=0.673324 | Network=0.742827
Network Name: BDM_USNet
Starting simulation with lambda=2200, mu=1...
+----------+----------+------------------+----------+-------------------+-------------------+-------------------+
|  progress|   arrives|          blocking|   time(s)|            Wald CI|            A-C. CI|          Wilson CI|
+----------+----------+------------------+----------+-------------------+-------------------+-------------------+
|    10.0 %|    100000|3.105000000000e-02|  00:00:02|            1.1e-03|            1.1e-03|            1.1e-03|
+----------+----------+------------------+----------+-------------------+-------------------+-------------------+
|    20.0 %|    200000|3.184500000000e-02|  00:00:04|            7.7e-04|            7.7e-04|            7.7e-04|
+----------+----------+------------------+----------+-------------------+-------------------+-------------------+
|    30.0 %|    300000|3.189333333333e-02|  00:00:06|            6.3e-04|            6.3e-04|            6.3e-04|
+----------+----------+------------------+----------+-------------------+-------------------+-------------------+
|    40.0 %|    400000|3.207250000000e-02|  00:00:08|            5.5e-04|            5.5e-04|            5.5e-04|
+----------+----------+------------------+----------+-------------------+-------------------+-------------------+
|    50.0 %|    500000|3.246400000000e-02|  00:00:10|            4.9e-04|            4.9e-04|            4.9e-04|
+----------+----------+------------------+----------+-------------------+-------------------+-------------------+
|    60.0 %|    600000|3.240000000000e-02|  00:00:12|            4.5e-04|            4.5e-04|            4.5e-04|
+----------+----------+------------------+----------+-------------------+-------------------+-------------------+
|    70.0 %|    700000|3.242571428571e-02|  00:00:14|            4.1e-04|            4.1e-04|            4.1e-04|
+----------+----------+------------------+----------+-------------------+-------------------+-------------------+
|    80.0 %|    800000|3.222250000000e-02|  00:00:17|            3.9e-04|            3.9e-04|            3.9e-04|
+----------+----------+------------------+----------+-------------------+-------------------+-------------------+
|    90.0 %|    900000|3.215111111111e-02|  00:00:19|            3.6e-04|            3.6e-04|            3.6e-04|
+----------+----------+------------------+----------+-------------------+-------------------+-------------------+
|   100.0 %|   1000000|3.219800000000e-02|  00:00:21|            3.5e-04|            3.5e-04|            3.5e-04|
+----------+----------+------------------+----------+-------------------+-------------------+-------------------+
Simulation completed. Releases processed: 965586, Total simulated time: 454.16
Fragmentation ratio (mean over simulation): C=0.818987, L=0.691926 | Network=0.755456
Network Name: BDM_USNet
Starting simulation with lambda=2300, mu=1...
+----------+----------+------------------+----------+-------------------+-------------------+-------------------+
|  progress|   arrives|          blocking|   time(s)|            Wald CI|            A-C. CI|          Wilson CI|
+----------+----------+------------------+----------+-------------------+-------------------+-------------------+
|    10.0 %|    100000|3.473000000000e-02|  00:00:02|            1.1e-03|            1.1e-03|            1.1e-03|
+----------+----------+------------------+----------+-------------------+-------------------+-------------------+
|    20.0 %|    200000|3.594000000000e-02|  00:00:04|            8.2e-04|            8.2e-04|            8.2e-04|
+----------+----------+------------------+----------+-------------------+-------------------+-------------------+
|    30.0 %|    300000|3.558000000000e-02|  00:00:06|            6.6e-04|            6.6e-04|            6.6e-04|
+----------+----------+------------------+----------+-------------------+-------------------+-------------------+
|    40.0 %|    400000|3.571500000000e-02|  00:00:08|            5.8e-04|            5.8e-04|            5.8e-04|
+----------+----------+------------------+----------+-------------------+-------------------+-------------------+
|    50.0 %|    500000|3.573200000000e-02|  00:00:10|            5.1e-04|            5.1e-04|            5.1e-04|
+----------+----------+------------------+----------+-------------------+-------------------+-------------------+
|    60.0 %|    600000|3.569333333333e-02|  00:00:13|            4.7e-04|            4.7e-04|            4.7e-04|
+----------+----------+------------------+----------+-------------------+-------------------+-------------------+
|    70.0 %|    700000|3.583428571429e-02|  00:00:15|            4.4e-04|            4.4e-04|            4.4e-04|
+----------+----------+------------------+----------+-------------------+-------------------+-------------------+
|    80.0 %|    800000|3.589125000000e-02|  00:00:17|            4.1e-04|            4.1e-04|            4.1e-04|
+----------+----------+------------------+----------+-------------------+-------------------+-------------------+
|    90.0 %|    900000|3.624000000000e-02|  00:00:19|            3.9e-04|            3.9e-04|            3.9e-04|
+----------+----------+------------------+----------+-------------------+-------------------+-------------------+
|   100.0 %|   1000000|3.608500000000e-02|  00:00:21|            3.7e-04|            3.7e-04|            3.7e-04|
+----------+----------+------------------+----------+-------------------+-------------------+-------------------+
Simulation completed. Releases processed: 961611, Total simulated time: 435.25
Fragmentation ratio (mean over simulation): C=0.821931, L=0.709443 | Network=0.765687
Network Name: BDM_USNet
Starting simulation with lambda=2400, mu=1...
+----------+----------+------------------+----------+-------------------+-------------------+-------------------+
|  progress|   arrives|          blocking|   time(s)|            Wald CI|            A-C. CI|          Wilson CI|
+----------+----------+------------------+----------+-------------------+-------------------+-------------------+
|    10.0 %|    100000|4.059000000000e-02|  00:00:02|            1.2e-03|            1.2e-03|            1.2e-03|
+----------+----------+------------------+----------+-------------------+-------------------+-------------------+
|    20.0 %|    200000|4.097500000000e-02|  00:00:04|            8.7e-04|            8.7e-04|            8.7e-04|
+----------+----------+------------------+----------+-------------------+-------------------+-------------------+
|    30.0 %|    300000|4.082000000000e-02|  00:00:06|            7.1e-04|            7.1e-04|            7.1e-04|
+----------+----------+------------------+----------+-------------------+-------------------+-------------------+
|    40.0 %|    400000|4.086750000000e-02|  00:00:08|            6.1e-04|            6.1e-04|            6.1e-04|
+----------+----------+------------------+----------+-------------------+-------------------+-------------------+
|    50.0 %|    500000|4.122400000000e-02|  00:00:11|            5.5e-04|            5.5e-04|            5.5e-04|
+----------+----------+------------------+----------+-------------------+-------------------+-------------------+
|    60.0 %|    600000|4.085666666667e-02|  00:00:13|            5.0e-04|            5.0e-04|            5.0e-04|
+----------+----------+------------------+----------+-------------------+-------------------+-------------------+
|    70.0 %|    700000|4.097714285714e-02|  00:00:15|            4.6e-04|            4.6e-04|            4.6e-04|
+----------+----------+------------------+----------+-------------------+-------------------+-------------------+
|    80.0 %|    800000|4.106125000000e-02|  00:00:17|            4.3e-04|            4.3e-04|            4.3e-04|
+----------+----------+------------------+----------+-------------------+-------------------+-------------------+
|    90.0 %|    900000|4.112333333333e-02|  00:00:19|            4.1e-04|            4.1e-04|            4.1e-04|
+----------+----------+------------------+----------+-------------------+-------------------+-------------------+
|   100.0 %|   1000000|4.118800000000e-02|  00:00:22|            3.9e-04|            3.9e-04|            3.9e-04|
+----------+----------+------------------+----------+-------------------+-------------------+-------------------+
Simulation completed. Releases processed: 956545, Total simulated time: 417.26
Fragmentation ratio (mean over simulation): C=0.825580, L=0.707722 | Network=0.766651
Network Name: BDM_USNet
Starting simulation with lambda=2500, mu=1...
+----------+----------+------------------+----------+-------------------+-------------------+-------------------+
|  progress|   arrives|          blocking|   time(s)|            Wald CI|            A-C. CI|          Wilson CI|
+----------+----------+------------------+----------+-------------------+-------------------+-------------------+
|    10.0 %|    100000|4.443000000000e-02|  00:00:02|            1.3e-03|            1.3e-03|            1.3e-03|
+----------+----------+------------------+----------+-------------------+-------------------+-------------------+
|    20.0 %|    200000|4.447500000000e-02|  00:00:04|            9.0e-04|            9.0e-04|            9.0e-04|
+----------+----------+------------------+----------+-------------------+-------------------+-------------------+
|    30.0 %|    300000|4.526000000000e-02|  00:00:06|            7.4e-04|            7.4e-04|            7.4e-04|
+----------+----------+------------------+----------+-------------------+-------------------+-------------------+
|    40.0 %|    400000|4.578750000000e-02|  00:00:08|            6.5e-04|            6.5e-04|            6.5e-04|
+----------+----------+------------------+----------+-------------------+-------------------+-------------------+
|    50.0 %|    500000|4.586600000000e-02|  00:00:11|            5.8e-04|            5.8e-04|            5.8e-04|
+----------+----------+------------------+----------+-------------------+-------------------+-------------------+
|    60.0 %|    600000|4.570000000000e-02|  00:00:13|            5.3e-04|            5.3e-04|            5.3e-04|
+----------+----------+------------------+----------+-------------------+-------------------+-------------------+
|    70.0 %|    700000|4.612714285714e-02|  00:00:15|            4.9e-04|            4.9e-04|            4.9e-04|
+----------+----------+------------------+----------+-------------------+-------------------+-------------------+
|    80.0 %|    800000|4.607000000000e-02|  00:00:18|            4.6e-04|            4.6e-04|            4.6e-04|
+----------+----------+------------------+----------+-------------------+-------------------+-------------------+
|    90.0 %|    900000|4.612333333333e-02|  00:00:20|            4.3e-04|            4.3e-04|            4.3e-04|
+----------+----------+------------------+----------+-------------------+-------------------+-------------------+
|   100.0 %|   1000000|4.594700000000e-02|  00:00:22|            4.1e-04|            4.1e-04|            4.1e-04|
+----------+----------+------------------+----------+-------------------+-------------------+-------------------+
Simulation completed. Releases processed: 951644, Total simulated time: 399.17
Fragmentation ratio (mean over simulation): C=0.828175, L=0.718810 | Network=0.773493
Network Name: BDM_USNet
Starting simulation with lambda=2600, mu=1...
+----------+----------+------------------+----------+-------------------+-------------------+-------------------+
|  progress|   arrives|          blocking|   time(s)|            Wald CI|            A-C. CI|          Wilson CI|
+----------+----------+------------------+----------+-------------------+-------------------+-------------------+
|    10.0 %|    100000|4.910000000000e-02|  00:00:02|            1.3e-03|            1.3e-03|            1.3e-03|
+----------+----------+------------------+----------+-------------------+-------------------+-------------------+
|    20.0 %|    200000|5.003000000000e-02|  00:00:04|            9.6e-04|            9.6e-04|            9.6e-04|
+----------+----------+------------------+----------+-------------------+-------------------+-------------------+
|    30.0 %|    300000|4.969333333333e-02|  00:00:06|            7.8e-04|            7.8e-04|            7.8e-04|
+----------+----------+------------------+----------+-------------------+-------------------+-------------------+
|    40.0 %|    400000|4.942000000000e-02|  00:00:08|            6.7e-04|            6.7e-04|            6.7e-04|
+----------+----------+------------------+----------+-------------------+-------------------+-------------------+
|    50.0 %|    500000|4.979400000000e-02|  00:00:11|            6.0e-04|            6.0e-04|            6.0e-04|
+----------+----------+------------------+----------+-------------------+-------------------+-------------------+
|    60.0 %|    600000|4.983166666667e-02|  00:00:13|            5.5e-04|            5.5e-04|            5.5e-04|
+----------+----------+------------------+----------+-------------------+-------------------+-------------------+
|    70.0 %|    700000|4.976571428571e-02|  00:00:15|            5.1e-04|            5.1e-04|            5.1e-04|
+----------+----------+------------------+----------+-------------------+-------------------+-------------------+
|    80.0 %|    800000|4.960500000000e-02|  00:00:18|            4.8e-04|            4.8e-04|            4.8e-04|
+----------+----------+------------------+----------+-------------------+-------------------+-------------------+
|    90.0 %|    900000|4.969000000000e-02|  00:00:20|            4.5e-04|            4.5e-04|            4.5e-04|
+----------+----------+------------------+----------+-------------------+-------------------+-------------------+
|   100.0 %|   1000000|4.966100000000e-02|  00:00:22|            4.3e-04|            4.3e-04|            4.3e-04|
+----------+----------+------------------+----------+-------------------+-------------------+-------------------+
Simulation completed. Releases processed: 947804, Total simulated time: 385.19
Fragmentation ratio (mean over simulation): C=0.832065, L=0.728877 | Network=0.780471
Network Name: BDM_USNet
Starting simulation with lambda=2700, mu=1...
+----------+----------+------------------+----------+-------------------+-------------------+-------------------+
|  progress|   arrives|          blocking|   time(s)|            Wald CI|            A-C. CI|          Wilson CI|
+----------+----------+------------------+----------+-------------------+-------------------+-------------------+
|    10.0 %|    100000|5.467000000000e-02|  00:00:02|            1.4e-03|            1.4e-03|            1.4e-03|
+----------+----------+------------------+----------+-------------------+-------------------+-------------------+
|    20.0 %|    200000|5.500500000000e-02|  00:00:04|            1.0e-03|            1.0e-03|            1.0e-03|
+----------+----------+------------------+----------+-------------------+-------------------+-------------------+
|    30.0 %|    300000|5.488000000000e-02|  00:00:06|            8.1e-04|            8.1e-04|            8.1e-04|
+----------+----------+------------------+----------+-------------------+-------------------+-------------------+
|    40.0 %|    400000|5.511500000000e-02|  00:00:09|            7.1e-04|            7.1e-04|            7.1e-04|
+----------+----------+------------------+----------+-------------------+-------------------+-------------------+
|    50.0 %|    500000|5.457400000000e-02|  00:00:11|            6.3e-04|            6.3e-04|            6.3e-04|
+----------+----------+------------------+----------+-------------------+-------------------+-------------------+
|    60.0 %|    600000|5.470833333333e-02|  00:00:13|            5.8e-04|            5.8e-04|            5.8e-04|
+----------+----------+------------------+----------+-------------------+-------------------+-------------------+
|    70.0 %|    700000|5.494142857143e-02|  00:00:16|            5.3e-04|            5.3e-04|            5.3e-04|
+----------+----------+------------------+----------+-------------------+-------------------+-------------------+
|    80.0 %|    800000|5.506875000000e-02|  00:00:18|            5.0e-04|            5.0e-04|            5.0e-04|
+----------+----------+------------------+----------+-------------------+-------------------+-------------------+
|    90.0 %|    900000|5.502111111111e-02|  00:00:20|            4.7e-04|            4.7e-04|            4.7e-04|
+----------+----------+------------------+----------+-------------------+-------------------+-------------------+
|   100.0 %|   1000000|5.516100000000e-02|  00:00:23|            4.5e-04|            4.5e-04|            4.5e-04|
+----------+----------+------------------+----------+-------------------+-------------------+-------------------+
Simulation completed. Releases processed: 942282, Total simulated time: 370.64
Fragmentation ratio (mean over simulation): C=0.834328, L=0.738946 | Network=0.786637
Network Name: BDM_USNet
Starting simulation with lambda=2800, mu=1...
+----------+----------+------------------+----------+-------------------+-------------------+-------------------+
|  progress|   arrives|          blocking|   time(s)|            Wald CI|            A-C. CI|          Wilson CI|
+----------+----------+------------------+----------+-------------------+-------------------+-------------------+
|    10.0 %|    100000|5.705000000000e-02|  00:00:02|            1.4e-03|            1.4e-03|            1.4e-03|
+----------+----------+------------------+----------+-------------------+-------------------+-------------------+
|    20.0 %|    200000|5.901000000000e-02|  00:00:04|            1.0e-03|            1.0e-03|            1.0e-03|
+----------+----------+------------------+----------+-------------------+-------------------+-------------------+
|    30.0 %|    300000|5.920333333333e-02|  00:00:06|            8.4e-04|            8.4e-04|            8.4e-04|
+----------+----------+------------------+----------+-------------------+-------------------+-------------------+
|    40.0 %|    400000|5.955250000000e-02|  00:00:09|            7.3e-04|            7.3e-04|            7.3e-04|
+----------+----------+------------------+----------+-------------------+-------------------+-------------------+
|    50.0 %|    500000|5.938000000000e-02|  00:00:11|            6.6e-04|            6.6e-04|            6.6e-04|
+----------+----------+------------------+----------+-------------------+-------------------+-------------------+
|    60.0 %|    600000|5.941500000000e-02|  00:00:13|            6.0e-04|            6.0e-04|            6.0e-04|
+----------+----------+------------------+----------+-------------------+-------------------+-------------------+
|    70.0 %|    700000|5.940857142857e-02|  00:00:16|            5.5e-04|            5.5e-04|            5.5e-04|
+----------+----------+------------------+----------+-------------------+-------------------+-------------------+
|    80.0 %|    800000|5.921000000000e-02|  00:00:18|            5.2e-04|            5.2e-04|            5.2e-04|
+----------+----------+------------------+----------+-------------------+-------------------+-------------------+
|    90.0 %|    900000|5.914666666667e-02|  00:00:21|            4.9e-04|            4.9e-04|            4.9e-04|
+----------+----------+------------------+----------+-------------------+-------------------+-------------------+
|   100.0 %|   1000000|5.953700000000e-02|  00:00:23|            4.6e-04|            4.6e-04|            4.6e-04|
+----------+----------+------------------+----------+-------------------+-------------------+-------------------+
Simulation completed. Releases processed: 937905, Total simulated time: 356.28
Fragmentation ratio (mean over simulation): C=0.839989, L=0.749547 | Network=0.794768
Network Name: BDM_USNet
Starting simulation with lambda=2900, mu=1...
+----------+----------+------------------+----------+-------------------+-------------------+-------------------+
|  progress|   arrives|          blocking|   time(s)|            Wald CI|            A-C. CI|          Wilson CI|
+----------+----------+------------------+----------+-------------------+-------------------+-------------------+
|    10.0 %|    100000|6.013000000000e-02|  00:00:02|            1.5e-03|            1.5e-03|            1.5e-03|
+----------+----------+------------------+----------+-------------------+-------------------+-------------------+
|    20.0 %|    200000|6.197500000000e-02|  00:00:04|            1.1e-03|            1.1e-03|            1.1e-03|
+----------+----------+------------------+----------+-------------------+-------------------+-------------------+
|    30.0 %|    300000|6.264333333333e-02|  00:00:07|            8.7e-04|            8.7e-04|            8.7e-04|
+----------+----------+------------------+----------+-------------------+-------------------+-------------------+
|    40.0 %|    400000|6.342750000000e-02|  00:00:09|            7.6e-04|            7.6e-04|            7.6e-04|
+----------+----------+------------------+----------+-------------------+-------------------+-------------------+
|    50.0 %|    500000|6.384400000000e-02|  00:00:11|            6.8e-04|            6.8e-04|            6.8e-04|
+----------+----------+------------------+----------+-------------------+-------------------+-------------------+
|    60.0 %|    600000|6.364833333333e-02|  00:00:14|            6.2e-04|            6.2e-04|            6.2e-04|
+----------+----------+------------------+----------+-------------------+-------------------+-------------------+
|    70.0 %|    700000|6.343000000000e-02|  00:00:16|            5.7e-04|            5.7e-04|            5.7e-04|
+----------+----------+------------------+----------+-------------------+-------------------+-------------------+
|    80.0 %|    800000|6.348750000000e-02|  00:00:18|            5.3e-04|            5.3e-04|            5.3e-04|
+----------+----------+------------------+----------+-------------------+-------------------+-------------------+
|    90.0 %|    900000|6.342555555556e-02|  00:00:21|            5.0e-04|            5.0e-04|            5.0e-04|
+----------+----------+------------------+----------+-------------------+-------------------+-------------------+
|   100.0 %|   1000000|6.338700000000e-02|  00:00:23|            4.8e-04|            4.8e-04|            4.8e-04|
+----------+----------+------------------+----------+-------------------+-------------------+-------------------+
Simulation completed. Releases processed: 933884, Total simulated time: 344.74
Fragmentation ratio (mean over simulation): C=0.840386, L=0.751434 | Network=0.795910
Network Name: BDM_USNet
Starting simulation with lambda=3000, mu=1...
+----------+----------+------------------+----------+-------------------+-------------------+-------------------+
|  progress|   arrives|          blocking|   time(s)|            Wald CI|            A-C. CI|          Wilson CI|
+----------+----------+------------------+----------+-------------------+-------------------+-------------------+
|    10.0 %|    100000|6.588000000000e-02|  00:00:02|            1.5e-03|            1.5e-03|            1.5e-03|
+----------+----------+------------------+----------+-------------------+-------------------+-------------------+
|    20.0 %|    200000|6.637000000000e-02|  00:00:04|            1.1e-03|            1.1e-03|            1.1e-03|
+----------+----------+------------------+----------+-------------------+-------------------+-------------------+
|    30.0 %|    300000|6.686666666667e-02|  00:00:07|            8.9e-04|            8.9e-04|            8.9e-04|
+----------+----------+------------------+----------+-------------------+-------------------+-------------------+
|    40.0 %|    400000|6.718000000000e-02|  00:00:09|            7.8e-04|            7.8e-04|            7.8e-04|
+----------+----------+------------------+----------+-------------------+-------------------+-------------------+
|    50.0 %|    500000|6.726400000000e-02|  00:00:12|            6.9e-04|            6.9e-04|            6.9e-04|
+----------+----------+------------------+----------+-------------------+-------------------+-------------------+
|    60.0 %|    600000|6.715333333333e-02|  00:00:14|            6.3e-04|            6.3e-04|            6.3e-04|
+----------+----------+------------------+----------+-------------------+-------------------+-------------------+
|    70.0 %|    700000|6.713142857143e-02|  00:00:16|            5.9e-04|            5.9e-04|            5.9e-04|
+----------+----------+------------------+----------+-------------------+-------------------+-------------------+
|    80.0 %|    800000|6.712875000000e-02|  00:00:19|            5.5e-04|            5.5e-04|            5.5e-04|
+----------+----------+------------------+----------+-------------------+-------------------+-------------------+
|    90.0 %|    900000|6.722888888889e-02|  00:00:21|            5.2e-04|            5.2e-04|            5.2e-04|
+----------+----------+------------------+----------+-------------------+-------------------+-------------------+
|   100.0 %|   1000000|6.735300000000e-02|  00:00:24|            4.9e-04|            4.9e-04|            4.9e-04|
+----------+----------+------------------+----------+-------------------+-------------------+-------------------+
Simulation completed. Releases processed: 929881, Total simulated time: 333.53
Fragmentation ratio (mean over simulation): C=0.845060, L=0.759039 | Network=0.802050
Plot saved → result/FirstFit_BDM_USNet_lambda_sweep_100_3000_20261008_172312.png
