Running sweep with defrag mode: none, algorithm: first_fit, lambda range: [100, 3000], step: 100, mu: 1
Network Name: TOP_71_NOBELEU
Starting simulation with lambda=100, mu=1...
+----------+----------+------------------+----------+-------------------+-------------------+-------------------+
|  progress|   arrives|          blocking|   time(s)|            Wald CI|            A-C. CI|          Wilson CI|
+----------+----------+------------------+----------+-------------------+-------------------+-------------------+
|    10.0 %|   1000000|0.000000000000e+00|  00:00:09|            0.0e+00|            2.8e-06|            1.9e-06|
+----------+----------+------------------+----------+-------------------+-------------------+-------------------+
|    20.0 %|   2000000|0.000000000000e+00|  00:00:20|            0.0e+00|            1.4e-06|            9.6e-07|
+----------+----------+------------------+----------+-------------------+-------------------+-------------------+
|    30.0 %|   3000000|0.000000000000e+00|  00:00:30|            0.0e+00|            9.2e-07|            6.4e-07|
+----------+----------+------------------+----------+-------------------+-------------------+-------------------+
|    40.0 %|   4000000|0.000000000000e+00|  00:00:40|            0.0e+00|            6.9e-07|            4.8e-07|
+----------+----------+------------------+----------+-------------------+-------------------+-------------------+
|    50.0 %|   5000000|0.000000000000e+00|  00:00:50|            0.0e+00|            5.5e-07|            3.8e-07|
+----------+----------+------------------+----------+-------------------+-------------------+-------------------+
|    60.0 %|   6000000|0.000000000000e+00|  00:01:01|            0.0e+00|            4.6e-07|            3.2e-07|
+----------+----------+------------------+----------+-------------------+-------------------+-------------------+
|    70.0 %|   7000000|0.000000000000e+00|  00:01:11|            0.0e+00|            4.0e-07|            2.7e-07|
+----------+----------+------------------+----------+-------------------+-------------------+-------------------+
|    80.0 %|   8000000|0.000000000000e+00|  00:01:21|            0.0e+00|            3.5e-07|            2.4e-07|
+----------+----------+------------------+----------+-------------------+-------------------+-------------------+
|    90.0 %|   9000000|0.000000000000e+00|  00:01:31|            0.0e+00|            3.1e-07|            2.1e-07|
+----------+----------+------------------+----------+-------------------+-------------------+-------------------+
|   100.0 %|  10000000|0.000000000000e+00|  00:01:41|            0.0e+00|            2.8e-07|            1.9e-07|
+----------+----------+------------------+----------+-------------------+-------------------+-------------------+
Simulation completed. Releases processed: 9999887, Total simulated time: 99965.41
Fragmentation ratio (mean over simulation): C=0.344753, L=0.000000 | Network=0.172377
Network Name: TOP_71_NOBELEU
Starting simulation with lambda=200, mu=1...
+----------+----------+------------------+----------+-------------------+-------------------+-------------------+
|  progress|   arrives|          blocking|   time(s)|            Wald CI|            A-C. CI|          Wilson CI|
+----------+----------+------------------+----------+-------------------+-------------------+-------------------+
|    10.0 %|   1000000|0.000000000000e+00|  00:00:11|            0.0e+00|            2.8e-06|            1.9e-06|
+----------+----------+------------------+----------+-------------------+-------------------+-------------------+
|    20.0 %|   2000000|0.000000000000e+00|  00:00:22|            0.0e+00|            1.4e-06|            9.6e-07|
+----------+----------+------------------+----------+-------------------+-------------------+-------------------+
|    30.0 %|   3000000|0.000000000000e+00|  00:00:33|            0.0e+00|            9.2e-07|            6.4e-07|
+----------+----------+------------------+----------+-------------------+-------------------+-------------------+
|    40.0 %|   4000000|0.000000000000e+00|  00:00:44|            0.0e+00|            6.9e-07|            4.8e-07|
+----------+----------+------------------+----------+-------------------+-------------------+-------------------+
|    50.0 %|   5000000|0.000000000000e+00|  00:00:55|            0.0e+00|            5.5e-07|            3.8e-07|
+----------+----------+------------------+----------+-------------------+-------------------+-------------------+
|    60.0 %|   6000000|0.000000000000e+00|  00:01:05|            0.0e+00|            4.6e-07|            3.2e-07|
+----------+----------+------------------+----------+-------------------+-------------------+-------------------+
|    70.0 %|   7000000|0.000000000000e+00|  00:01:16|            0.0e+00|            4.0e-07|            2.7e-07|
+----------+----------+------------------+----------+-------------------+-------------------+-------------------+
|    80.0 %|   8000000|0.000000000000e+00|  00:01:27|            0.0e+00|            3.5e-07|            2.4e-07|
+----------+----------+------------------+----------+-------------------+-------------------+-------------------+
|    90.0 %|   9000000|0.000000000000e+00|  00:01:38|            0.0e+00|            3.1e-07|            2.1e-07|
+----------+----------+------------------+----------+-------------------+-------------------+-------------------+
|   100.0 %|  10000000|0.000000000000e+00|  00:01:49|            0.0e+00|            2.8e-07|            1.9e-07|
+----------+----------+------------------+----------+-------------------+-------------------+-------------------+
Simulation completed. Releases processed: 9999776, Total simulated time: 49983.61
Fragmentation ratio (mean over simulation): C=0.512888, L=0.000000 | Network=0.256444
Network Name: TOP_71_NOBELEU
Starting simulation with lambda=300, mu=1...
+----------+----------+------------------+----------+-------------------+-------------------+-------------------+
|  progress|   arrives|          blocking|   time(s)|            Wald CI|            A-C. CI|          Wilson CI|
+----------+----------+------------------+----------+-------------------+-------------------+-------------------+
|    10.0 %|   1000000|0.000000000000e+00|  00:00:11|            0.0e+00|            2.8e-06|            1.9e-06|
+----------+----------+------------------+----------+-------------------+-------------------+-------------------+
|    20.0 %|   2000000|0.000000000000e+00|  00:00:23|            0.0e+00|            1.4e-06|            9.6e-07|
+----------+----------+------------------+----------+-------------------+-------------------+-------------------+
|    30.0 %|   3000000|0.000000000000e+00|  00:00:34|            0.0e+00|            9.2e-07|            6.4e-07|
+----------+----------+------------------+----------+-------------------+-------------------+-------------------+
|    40.0 %|   4000000|0.000000000000e+00|  00:00:46|            0.0e+00|            6.9e-07|            4.8e-07|
+----------+----------+------------------+----------+-------------------+-------------------+-------------------+
|    50.0 %|   5000000|0.000000000000e+00|  00:00:57|            0.0e+00|            5.5e-07|            3.8e-07|
+----------+----------+------------------+----------+-------------------+-------------------+-------------------+
|    60.0 %|   6000000|0.000000000000e+00|  00:01:09|            0.0e+00|            4.6e-07|            3.2e-07|
+----------+----------+------------------+----------+-------------------+-------------------+-------------------+
|    70.0 %|   7000000|0.000000000000e+00|  00:01:21|            0.0e+00|            4.0e-07|            2.7e-07|
+----------+----------+------------------+----------+-------------------+-------------------+-------------------+
|    80.0 %|   8000000|0.000000000000e+00|  00:01:32|            0.0e+00|            3.5e-07|            2.4e-07|
+----------+----------+------------------+----------+-------------------+-------------------+-------------------+
|    90.0 %|   9000000|0.000000000000e+00|  00:01:43|            0.0e+00|            3.1e-07|            2.1e-07|
+----------+----------+------------------+----------+-------------------+-------------------+-------------------+
|   100.0 %|  10000000|0.000000000000e+00|  00:01:55|            0.0e+00|            2.8e-07|            1.9e-07|
+----------+----------+------------------+----------+-------------------+-------------------+-------------------+
Simulation completed. Releases processed: 9999662, Total simulated time: 33335.42
Fragmentation ratio (mean over simulation): C=0.625351, L=0.006657 | Network=0.316004
Network Name: TOP_71_NOBELEU
Starting simulation with lambda=400, mu=1...
+----------+----------+------------------+----------+-------------------+-------------------+-------------------+
|  progress|   arrives|          blocking|   time(s)|            Wald CI|            A-C. CI|          Wilson CI|
+----------+----------+------------------+----------+-------------------+-------------------+-------------------+
|    10.0 %|   1000000|0.000000000000e+00|  00:00:12|            0.0e+00|            2.8e-06|            1.9e-06|
+----------+----------+------------------+----------+-------------------+-------------------+-------------------+
|    20.0 %|   2000000|0.000000000000e+00|  00:00:24|            0.0e+00|            1.4e-06|            9.6e-07|
+----------+----------+------------------+----------+-------------------+-------------------+-------------------+
|    30.0 %|   3000000|0.000000000000e+00|  00:00:36|            0.0e+00|            9.2e-07|            6.4e-07|
+----------+----------+------------------+----------+-------------------+-------------------+-------------------+
|    40.0 %|   4000000|0.000000000000e+00|  00:00:48|            0.0e+00|            6.9e-07|            4.8e-07|
+----------+----------+------------------+----------+-------------------+-------------------+-------------------+
|    50.0 %|   5000000|0.000000000000e+00|  00:01:00|            0.0e+00|            5.5e-07|            3.8e-07|
+----------+----------+------------------+----------+-------------------+-------------------+-------------------+
|    60.0 %|   6000000|0.000000000000e+00|  00:01:12|            0.0e+00|            4.6e-07|            3.2e-07|
+----------+----------+------------------+----------+-------------------+-------------------+-------------------+
|    70.0 %|   7000000|0.000000000000e+00|  00:01:24|            0.0e+00|            4.0e-07|            2.7e-07|
+----------+----------+------------------+----------+-------------------+-------------------+-------------------+
|    80.0 %|   8000000|0.000000000000e+00|  00:01:37|            0.0e+00|            3.5e-07|            2.4e-07|
+----------+----------+------------------+----------+-------------------+-------------------+-------------------+
|    90.0 %|   9000000|0.000000000000e+00|  00:01:49|            0.0e+00|            3.1e-07|            2.1e-07|
+----------+----------+------------------+----------+-------------------+-------------------+-------------------+
|   100.0 %|  10000000|0.000000000000e+00|  00:02:01|            0.0e+00|            2.8e-07|            1.9e-07|
+----------+----------+------------------+----------+-------------------+-------------------+-------------------+
Simulation completed. Releases processed: 9999592, Total simulated time: 25001.04
Fragmentation ratio (mean over simulation): C=0.673293, L=0.029398 | Network=0.351345
Network Name: TOP_71_NOBELEU
Starting simulation with lambda=500, mu=1...
+----------+----------+------------------+----------+-------------------+-------------------+-------------------+
|  progress|   arrives|          blocking|   time(s)|            Wald CI|            A-C. CI|          Wilson CI|
+----------+----------+------------------+----------+-------------------+-------------------+-------------------+
|    10.0 %|   1000000|0.000000000000e+00|  00:00:12|            0.0e+00|            2.8e-06|            1.9e-06|
+----------+----------+------------------+----------+-------------------+-------------------+-------------------+
|    20.0 %|   2000000|0.000000000000e+00|  00:00:25|            0.0e+00|            1.4e-06|            9.6e-07|
+----------+----------+------------------+----------+-------------------+-------------------+-------------------+
|    30.0 %|   3000000|0.000000000000e+00|  00:00:38|            0.0e+00|            9.2e-07|            6.4e-07|
+----------+----------+------------------+----------+-------------------+-------------------+-------------------+
|    40.0 %|   4000000|0.000000000000e+00|  00:00:50|            0.0e+00|            6.9e-07|            4.8e-07|
+----------+----------+------------------+----------+-------------------+-------------------+-------------------+
|    50.0 %|   5000000|0.000000000000e+00|  00:01:03|            0.0e+00|            5.5e-07|            3.8e-07|
+----------+----------+------------------+----------+-------------------+-------------------+-------------------+
|    60.0 %|   6000000|0.000000000000e+00|  00:01:16|            0.0e+00|            4.6e-07|            3.2e-07|
+----------+----------+------------------+----------+-------------------+-------------------+-------------------+
|    70.0 %|   7000000|0.000000000000e+00|  00:01:29|            0.0e+00|            4.0e-07|            2.7e-07|
+----------+----------+------------------+----------+-------------------+-------------------+-------------------+
|    80.0 %|   8000000|0.000000000000e+00|  00:01:41|            0.0e+00|            3.5e-07|            2.4e-07|
+----------+----------+------------------+----------+-------------------+-------------------+-------------------+
|    90.0 %|   9000000|0.000000000000e+00|  00:01:55|            0.0e+00|            3.1e-07|            2.1e-07|
+----------+----------+------------------+----------+-------------------+-------------------+-------------------+
|   100.0 %|  10000000|0.000000000000e+00|  00:02:07|            0.0e+00|            2.8e-07|            1.9e-07|
+----------+----------+------------------+----------+-------------------+-------------------+-------------------+
Simulation completed. Releases processed: 9999483, Total simulated time: 19997.24
Fragmentation ratio (mean over simulation): C=0.709668, L=0.128215 | Network=0.418941
Network Name: TOP_71_NOBELEU
Starting simulation with lambda=600, mu=1...
+----------+----------+------------------+----------+-------------------+-------------------+-------------------+
|  progress|   arrives|          blocking|   time(s)|            Wald CI|            A-C. CI|          Wilson CI|
+----------+----------+------------------+----------+-------------------+-------------------+-------------------+
|    10.0 %|   1000000|1.000000000029e-06|  00:00:13|            2.0e-06|            3.4e-06|            2.7e-06|
+----------+----------+------------------+----------+-------------------+-------------------+-------------------+
|    20.0 %|   2000000|4.999999999589e-07|  00:00:27|            9.8e-07|            1.7e-06|            1.4e-06|
+----------+----------+------------------+----------+-------------------+-------------------+-------------------+
|    30.0 %|   3000000|3.333333333799e-07|  00:00:40|            6.5e-07|            1.1e-06|            9.1e-07|
+----------+----------+------------------+----------+-------------------+-------------------+-------------------+
|    40.0 %|   4000000|1.000000000029e-06|  00:00:53|            9.8e-07|            1.2e-06|            1.1e-06|
+----------+----------+------------------+----------+-------------------+-------------------+-------------------+
|    50.0 %|   5000000|8.000000000230e-07|  00:01:06|            7.8e-07|            9.6e-07|            8.7e-07|
+----------+----------+------------------+----------+-------------------+-------------------+-------------------+
|    60.0 %|   6000000|1.166666666719e-06|  00:01:19|            8.6e-07|            9.8e-07|            9.2e-07|
+----------+----------+------------------+----------+-------------------+-------------------+-------------------+
|    70.0 %|   7000000|1.285714285704e-06|  00:01:32|            8.4e-07|            9.3e-07|            8.8e-07|
+----------+----------+------------------+----------+-------------------+-------------------+-------------------+
|    80.0 %|   8000000|1.125000000046e-06|  00:01:46|            7.3e-07|            8.1e-07|            7.7e-07|
+----------+----------+------------------+----------+-------------------+-------------------+-------------------+
|    90.0 %|   9000000|1.111111111118e-06|  00:01:59|            6.9e-07|            7.5e-07|            7.2e-07|
+----------+----------+------------------+----------+-------------------+-------------------+-------------------+
|   100.0 %|  10000000|1.000000000029e-06|  00:02:12|            6.2e-07|            6.8e-07|            6.5e-07|
+----------+----------+------------------+----------+-------------------+-------------------+-------------------+
Simulation completed. Releases processed: 9999377, Total simulated time: 16659.29
Fragmentation ratio (mean over simulation): C=0.735427, L=0.233030 | Network=0.484228
Network Name: TOP_71_NOBELEU
Starting simulation with lambda=700, mu=1...
+----------+----------+------------------+----------+-------------------+-------------------+-------------------+
|  progress|   arrives|          blocking|   time(s)|            Wald CI|            A-C. CI|          Wilson CI|
+----------+----------+------------------+----------+-------------------+-------------------+-------------------+
|    10.0 %|   1000000|3.600000000004e-05|  00:00:13|            1.2e-05|            1.2e-05|            1.2e-05|
+----------+----------+------------------+----------+-------------------+-------------------+-------------------+
|    20.0 %|   2000000|4.450000000000e-05|  00:00:27|            9.2e-06|            9.3e-06|            9.3e-06|
+----------+----------+------------------+----------+-------------------+-------------------+-------------------+
|    30.0 %|   3000000|5.599999999994e-05|  00:00:41|            8.5e-06|            8.5e-06|            8.5e-06|
+----------+----------+------------------+----------+-------------------+-------------------+-------------------+
|    40.0 %|   4000000|6.375000000003e-05|  00:00:55|            7.8e-06|            7.9e-06|            7.8e-06|
+----------+----------+------------------+----------+-------------------+-------------------+-------------------+
|    50.0 %|   5000000|6.139999999999e-05|  00:01:08|            6.9e-06|            6.9e-06|            6.9e-06|
+----------+----------+------------------+----------+-------------------+-------------------+-------------------+
|    60.0 %|   6000000|6.300000000004e-05|  00:01:22|            6.4e-06|            6.4e-06|            6.4e-06|
+----------+----------+------------------+----------+-------------------+-------------------+-------------------+
|    70.0 %|   7000000|6.257142857147e-05|  00:01:35|            5.9e-06|            5.9e-06|            5.9e-06|
+----------+----------+------------------+----------+-------------------+-------------------+-------------------+
|    80.0 %|   8000000|6.150000000005e-05|  00:01:49|            5.4e-06|            5.4e-06|            5.4e-06|
+----------+----------+------------------+----------+-------------------+-------------------+-------------------+
|    90.0 %|   9000000|6.044444444442e-05|  00:02:02|            5.1e-06|            5.1e-06|            5.1e-06|
+----------+----------+------------------+----------+-------------------+-------------------+-------------------+
|   100.0 %|  10000000|5.999999999995e-05|  00:02:16|            4.8e-06|            4.8e-06|            4.8e-06|
+----------+----------+------------------+----------+-------------------+-------------------+-------------------+
Simulation completed. Releases processed: 9998704, Total simulated time: 14289.82
Fragmentation ratio (mean over simulation): C=0.751214, L=0.294370 | Network=0.522792
Network Name: TOP_71_NOBELEU
Starting simulation with lambda=800, mu=1...
+----------+----------+------------------+----------+-------------------+-------------------+-------------------+
|  progress|   arrives|          blocking|   time(s)|            Wald CI|            A-C. CI|          Wilson CI|
+----------+----------+------------------+----------+-------------------+-------------------+-------------------+
|    10.0 %|   1000000|5.849999999999e-04|  00:00:13|            4.7e-05|            4.7e-05|            4.7e-05|
+----------+----------+------------------+----------+-------------------+-------------------+-------------------+
|    20.0 %|   2000000|5.950000000000e-04|  00:00:27|            3.4e-05|            3.4e-05|            3.4e-05|
+----------+----------+------------------+----------+-------------------+-------------------+-------------------+
|    30.0 %|   3000000|5.686666666667e-04|  00:00:41|            2.7e-05|            2.7e-05|            2.7e-05|
+----------+----------+------------------+----------+-------------------+-------------------+-------------------+
|    40.0 %|   4000000|5.797500000000e-04|  00:00:55|            2.4e-05|            2.4e-05|            2.4e-05|
+----------+----------+------------------+----------+-------------------+-------------------+-------------------+
|    50.0 %|   5000000|5.846000000000e-04|  00:01:09|            2.1e-05|            2.1e-05|            2.1e-05|
+----------+----------+------------------+----------+-------------------+-------------------+-------------------+
|    60.0 %|   6000000|5.925000000000e-04|  00:01:23|            1.9e-05|            1.9e-05|            1.9e-05|
+----------+----------+------------------+----------+-------------------+-------------------+-------------------+
|    70.0 %|   7000000|5.882857142857e-04|  00:01:37|            1.8e-05|            1.8e-05|            1.8e-05|
+----------+----------+------------------+----------+-------------------+-------------------+-------------------+
|    80.0 %|   8000000|5.877500000000e-04|  00:01:51|            1.7e-05|            1.7e-05|            1.7e-05|
+----------+----------+------------------+----------+-------------------+-------------------+-------------------+
|    90.0 %|   9000000|5.888888888889e-04|  00:02:05|            1.6e-05|            1.6e-05|            1.6e-05|
+----------+----------+------------------+----------+-------------------+-------------------+-------------------+
|   100.0 %|  10000000|5.858000000000e-04|  00:02:19|            1.5e-05|            1.5e-05|            1.5e-05|
+----------+----------+------------------+----------+-------------------+-------------------+-------------------+
Simulation completed. Releases processed: 9993337, Total simulated time: 12498.24
Fragmentation ratio (mean over simulation): C=0.765252, L=0.385859 | Network=0.575556
Network Name: TOP_71_NOBELEU
Starting simulation with lambda=900, mu=1...
+----------+----------+------------------+----------+-------------------+-------------------+-------------------+
|  progress|   arrives|          blocking|   time(s)|            Wald CI|            A-C. CI|          Wilson CI|
+----------+----------+------------------+----------+-------------------+-------------------+-------------------+
|    10.0 %|   1000000|2.549000000000e-03|  00:00:14|            9.9e-05|            9.9e-05|            9.9e-05|
+----------+----------+------------------+----------+-------------------+-------------------+-------------------+
|    20.0 %|   2000000|2.428500000000e-03|  00:00:28|            6.8e-05|            6.8e-05|            6.8e-05|
+----------+----------+------------------+----------+-------------------+-------------------+-------------------+
|    30.0 %|   3000000|2.413000000000e-03|  00:00:43|            5.6e-05|            5.6e-05|            5.6e-05|
+----------+----------+------------------+----------+-------------------+-------------------+-------------------+
|    40.0 %|   4000000|2.373750000000e-03|  00:00:58|            4.8e-05|            4.8e-05|            4.8e-05|
+----------+----------+------------------+----------+-------------------+-------------------+-------------------+
|    50.0 %|   5000000|2.403600000000e-03|  00:01:12|            4.3e-05|            4.3e-05|            4.3e-05|
+----------+----------+------------------+----------+-------------------+-------------------+-------------------+
|    60.0 %|   6000000|2.410500000000e-03|  00:01:26|            3.9e-05|            3.9e-05|            3.9e-05|
+----------+----------+------------------+----------+-------------------+-------------------+-------------------+
|    70.0 %|   7000000|2.406000000000e-03|  00:01:41|            3.6e-05|            3.6e-05|            3.6e-05|
+----------+----------+------------------+----------+-------------------+-------------------+-------------------+
|    80.0 %|   8000000|2.411875000000e-03|  00:01:55|            3.4e-05|            3.4e-05|            3.4e-05|
+----------+----------+------------------+----------+-------------------+-------------------+-------------------+
|    90.0 %|   9000000|2.400000000000e-03|  00:02:09|            3.2e-05|            3.2e-05|            3.2e-05|
+----------+----------+------------------+----------+-------------------+-------------------+-------------------+
|   100.0 %|  10000000|2.405400000000e-03|  00:02:23|            3.0e-05|            3.0e-05|            3.0e-05|
+----------+----------+------------------+----------+-------------------+-------------------+-------------------+
Simulation completed. Releases processed: 9975091, Total simulated time: 11106.43
Fragmentation ratio (mean over simulation): C=0.782082, L=0.471184 | Network=0.626633
Network Name: TOP_71_NOBELEU
Starting simulation with lambda=1000, mu=1...
+----------+----------+------------------+----------+-------------------+-------------------+-------------------+
|  progress|   arrives|          blocking|   time(s)|            Wald CI|            A-C. CI|          Wilson CI|
+----------+----------+------------------+----------+-------------------+-------------------+-------------------+
|    10.0 %|   1000000|4.819000000000e-03|  00:00:15|            1.4e-04|            1.4e-04|            1.4e-04|
+----------+----------+------------------+----------+-------------------+-------------------+-------------------+
|    20.0 %|   2000000|4.874000000000e-03|  00:00:30|            9.7e-05|            9.7e-05|            9.7e-05|
+----------+----------+------------------+----------+-------------------+-------------------+-------------------+
|    30.0 %|   3000000|4.860333333333e-03|  00:00:45|            7.9e-05|            7.9e-05|            7.9e-05|
+----------+----------+------------------+----------+-------------------+-------------------+-------------------+
|    40.0 %|   4000000|4.849500000000e-03|  00:01:00|            6.8e-05|            6.8e-05|            6.8e-05|
+----------+----------+------------------+----------+-------------------+-------------------+-------------------+
|    50.0 %|   5000000|4.876400000000e-03|  00:01:14|            6.1e-05|            6.1e-05|            6.1e-05|
+----------+----------+------------------+----------+-------------------+-------------------+-------------------+
|    60.0 %|   6000000|4.902833333333e-03|  00:01:29|            5.6e-05|            5.6e-05|            5.6e-05|
+----------+----------+------------------+----------+-------------------+-------------------+-------------------+
|    70.0 %|   7000000|4.922285714286e-03|  00:01:43|            5.2e-05|            5.2e-05|            5.2e-05|
+----------+----------+------------------+----------+-------------------+-------------------+-------------------+
|    80.0 %|   8000000|4.938000000000e-03|  00:01:58|            4.9e-05|            4.9e-05|            4.9e-05|
+----------+----------+------------------+----------+-------------------+-------------------+-------------------+
|    90.0 %|   9000000|4.949444444444e-03|  00:02:13|            4.6e-05|            4.6e-05|            4.6e-05|
+----------+----------+------------------+----------+-------------------+-------------------+-------------------+
|   100.0 %|  10000000|4.948900000000e-03|  00:02:28|            4.3e-05|            4.3e-05|            4.3e-05|
+----------+----------+------------------+----------+-------------------+-------------------+-------------------+
Simulation completed. Releases processed: 9949450, Total simulated time: 10003.71
Fragmentation ratio (mean over simulation): C=0.795834, L=0.535272 | Network=0.665553
Network Name: TOP_71_NOBELEU
Starting simulation with lambda=1100, mu=1...
+----------+----------+------------------+----------+-------------------+-------------------+-------------------+
|  progress|   arrives|          blocking|   time(s)|            Wald CI|            A-C. CI|          Wilson CI|
+----------+----------+------------------+----------+-------------------+-------------------+-------------------+
|    10.0 %|   1000000|7.605000000000e-03|  00:00:15|            1.7e-04|            1.7e-04|            1.7e-04|
+----------+----------+------------------+----------+-------------------+-------------------+-------------------+
|    20.0 %|   2000000|7.562000000000e-03|  00:00:29|            1.2e-04|            1.2e-04|            1.2e-04|
+----------+----------+------------------+----------+-------------------+-------------------+-------------------+
|    30.0 %|   3000000|7.567666666667e-03|  00:00:44|            9.8e-05|            9.8e-05|            9.8e-05|
+----------+----------+------------------+----------+-------------------+-------------------+-------------------+
|    40.0 %|   4000000|7.576250000000e-03|  00:01:00|            8.5e-05|            8.5e-05|            8.5e-05|
+----------+----------+------------------+----------+-------------------+-------------------+-------------------+
|    50.0 %|   5000000|7.603600000000e-03|  00:01:15|            7.6e-05|            7.6e-05|            7.6e-05|
+----------+----------+------------------+----------+-------------------+-------------------+-------------------+
|    60.0 %|   6000000|7.624833333333e-03|  00:01:30|            7.0e-05|            7.0e-05|            7.0e-05|
+----------+----------+------------------+----------+-------------------+-------------------+-------------------+
|    70.0 %|   7000000|7.613428571429e-03|  00:01:46|            6.4e-05|            6.4e-05|            6.4e-05|
+----------+----------+------------------+----------+-------------------+-------------------+-------------------+
|    80.0 %|   8000000|7.635250000000e-03|  00:02:01|            6.0e-05|            6.0e-05|            6.0e-05|
+----------+----------+------------------+----------+-------------------+-------------------+-------------------+
|    90.0 %|   9000000|7.621888888889e-03|  00:02:16|            5.7e-05|            5.7e-05|            5.7e-05|
+----------+----------+------------------+----------+-------------------+-------------------+-------------------+
|   100.0 %|  10000000|7.640500000000e-03|  00:02:32|            5.4e-05|            5.4e-05|            5.4e-05|
+----------+----------+------------------+----------+-------------------+-------------------+-------------------+
Simulation completed. Releases processed: 9922499, Total simulated time: 9091.48
Fragmentation ratio (mean over simulation): C=0.799058, L=0.581240 | Network=0.690149
Network Name: TOP_71_NOBELEU
Starting simulation with lambda=1200, mu=1...
+----------+----------+------------------+----------+-------------------+-------------------+-------------------+
|  progress|   arrives|          blocking|   time(s)|            Wald CI|            A-C. CI|          Wilson CI|
+----------+----------+------------------+----------+-------------------+-------------------+-------------------+
|    10.0 %|   1000000|1.081300000000e-02|  00:00:15|            2.0e-04|            2.0e-04|            2.0e-04|
+----------+----------+------------------+----------+-------------------+-------------------+-------------------+
|    20.0 %|   2000000|1.060750000000e-02|  00:00:31|            1.4e-04|            1.4e-04|            1.4e-04|
+----------+----------+------------------+----------+-------------------+-------------------+-------------------+
|    30.0 %|   3000000|1.054633333333e-02|  00:00:46|            1.2e-04|            1.2e-04|            1.2e-04|
+----------+----------+------------------+----------+-------------------+-------------------+-------------------+
|    40.0 %|   4000000|1.057225000000e-02|  00:01:02|            1.0e-04|            1.0e-04|            1.0e-04|
+----------+----------+------------------+----------+-------------------+-------------------+-------------------+
|    50.0 %|   5000000|1.065120000000e-02|  00:01:18|            9.0e-05|            9.0e-05|            9.0e-05|
+----------+----------+------------------+----------+-------------------+-------------------+-------------------+
|    60.0 %|   6000000|1.068316666667e-02|  00:01:34|            8.2e-05|            8.2e-05|            8.2e-05|
+----------+----------+------------------+----------+-------------------+-------------------+-------------------+
|    70.0 %|   7000000|1.066000000000e-02|  00:01:49|            7.6e-05|            7.6e-05|            7.6e-05|
+----------+----------+------------------+----------+-------------------+-------------------+-------------------+
|    80.0 %|   8000000|1.065787500000e-02|  00:02:05|            7.1e-05|            7.1e-05|            7.1e-05|
+----------+----------+------------------+----------+-------------------+-------------------+-------------------+
|    90.0 %|   9000000|1.064755555556e-02|  00:02:21|            6.7e-05|            6.7e-05|            6.7e-05|
+----------+----------+------------------+----------+-------------------+-------------------+-------------------+
|   100.0 %|  10000000|1.064250000000e-02|  00:02:37|            6.4e-05|            6.4e-05|            6.4e-05|
+----------+----------+------------------+----------+-------------------+-------------------+-------------------+
Simulation completed. Releases processed: 9892384, Total simulated time: 8334.83
Fragmentation ratio (mean over simulation): C=0.815865, L=0.619938 | Network=0.717902
Network Name: TOP_71_NOBELEU
Starting simulation with lambda=1300, mu=1...
+----------+----------+------------------+----------+-------------------+-------------------+-------------------+
|  progress|   arrives|          blocking|   time(s)|            Wald CI|            A-C. CI|          Wilson CI|
+----------+----------+------------------+----------+-------------------+-------------------+-------------------+
|    10.0 %|   1000000|1.433500000000e-02|  00:00:16|            2.3e-04|            2.3e-04|            2.3e-04|
+----------+----------+------------------+----------+-------------------+-------------------+-------------------+
|    20.0 %|   2000000|1.424850000000e-02|  00:00:32|            1.6e-04|            1.6e-04|            1.6e-04|
+----------+----------+------------------+----------+-------------------+-------------------+-------------------+
|    30.0 %|   3000000|1.421066666667e-02|  00:00:47|            1.3e-04|            1.3e-04|            1.3e-04|
+----------+----------+------------------+----------+-------------------+-------------------+-------------------+
|    40.0 %|   4000000|1.421175000000e-02|  00:01:03|            1.2e-04|            1.2e-04|            1.2e-04|
+----------+----------+------------------+----------+-------------------+-------------------+-------------------+
|    50.0 %|   5000000|1.425060000000e-02|  00:01:19|            1.0e-04|            1.0e-04|            1.0e-04|
+----------+----------+------------------+----------+-------------------+-------------------+-------------------+
|    60.0 %|   6000000|1.424766666667e-02|  00:01:35|            9.5e-05|            9.5e-05|            9.5e-05|
+----------+----------+------------------+----------+-------------------+-------------------+-------------------+
|    70.0 %|   7000000|1.428957142857e-02|  00:01:52|            8.8e-05|            8.8e-05|            8.8e-05|
+----------+----------+------------------+----------+-------------------+-------------------+-------------------+
|    80.0 %|   8000000|1.429375000000e-02|  00:02:08|            8.2e-05|            8.2e-05|            8.2e-05|
+----------+----------+------------------+----------+-------------------+-------------------+-------------------+
|    90.0 %|   9000000|1.429922222222e-02|  00:02:24|            7.8e-05|            7.8e-05|            7.8e-05|
+----------+----------+------------------+----------+-------------------+-------------------+-------------------+
|   100.0 %|  10000000|1.432720000000e-02|  00:02:39|            7.4e-05|            7.4e-05|            7.4e-05|
+----------+----------+------------------+----------+-------------------+-------------------+-------------------+
Simulation completed. Releases processed: 9855475, Total simulated time: 7688.92
Fragmentation ratio (mean over simulation): C=0.820174, L=0.652710 | Network=0.736442
Network Name: TOP_71_NOBELEU
Starting simulation with lambda=1400, mu=1...
+----------+----------+------------------+----------+-------------------+-------------------+-------------------+
|  progress|   arrives|          blocking|   time(s)|            Wald CI|            A-C. CI|          Wilson CI|
+----------+----------+------------------+----------+-------------------+-------------------+-------------------+
|    10.0 %|   1000000|1.893200000000e-02|  00:00:16|            2.7e-04|            2.7e-04|            2.7e-04|
+----------+----------+------------------+----------+-------------------+-------------------+-------------------+
|    20.0 %|   2000000|1.879850000000e-02|  00:00:32|            1.9e-04|            1.9e-04|            1.9e-04|
+----------+----------+------------------+----------+-------------------+-------------------+-------------------+
|    30.0 %|   3000000|1.866166666667e-02|  00:00:48|            1.5e-04|            1.5e-04|            1.5e-04|
+----------+----------+------------------+----------+-------------------+-------------------+-------------------+
|    40.0 %|   4000000|1.874025000000e-02|  00:01:04|            1.3e-04|            1.3e-04|            1.3e-04|
+----------+----------+------------------+----------+-------------------+-------------------+-------------------+
|    50.0 %|   5000000|1.877720000000e-02|  00:01:21|            1.2e-04|            1.2e-04|            1.2e-04|
+----------+----------+------------------+----------+-------------------+-------------------+-------------------+
|    60.0 %|   6000000|1.877050000000e-02|  00:01:37|            1.1e-04|            1.1e-04|            1.1e-04|
+----------+----------+------------------+----------+-------------------+-------------------+-------------------+
|    70.0 %|   7000000|1.878685714286e-02|  00:01:54|            1.0e-04|            1.0e-04|            1.0e-04|
+----------+----------+------------------+----------+-------------------+-------------------+-------------------+
|    80.0 %|   8000000|1.880750000000e-02|  00:02:10|            9.4e-05|            9.4e-05|            9.4e-05|
+----------+----------+------------------+----------+-------------------+-------------------+-------------------+
|    90.0 %|   9000000|1.882733333333e-02|  00:02:27|            8.9e-05|            8.9e-05|            8.9e-05|
+----------+----------+------------------+----------+-------------------+-------------------+-------------------+
|   100.0 %|  10000000|1.882480000000e-02|  00:02:43|            8.4e-05|            8.4e-05|            8.4e-05|
+----------+----------+------------------+----------+-------------------+-------------------+-------------------+
Simulation completed. Releases processed: 9810348, Total simulated time: 7140.48
Fragmentation ratio (mean over simulation): C=0.831115, L=0.677972 | Network=0.754543
Network Name: TOP_71_NOBELEU
Starting simulation with lambda=1500, mu=1...
+----------+----------+------------------+----------+-------------------+-------------------+-------------------+
|  progress|   arrives|          blocking|   time(s)|            Wald CI|            A-C. CI|          Wilson CI|
+----------+----------+------------------+----------+-------------------+-------------------+-------------------+
|    10.0 %|   1000000|2.506900000000e-02|  00:00:16|            3.1e-04|            3.1e-04|            3.1e-04|
+----------+----------+------------------+----------+-------------------+-------------------+-------------------+
|    20.0 %|   2000000|2.494300000000e-02|  00:00:33|            2.2e-04|            2.2e-04|            2.2e-04|
+----------+----------+------------------+----------+-------------------+-------------------+-------------------+
|    30.0 %|   3000000|2.469433333333e-02|  00:00:50|            1.8e-04|            1.8e-04|            1.8e-04|
+----------+----------+------------------+----------+-------------------+-------------------+-------------------+
|    40.0 %|   4000000|2.473950000000e-02|  00:01:07|            1.5e-04|            1.5e-04|            1.5e-04|
+----------+----------+------------------+----------+-------------------+-------------------+-------------------+
|    50.0 %|   5000000|2.457580000000e-02|  00:01:24|            1.4e-04|            1.4e-04|            1.4e-04|
+----------+----------+------------------+----------+-------------------+-------------------+-------------------+
|    60.0 %|   6000000|2.457266666667e-02|  00:01:41|            1.2e-04|            1.2e-04|            1.2e-04|
+----------+----------+------------------+----------+-------------------+-------------------+-------------------+
|    70.0 %|   7000000|2.453742857143e-02|  00:01:58|            1.1e-04|            1.1e-04|            1.1e-04|
+----------+----------+------------------+----------+-------------------+-------------------+-------------------+
|    80.0 %|   8000000|2.447175000000e-02|  00:02:14|            1.1e-04|            1.1e-04|            1.1e-04|
+----------+----------+------------------+----------+-------------------+-------------------+-------------------+
|    90.0 %|   9000000|2.440988888889e-02|  00:02:31|            1.0e-04|            1.0e-04|            1.0e-04|
+----------+----------+------------------+----------+-------------------+-------------------+-------------------+
|   100.0 %|  10000000|2.443400000000e-02|  00:02:48|            9.6e-05|            9.6e-05|            9.6e-05|
+----------+----------+------------------+----------+-------------------+-------------------+-------------------+
Simulation completed. Releases processed: 9754159, Total simulated time: 6665.77
Fragmentation ratio (mean over simulation): C=0.834627, L=0.707105 | Network=0.770866
Network Name: TOP_71_NOBELEU
Starting simulation with lambda=1600, mu=1...
+----------+----------+------------------+----------+-------------------+-------------------+-------------------+
|  progress|   arrives|          blocking|   time(s)|            Wald CI|            A-C. CI|          Wilson CI|
+----------+----------+------------------+----------+-------------------+-------------------+-------------------+
|    10.0 %|   1000000|3.040500000000e-02|  00:00:17|            3.4e-04|            3.4e-04|            3.4e-04|
+----------+----------+------------------+----------+-------------------+-------------------+-------------------+
|    20.0 %|   2000000|3.045550000000e-02|  00:00:34|            2.4e-04|            2.4e-04|            2.4e-04|
+----------+----------+------------------+----------+-------------------+-------------------+-------------------+
|    30.0 %|   3000000|3.044466666667e-02|  00:00:51|            1.9e-04|            1.9e-04|            1.9e-04|
+----------+----------+------------------+----------+-------------------+-------------------+-------------------+
|    40.0 %|   4000000|3.032700000000e-02|  00:01:08|            1.7e-04|            1.7e-04|            1.7e-04|
+----------+----------+------------------+----------+-------------------+-------------------+-------------------+
|    50.0 %|   5000000|3.040320000000e-02|  00:01:26|            1.5e-04|            1.5e-04|            1.5e-04|
+----------+----------+------------------+----------+-------------------+-------------------+-------------------+
|    60.0 %|   6000000|3.041466666667e-02|  00:01:42|            1.4e-04|            1.4e-04|            1.4e-04|
+----------+----------+------------------+----------+-------------------+-------------------+-------------------+
|    70.0 %|   7000000|3.047585714286e-02|  00:01:59|            1.3e-04|            1.3e-04|            1.3e-04|
+----------+----------+------------------+----------+-------------------+-------------------+-------------------+
|    80.0 %|   8000000|3.049075000000e-02|  00:02:16|            1.2e-04|            1.2e-04|            1.2e-04|
+----------+----------+------------------+----------+-------------------+-------------------+-------------------+
|    90.0 %|   9000000|3.048888888889e-02|  00:02:34|            1.1e-04|            1.1e-04|            1.1e-04|
+----------+----------+------------------+----------+-------------------+-------------------+-------------------+
|   100.0 %|  10000000|3.046390000000e-02|  00:02:51|            1.1e-04|            1.1e-04|            1.1e-04|
+----------+----------+------------------+----------+-------------------+-------------------+-------------------+
Simulation completed. Releases processed: 9693804, Total simulated time: 6250.94
Fragmentation ratio (mean over simulation): C=0.839747, L=0.720993 | Network=0.780370
Network Name: TOP_71_NOBELEU
Starting simulation with lambda=1700, mu=1...
+----------+----------+------------------+----------+-------------------+-------------------+-------------------+
|  progress|   arrives|          blocking|   time(s)|            Wald CI|            A-C. CI|          Wilson CI|
+----------+----------+------------------+----------+-------------------+-------------------+-------------------+
|    10.0 %|   1000000|3.703600000000e-02|  00:00:18|            3.7e-04|            3.7e-04|            3.7e-04|
+----------+----------+------------------+----------+-------------------+-------------------+-------------------+
|    20.0 %|   2000000|3.693550000000e-02|  00:00:36|            2.6e-04|            2.6e-04|            2.6e-04|
+----------+----------+------------------+----------+-------------------+-------------------+-------------------+
|    30.0 %|   3000000|3.714766666667e-02|  00:00:54|            2.1e-04|            2.1e-04|            2.1e-04|
+----------+----------+------------------+----------+-------------------+-------------------+-------------------+
|    40.0 %|   4000000|3.720825000000e-02|  00:01:13|            1.9e-04|            1.9e-04|            1.9e-04|
+----------+----------+------------------+----------+-------------------+-------------------+-------------------+
|    50.0 %|   5000000|3.699380000000e-02|  00:01:31|            1.7e-04|            1.7e-04|            1.7e-04|
+----------+----------+------------------+----------+-------------------+-------------------+-------------------+
|    60.0 %|   6000000|3.697366666667e-02|  00:01:52|            1.5e-04|            1.5e-04|            1.5e-04|
+----------+----------+------------------+----------+-------------------+-------------------+-------------------+
|    70.0 %|   7000000|3.695542857143e-02|  00:02:13|            1.4e-04|            1.4e-04|            1.4e-04|
+----------+----------+------------------+----------+-------------------+-------------------+-------------------+
|    80.0 %|   8000000|3.699787500000e-02|  00:02:36|            1.3e-04|            1.3e-04|            1.3e-04|
+----------+----------+------------------+----------+-------------------+-------------------+-------------------+
|    90.0 %|   9000000|3.697144444444e-02|  00:02:58|            1.2e-04|            1.2e-04|            1.2e-04|
+----------+----------+------------------+----------+-------------------+-------------------+-------------------+
|   100.0 %|  10000000|3.695000000000e-02|  00:03:18|            1.2e-04|            1.2e-04|            1.2e-04|
+----------+----------+------------------+----------+-------------------+-------------------+-------------------+
Simulation completed. Releases processed: 9628858, Total simulated time: 5884.44
Fragmentation ratio (mean over simulation): C=0.841466, L=0.729684 | Network=0.785575
Network Name: TOP_71_NOBELEU
Starting simulation with lambda=1800, mu=1...
+----------+----------+------------------+----------+-------------------+-------------------+-------------------+
|  progress|   arrives|          blocking|   time(s)|            Wald CI|            A-C. CI|          Wilson CI|
+----------+----------+------------------+----------+-------------------+-------------------+-------------------+
|    10.0 %|   1000000|4.296400000000e-02|  00:00:18|            4.0e-04|            4.0e-04|            4.0e-04|
+----------+----------+------------------+----------+-------------------+-------------------+-------------------+
|    20.0 %|   2000000|4.335050000000e-02|  00:00:37|            2.8e-04|            2.8e-04|            2.8e-04|
+----------+----------+------------------+----------+-------------------+-------------------+-------------------+
|    30.0 %|   3000000|4.316600000000e-02|  00:00:56|            2.3e-04|            2.3e-04|            2.3e-04|
+----------+----------+------------------+----------+-------------------+-------------------+-------------------+
|    40.0 %|   4000000|4.308375000000e-02|  00:01:15|            2.0e-04|            2.0e-04|            2.0e-04|
+----------+----------+------------------+----------+-------------------+-------------------+-------------------+
|    50.0 %|   5000000|4.310160000000e-02|  00:01:37|            1.8e-04|            1.8e-04|            1.8e-04|
+----------+----------+------------------+----------+-------------------+-------------------+-------------------+
|    60.0 %|   6000000|4.314316666667e-02|  00:01:59|            1.6e-04|            1.6e-04|            1.6e-04|
+----------+----------+------------------+----------+-------------------+-------------------+-------------------+
|    70.0 %|   7000000|4.313714285714e-02|  00:02:20|            1.5e-04|            1.5e-04|            1.5e-04|
+----------+----------+------------------+----------+-------------------+-------------------+-------------------+
|    80.0 %|   8000000|4.316387500000e-02|  00:02:42|            1.4e-04|            1.4e-04|            1.4e-04|
+----------+----------+------------------+----------+-------------------+-------------------+-------------------+
|    90.0 %|   9000000|4.316511111111e-02|  00:03:06|            1.3e-04|            1.3e-04|            1.3e-04|
+----------+----------+------------------+----------+-------------------+-------------------+-------------------+
|   100.0 %|  10000000|4.311550000000e-02|  00:03:28|            1.3e-04|            1.3e-04|            1.3e-04|
+----------+----------+------------------+----------+-------------------+-------------------+-------------------+
Simulation completed. Releases processed: 9567127, Total simulated time: 5557.35
Fragmentation ratio (mean over simulation): C=0.848777, L=0.753739 | Network=0.801258
Network Name: TOP_71_NOBELEU
Starting simulation with lambda=1900, mu=1...
+----------+----------+------------------+----------+-------------------+-------------------+-------------------+
|  progress|   arrives|          blocking|   time(s)|            Wald CI|            A-C. CI|          Wilson CI|
+----------+----------+------------------+----------+-------------------+-------------------+-------------------+
|    10.0 %|   1000000|4.924900000000e-02|  00:00:22|            4.2e-04|            4.2e-04|            4.2e-04|
+----------+----------+------------------+----------+-------------------+-------------------+-------------------+
|    20.0 %|   2000000|4.965250000000e-02|  00:00:47|            3.0e-04|            3.0e-04|            3.0e-04|
+----------+----------+------------------+----------+-------------------+-------------------+-------------------+
|    30.0 %|   3000000|4.954366666667e-02|  00:01:11|            2.5e-04|            2.5e-04|            2.5e-04|
+----------+----------+------------------+----------+-------------------+-------------------+-------------------+
|    40.0 %|   4000000|4.962900000000e-02|  00:01:33|            2.1e-04|            2.1e-04|            2.1e-04|
+----------+----------+------------------+----------+-------------------+-------------------+-------------------+
|    50.0 %|   5000000|4.964400000000e-02|  00:01:56|            1.9e-04|            1.9e-04|            1.9e-04|
+----------+----------+------------------+----------+-------------------+-------------------+-------------------+
|    60.0 %|   6000000|4.961366666667e-02|  00:02:20|            1.7e-04|            1.7e-04|            1.7e-04|
+----------+----------+------------------+----------+-------------------+-------------------+-------------------+
|    70.0 %|   7000000|4.958885714286e-02|  00:02:43|            1.6e-04|            1.6e-04|            1.6e-04|
+----------+----------+------------------+----------+-------------------+-------------------+-------------------+
|    80.0 %|   8000000|4.968025000000e-02|  00:03:05|            1.5e-04|            1.5e-04|            1.5e-04|
+----------+----------+------------------+----------+-------------------+-------------------+-------------------+
|    90.0 %|   9000000|4.967577777778e-02|  00:03:28|            1.4e-04|            1.4e-04|            1.4e-04|
+----------+----------+------------------+----------+-------------------+-------------------+-------------------+
|   100.0 %|  10000000|4.967700000000e-02|  00:03:53|            1.3e-04|            1.3e-04|            1.3e-04|
+----------+----------+------------------+----------+-------------------+-------------------+-------------------+
Simulation completed. Releases processed: 9501432, Total simulated time: 5263.58
Fragmentation ratio (mean over simulation): C=0.851286, L=0.761420 | Network=0.806353
Network Name: TOP_71_NOBELEU
Starting simulation with lambda=2000, mu=1...
+----------+----------+------------------+----------+-------------------+-------------------+-------------------+
|  progress|   arrives|          blocking|   time(s)|            Wald CI|            A-C. CI|          Wilson CI|
+----------+----------+------------------+----------+-------------------+-------------------+-------------------+
|    10.0 %|   1000000|5.620200000000e-02|  00:00:22|            4.5e-04|            4.5e-04|            4.5e-04|
+----------+----------+------------------+----------+-------------------+-------------------+-------------------+
|    20.0 %|   2000000|5.609950000000e-02|  00:00:46|            3.2e-04|            3.2e-04|            3.2e-04|
+----------+----------+------------------+----------+-------------------+-------------------+-------------------+
|    30.0 %|   3000000|5.597666666667e-02|  00:01:10|            2.6e-04|            2.6e-04|            2.6e-04|
+----------+----------+------------------+----------+-------------------+-------------------+-------------------+
|    40.0 %|   4000000|5.577625000000e-02|  00:01:34|            2.2e-04|            2.2e-04|            2.2e-04|
+----------+----------+------------------+----------+-------------------+-------------------+-------------------+
|    50.0 %|   5000000|5.588460000000e-02|  00:01:58|            2.0e-04|            2.0e-04|            2.0e-04|
+----------+----------+------------------+----------+-------------------+-------------------+-------------------+
|    60.0 %|   6000000|5.602183333333e-02|  00:02:24|            1.8e-04|            1.8e-04|            1.8e-04|
+----------+----------+------------------+----------+-------------------+-------------------+-------------------+
|    70.0 %|   7000000|5.605014285714e-02|  00:02:49|            1.7e-04|            1.7e-04|            1.7e-04|
+----------+----------+------------------+----------+-------------------+-------------------+-------------------+
|    80.0 %|   8000000|5.604362500000e-02|  00:03:11|            1.6e-04|            1.6e-04|            1.6e-04|
+----------+----------+------------------+----------+-------------------+-------------------+-------------------+
|    90.0 %|   9000000|5.595477777778e-02|  00:03:31|            1.5e-04|            1.5e-04|            1.5e-04|
+----------+----------+------------------+----------+-------------------+-------------------+-------------------+
|   100.0 %|  10000000|5.595610000000e-02|  00:03:56|            1.4e-04|            1.4e-04|            1.4e-04|
+----------+----------+------------------+----------+-------------------+-------------------+-------------------+
Simulation completed. Releases processed: 9438545, Total simulated time: 4998.84
Fragmentation ratio (mean over simulation): C=0.851317, L=0.774013 | Network=0.812665
Network Name: TOP_71_NOBELEU
Starting simulation with lambda=2100, mu=1...
+----------+----------+------------------+----------+-------------------+-------------------+-------------------+
|  progress|   arrives|          blocking|   time(s)|            Wald CI|            A-C. CI|          Wilson CI|
+----------+----------+------------------+----------+-------------------+-------------------+-------------------+
|    10.0 %|   1000000|6.146400000000e-02|  00:00:25|            4.7e-04|            4.7e-04|            4.7e-04|
+----------+----------+------------------+----------+-------------------+-------------------+-------------------+
|    20.0 %|   2000000|6.182100000000e-02|  00:00:49|            3.3e-04|            3.3e-04|            3.3e-04|
+----------+----------+------------------+----------+-------------------+-------------------+-------------------+
|    30.0 %|   3000000|6.171233333333e-02|  00:01:11|            2.7e-04|            2.7e-04|            2.7e-04|
+----------+----------+------------------+----------+-------------------+-------------------+-------------------+
|    40.0 %|   4000000|6.183425000000e-02|  00:01:35|            2.4e-04|            2.4e-04|            2.4e-04|
+----------+----------+------------------+----------+-------------------+-------------------+-------------------+
|    50.0 %|   5000000|6.181920000000e-02|  00:01:59|            2.1e-04|            2.1e-04|            2.1e-04|
+----------+----------+------------------+----------+-------------------+-------------------+-------------------+
|    60.0 %|   6000000|6.184616666667e-02|  00:02:23|            1.9e-04|            1.9e-04|            1.9e-04|
+----------+----------+------------------+----------+-------------------+-------------------+-------------------+
|    70.0 %|   7000000|6.189528571429e-02|  00:02:48|            1.8e-04|            1.8e-04|            1.8e-04|
+----------+----------+------------------+----------+-------------------+-------------------+-------------------+
|    80.0 %|   8000000|6.183775000000e-02|  00:03:12|            1.7e-04|            1.7e-04|            1.7e-04|
+----------+----------+------------------+----------+-------------------+-------------------+-------------------+
|    90.0 %|   9000000|6.191255555556e-02|  00:03:35|            1.6e-04|            1.6e-04|            1.6e-04|
+----------+----------+------------------+----------+-------------------+-------------------+-------------------+
|   100.0 %|  10000000|6.187770000000e-02|  00:03:59|            1.5e-04|            1.5e-04|            1.5e-04|
+----------+----------+------------------+----------+-------------------+-------------------+-------------------+
Simulation completed. Releases processed: 9379316, Total simulated time: 4762.52
Fragmentation ratio (mean over simulation): C=0.857078, L=0.786988 | Network=0.822033
Network Name: TOP_71_NOBELEU
Starting simulation with lambda=2200, mu=1...
+----------+----------+------------------+----------+-------------------+-------------------+-------------------+
|  progress|   arrives|          blocking|   time(s)|            Wald CI|            A-C. CI|          Wilson CI|
+----------+----------+------------------+----------+-------------------+-------------------+-------------------+
|    10.0 %|   1000000|6.803600000000e-02|  00:00:23|            4.9e-04|            4.9e-04|            4.9e-04|
+----------+----------+------------------+----------+-------------------+-------------------+-------------------+
|    20.0 %|   2000000|6.796250000000e-02|  00:00:47|            3.5e-04|            3.5e-04|            3.5e-04|
+----------+----------+------------------+----------+-------------------+-------------------+-------------------+
|    30.0 %|   3000000|6.790300000000e-02|  00:01:10|            2.8e-04|            2.8e-04|            2.8e-04|
+----------+----------+------------------+----------+-------------------+-------------------+-------------------+
|    40.0 %|   4000000|6.787850000000e-02|  00:01:34|            2.5e-04|            2.5e-04|            2.5e-04|
+----------+----------+------------------+----------+-------------------+-------------------+-------------------+
|    50.0 %|   5000000|6.783380000000e-02|  00:01:58|            2.2e-04|            2.2e-04|            2.2e-04|
+----------+----------+------------------+----------+-------------------+-------------------+-------------------+
|    60.0 %|   6000000|6.782166666667e-02|  00:02:22|            2.0e-04|            2.0e-04|            2.0e-04|
+----------+----------+------------------+----------+-------------------+-------------------+-------------------+
|    70.0 %|   7000000|6.773342857143e-02|  00:02:46|            1.9e-04|            1.9e-04|            1.9e-04|
+----------+----------+------------------+----------+-------------------+-------------------+-------------------+
|    80.0 %|   8000000|6.777450000000e-02|  00:03:10|            1.7e-04|            1.7e-04|            1.7e-04|
+----------+----------+------------------+----------+-------------------+-------------------+-------------------+
|    90.0 %|   9000000|6.771766666667e-02|  00:03:35|            1.6e-04|            1.6e-04|            1.6e-04|
+----------+----------+------------------+----------+-------------------+-------------------+-------------------+
|   100.0 %|  10000000|6.774000000000e-02|  00:03:58|            1.6e-04|            1.6e-04|            1.6e-04|
+----------+----------+------------------+----------+-------------------+-------------------+-------------------+
Simulation completed. Releases processed: 9320547, Total simulated time: 4544.17
Fragmentation ratio (mean over simulation): C=0.860959, L=0.792943 | Network=0.826951
Network Name: TOP_71_NOBELEU
Starting simulation with lambda=2300, mu=1...
+----------+----------+------------------+----------+-------------------+-------------------+-------------------+
|  progress|   arrives|          blocking|   time(s)|            Wald CI|            A-C. CI|          Wilson CI|
+----------+----------+------------------+----------+-------------------+-------------------+-------------------+
|    10.0 %|   1000000|7.269900000000e-02|  00:00:24|            5.1e-04|            5.1e-04|            5.1e-04|
+----------+----------+------------------+----------+-------------------+-------------------+-------------------+
|    20.0 %|   2000000|7.292850000000e-02|  00:00:48|            3.6e-04|            3.6e-04|            3.6e-04|
+----------+----------+------------------+----------+-------------------+-------------------+-------------------+
|    30.0 %|   3000000|7.318566666667e-02|  00:01:11|            2.9e-04|            2.9e-04|            2.9e-04|
+----------+----------+------------------+----------+-------------------+-------------------+-------------------+
|    40.0 %|   4000000|7.344775000000e-02|  00:01:36|            2.6e-04|            2.6e-04|            2.6e-04|
+----------+----------+------------------+----------+-------------------+-------------------+-------------------+
|    50.0 %|   5000000|7.338620000000e-02|  00:01:59|            2.3e-04|            2.3e-04|            2.3e-04|
+----------+----------+------------------+----------+-------------------+-------------------+-------------------+
|    60.0 %|   6000000|7.346200000000e-02|  00:02:23|            2.1e-04|            2.1e-04|            2.1e-04|
+----------+----------+------------------+----------+-------------------+-------------------+-------------------+
|    70.0 %|   7000000|7.337071428571e-02|  00:02:46|            1.9e-04|            1.9e-04|            1.9e-04|
+----------+----------+------------------+----------+-------------------+-------------------+-------------------+
|    80.0 %|   8000000|7.340412500000e-02|  00:03:09|            1.8e-04|            1.8e-04|            1.8e-04|
+----------+----------+------------------+----------+-------------------+-------------------+-------------------+
|    90.0 %|   9000000|7.337555555556e-02|  00:03:33|            1.7e-04|            1.7e-04|            1.7e-04|
+----------+----------+------------------+----------+-------------------+-------------------+-------------------+
|   100.0 %|  10000000|7.338320000000e-02|  00:03:57|            1.6e-04|            1.6e-04|            1.6e-04|
+----------+----------+------------------+----------+-------------------+-------------------+-------------------+
Simulation completed. Releases processed: 9264102, Total simulated time: 4347.32
Fragmentation ratio (mean over simulation): C=0.862334, L=0.799102 | Network=0.830718
Network Name: TOP_71_NOBELEU
Starting simulation with lambda=2400, mu=1...
+----------+----------+------------------+----------+-------------------+-------------------+-------------------+
|  progress|   arrives|          blocking|   time(s)|            Wald CI|            A-C. CI|          Wilson CI|
+----------+----------+------------------+----------+-------------------+-------------------+-------------------+
|    10.0 %|   1000000|7.837100000000e-02|  00:00:24|            5.3e-04|            5.3e-04|            5.3e-04|
+----------+----------+------------------+----------+-------------------+-------------------+-------------------+
|    20.0 %|   2000000|7.825750000000e-02|  00:00:49|            3.7e-04|            3.7e-04|            3.7e-04|
+----------+----------+------------------+----------+-------------------+-------------------+-------------------+
|    30.0 %|   3000000|7.853966666667e-02|  00:01:13|            3.0e-04|            3.0e-04|            3.0e-04|
+----------+----------+------------------+----------+-------------------+-------------------+-------------------+
|    40.0 %|   4000000|7.862375000000e-02|  00:01:38|            2.6e-04|            2.6e-04|            2.6e-04|
+----------+----------+------------------+----------+-------------------+-------------------+-------------------+
|    50.0 %|   5000000|7.865640000000e-02|  00:02:03|            2.4e-04|            2.4e-04|            2.4e-04|
+----------+----------+------------------+----------+-------------------+-------------------+-------------------+
|    60.0 %|   6000000|7.858233333333e-02|  00:02:28|            2.2e-04|            2.2e-04|            2.2e-04|
+----------+----------+------------------+----------+-------------------+-------------------+-------------------+
|    70.0 %|   7000000|7.853157142857e-02|  00:02:52|            2.0e-04|            2.0e-04|            2.0e-04|
+----------+----------+------------------+----------+-------------------+-------------------+-------------------+
|    80.0 %|   8000000|7.849925000000e-02|  00:03:16|            1.9e-04|            1.9e-04|            1.9e-04|
+----------+----------+------------------+----------+-------------------+-------------------+-------------------+
|    90.0 %|   9000000|7.851044444444e-02|  00:03:42|            1.8e-04|            1.8e-04|            1.8e-04|
+----------+----------+------------------+----------+-------------------+-------------------+-------------------+
|   100.0 %|  10000000|7.858990000000e-02|  00:04:06|            1.7e-04|            1.7e-04|            1.7e-04|
+----------+----------+------------------+----------+-------------------+-------------------+-------------------+
Simulation completed. Releases processed: 9211885, Total simulated time: 4167.41
Fragmentation ratio (mean over simulation): C=0.860629, L=0.802949 | Network=0.831789
Network Name: TOP_71_NOBELEU
Starting simulation with lambda=2500, mu=1...
+----------+----------+------------------+----------+-------------------+-------------------+-------------------+
|  progress|   arrives|          blocking|   time(s)|            Wald CI|            A-C. CI|          Wilson CI|
+----------+----------+------------------+----------+-------------------+-------------------+-------------------+
|    10.0 %|   1000000|8.429200000000e-02|  00:00:23|            5.4e-04|            5.4e-04|            5.4e-04|
+----------+----------+------------------+----------+-------------------+-------------------+-------------------+
|    20.0 %|   2000000|8.404250000000e-02|  00:00:48|            3.8e-04|            3.8e-04|            3.8e-04|
+----------+----------+------------------+----------+-------------------+-------------------+-------------------+
|    30.0 %|   3000000|8.409833333333e-02|  00:01:11|            3.1e-04|            3.1e-04|            3.1e-04|
+----------+----------+------------------+----------+-------------------+-------------------+-------------------+
|    40.0 %|   4000000|8.403100000000e-02|  00:01:36|            2.7e-04|            2.7e-04|            2.7e-04|
+----------+----------+------------------+----------+-------------------+-------------------+-------------------+
|    50.0 %|   5000000|8.406840000000e-02|  00:02:01|            2.4e-04|            2.4e-04|            2.4e-04|
+----------+----------+------------------+----------+-------------------+-------------------+-------------------+
|    60.0 %|   6000000|8.399133333333e-02|  00:02:25|            2.2e-04|            2.2e-04|            2.2e-04|
+----------+----------+------------------+----------+-------------------+-------------------+-------------------+
|    70.0 %|   7000000|8.391271428571e-02|  00:02:50|            2.1e-04|            2.1e-04|            2.1e-04|
+----------+----------+------------------+----------+-------------------+-------------------+-------------------+
|    80.0 %|   8000000|8.383587500000e-02|  00:03:14|            1.9e-04|            1.9e-04|            1.9e-04|
+----------+----------+------------------+----------+-------------------+-------------------+-------------------+
|    90.0 %|   9000000|8.383322222222e-02|  00:03:40|            1.8e-04|            1.8e-04|            1.8e-04|
+----------+----------+------------------+----------+-------------------+-------------------+-------------------+
|   100.0 %|  10000000|8.388490000000e-02|  00:04:04|            1.7e-04|            1.7e-04|            1.7e-04|
+----------+----------+------------------+----------+-------------------+-------------------+-------------------+
Simulation completed. Releases processed: 9158836, Total simulated time: 4001.52
Fragmentation ratio (mean over simulation): C=0.867410, L=0.819696 | Network=0.843553
Network Name: TOP_71_NOBELEU
Starting simulation with lambda=2600, mu=1...
+----------+----------+------------------+----------+-------------------+-------------------+-------------------+
|  progress|   arrives|          blocking|   time(s)|            Wald CI|            A-C. CI|          Wilson CI|
+----------+----------+------------------+----------+-------------------+-------------------+-------------------+
|    10.0 %|   1000000|8.847400000000e-02|  00:00:25|            5.6e-04|            5.6e-04|            5.6e-04|
+----------+----------+------------------+----------+-------------------+-------------------+-------------------+
|    20.0 %|   2000000|8.886350000000e-02|  00:00:51|            3.9e-04|            3.9e-04|            3.9e-04|
+----------+----------+------------------+----------+-------------------+-------------------+-------------------+
|    30.0 %|   3000000|8.885400000000e-02|  00:01:16|            3.2e-04|            3.2e-04|            3.2e-04|
+----------+----------+------------------+----------+-------------------+-------------------+-------------------+
|    40.0 %|   4000000|8.899575000000e-02|  00:01:40|            2.8e-04|            2.8e-04|            2.8e-04|
+----------+----------+------------------+----------+-------------------+-------------------+-------------------+
|    50.0 %|   5000000|8.904100000000e-02|  00:02:04|            2.5e-04|            2.5e-04|            2.5e-04|
+----------+----------+------------------+----------+-------------------+-------------------+-------------------+
|    60.0 %|   6000000|8.912800000000e-02|  00:02:28|            2.3e-04|            2.3e-04|            2.3e-04|
+----------+----------+------------------+----------+-------------------+-------------------+-------------------+
|    70.0 %|   7000000|8.918542857143e-02|  00:02:52|            2.1e-04|            2.1e-04|            2.1e-04|
+----------+----------+------------------+----------+-------------------+-------------------+-------------------+
|    80.0 %|   8000000|8.917275000000e-02|  00:03:17|            2.0e-04|            2.0e-04|            2.0e-04|
+----------+----------+------------------+----------+-------------------+-------------------+-------------------+
|    90.0 %|   9000000|8.914466666667e-02|  00:03:42|            1.9e-04|            1.9e-04|            1.9e-04|
+----------+----------+------------------+----------+-------------------+-------------------+-------------------+
|   100.0 %|  10000000|8.911000000000e-02|  00:04:06|            1.8e-04|            1.8e-04|            1.8e-04|
+----------+----------+------------------+----------+-------------------+-------------------+-------------------+
Simulation completed. Releases processed: 9106555, Total simulated time: 3847.25
Fragmentation ratio (mean over simulation): C=0.865958, L=0.820644 | Network=0.843301
Network Name: TOP_71_NOBELEU
Starting simulation with lambda=2700, mu=1...
+----------+----------+------------------+----------+-------------------+-------------------+-------------------+
|  progress|   arrives|          blocking|   time(s)|            Wald CI|            A-C. CI|          Wilson CI|
+----------+----------+------------------+----------+-------------------+-------------------+-------------------+
|    10.0 %|   1000000|9.443200000000e-02|  00:00:24|            5.7e-04|            5.7e-04|            5.7e-04|
+----------+----------+------------------+----------+-------------------+-------------------+-------------------+
|    20.0 %|   2000000|9.408400000000e-02|  00:00:50|            4.0e-04|            4.0e-04|            4.0e-04|
+----------+----------+------------------+----------+-------------------+-------------------+-------------------+
|    30.0 %|   3000000|9.409500000000e-02|  00:01:14|            3.3e-04|            3.3e-04|            3.3e-04|
+----------+----------+------------------+----------+-------------------+-------------------+-------------------+
|    40.0 %|   4000000|9.399975000000e-02|  00:01:40|            2.9e-04|            2.9e-04|            2.9e-04|
+----------+----------+------------------+----------+-------------------+-------------------+-------------------+
|    50.0 %|   5000000|9.405940000000e-02|  00:02:05|            2.6e-04|            2.6e-04|            2.6e-04|
+----------+----------+------------------+----------+-------------------+-------------------+-------------------+
|    60.0 %|   6000000|9.410916666667e-02|  00:02:30|            2.3e-04|            2.3e-04|            2.3e-04|
+----------+----------+------------------+----------+-------------------+-------------------+-------------------+
|    70.0 %|   7000000|9.408914285714e-02|  00:02:53|            2.2e-04|            2.2e-04|            2.2e-04|
+----------+----------+------------------+----------+-------------------+-------------------+-------------------+
|    80.0 %|   8000000|9.406987500000e-02|  00:03:18|            2.0e-04|            2.0e-04|            2.0e-04|
+----------+----------+------------------+----------+-------------------+-------------------+-------------------+
|    90.0 %|   9000000|9.403422222222e-02|  00:03:43|            1.9e-04|            1.9e-04|            1.9e-04|
+----------+----------+------------------+----------+-------------------+-------------------+-------------------+
|   100.0 %|  10000000|9.399030000000e-02|  00:04:08|            1.8e-04|            1.8e-04|            1.8e-04|
+----------+----------+------------------+----------+-------------------+-------------------+-------------------+
Simulation completed. Releases processed: 9057565, Total simulated time: 3704.03
Fragmentation ratio (mean over simulation): C=0.870805, L=0.826545 | Network=0.848675
Network Name: TOP_71_NOBELEU
Starting simulation with lambda=2800, mu=1...
+----------+----------+------------------+----------+-------------------+-------------------+-------------------+
|  progress|   arrives|          blocking|   time(s)|            Wald CI|            A-C. CI|          Wilson CI|
+----------+----------+------------------+----------+-------------------+-------------------+-------------------+
|    10.0 %|   1000000|9.937800000000e-02|  00:00:25|            5.9e-04|            5.9e-04|            5.9e-04|
+----------+----------+------------------+----------+-------------------+-------------------+-------------------+
|    20.0 %|   2000000|9.915250000000e-02|  00:00:49|            4.1e-04|            4.1e-04|            4.1e-04|
+----------+----------+------------------+----------+-------------------+-------------------+-------------------+
|    30.0 %|   3000000|9.905900000000e-02|  00:01:13|            3.4e-04|            3.4e-04|            3.4e-04|
+----------+----------+------------------+----------+-------------------+-------------------+-------------------+
|    40.0 %|   4000000|9.889400000000e-02|  00:01:39|            2.9e-04|            2.9e-04|            2.9e-04|
+----------+----------+------------------+----------+-------------------+-------------------+-------------------+
|    50.0 %|   5000000|9.898260000000e-02|  00:02:04|            2.6e-04|            2.6e-04|            2.6e-04|
+----------+----------+------------------+----------+-------------------+-------------------+-------------------+
|    60.0 %|   6000000|9.892716666667e-02|  00:02:29|            2.4e-04|            2.4e-04|            2.4e-04|
+----------+----------+------------------+----------+-------------------+-------------------+-------------------+
|    70.0 %|   7000000|9.903185714286e-02|  00:02:56|            2.2e-04|            2.2e-04|            2.2e-04|
+----------+----------+------------------+----------+-------------------+-------------------+-------------------+
|    80.0 %|   8000000|9.899612500000e-02|  00:03:22|            2.1e-04|            2.1e-04|            2.1e-04|
+----------+----------+------------------+----------+-------------------+-------------------+-------------------+
|    90.0 %|   9000000|9.902144444444e-02|  00:03:48|            2.0e-04|            2.0e-04|            2.0e-04|
+----------+----------+------------------+----------+-------------------+-------------------+-------------------+
|   100.0 %|  10000000|9.893140000000e-02|  00:04:12|            1.9e-04|            1.9e-04|            1.9e-04|
+----------+----------+------------------+----------+-------------------+-------------------+-------------------+
Simulation completed. Releases processed: 9008237, Total simulated time: 3571.11
Fragmentation ratio (mean over simulation): C=0.870668, L=0.827531 | Network=0.849100
Network Name: TOP_71_NOBELEU
Starting simulation with lambda=2900, mu=1...
+----------+----------+------------------+----------+-------------------+-------------------+-------------------+
|  progress|   arrives|          blocking|   time(s)|            Wald CI|            A-C. CI|          Wilson CI|
+----------+----------+------------------+----------+-------------------+-------------------+-------------------+
|    10.0 %|   1000000|1.036770000000e-01|  00:00:26|            6.0e-04|            6.0e-04|            6.0e-04|
+----------+----------+------------------+----------+-------------------+-------------------+-------------------+
|    20.0 %|   2000000|1.033855000000e-01|  00:00:50|            4.2e-04|            4.2e-04|            4.2e-04|
+----------+----------+------------------+----------+-------------------+-------------------+-------------------+
|    30.0 %|   3000000|1.034863333333e-01|  00:01:16|            3.4e-04|            3.4e-04|            3.4e-04|
+----------+----------+------------------+----------+-------------------+-------------------+-------------------+
|    40.0 %|   4000000|1.036587500000e-01|  00:01:43|            3.0e-04|            3.0e-04|            3.0e-04|
+----------+----------+------------------+----------+-------------------+-------------------+-------------------+
|    50.0 %|   5000000|1.035298000000e-01|  00:02:07|            2.7e-04|            2.7e-04|            2.7e-04|
+----------+----------+------------------+----------+-------------------+-------------------+-------------------+
|    60.0 %|   6000000|1.036723333333e-01|  00:02:33|            2.4e-04|            2.4e-04|            2.4e-04|
+----------+----------+------------------+----------+-------------------+-------------------+-------------------+
|    70.0 %|   7000000|1.037564285714e-01|  00:02:59|            2.3e-04|            2.3e-04|            2.3e-04|
+----------+----------+------------------+----------+-------------------+-------------------+-------------------+
|    80.0 %|   8000000|1.037532500000e-01|  00:03:24|            2.1e-04|            2.1e-04|            2.1e-04|
+----------+----------+------------------+----------+-------------------+-------------------+-------------------+
|    90.0 %|   9000000|1.038480000000e-01|  00:03:50|            2.0e-04|            2.0e-04|            2.0e-04|
+----------+----------+------------------+----------+-------------------+-------------------+-------------------+
|   100.0 %|  10000000|1.038898000000e-01|  00:04:15|            1.9e-04|            1.9e-04|            1.9e-04|
+----------+----------+------------------+----------+-------------------+-------------------+-------------------+
Simulation completed. Releases processed: 8958531, Total simulated time: 3448.78
Fragmentation ratio (mean over simulation): C=0.874441, L=0.834491 | Network=0.854466
Network Name: TOP_71_NOBELEU
Starting simulation with lambda=3000, mu=1...
+----------+----------+------------------+----------+-------------------+-------------------+-------------------+
|  progress|   arrives|          blocking|   time(s)|            Wald CI|            A-C. CI|          Wilson CI|
+----------+----------+------------------+----------+-------------------+-------------------+-------------------+
|    10.0 %|   1000000|1.077680000000e-01|  00:00:25|            6.1e-04|            6.1e-04|            6.1e-04|
+----------+----------+------------------+----------+-------------------+-------------------+-------------------+
|    20.0 %|   2000000|1.081765000000e-01|  00:00:53|            4.3e-04|            4.3e-04|            4.3e-04|
+----------+----------+------------------+----------+-------------------+-------------------+-------------------+
|    30.0 %|   3000000|1.084386666667e-01|  00:01:19|            3.5e-04|            3.5e-04|            3.5e-04|
+----------+----------+------------------+----------+-------------------+-------------------+-------------------+
|    40.0 %|   4000000|1.084487500000e-01|  00:01:45|            3.0e-04|            3.0e-04|            3.0e-04|
+----------+----------+------------------+----------+-------------------+-------------------+-------------------+
|    50.0 %|   5000000|1.085046000000e-01|  00:02:11|            2.7e-04|            2.7e-04|            2.7e-04|
+----------+----------+------------------+----------+-------------------+-------------------+-------------------+
|    60.0 %|   6000000|1.086081666667e-01|  00:02:37|            2.5e-04|            2.5e-04|            2.5e-04|
+----------+----------+------------------+----------+-------------------+-------------------+-------------------+
|    70.0 %|   7000000|1.085100000000e-01|  00:03:03|            2.3e-04|            2.3e-04|            2.3e-04|
+----------+----------+------------------+----------+-------------------+-------------------+-------------------+
|    80.0 %|   8000000|1.085538750000e-01|  00:03:27|            2.2e-04|            2.2e-04|            2.2e-04|
+----------+----------+------------------+----------+-------------------+-------------------+-------------------+
|    90.0 %|   9000000|1.085238888889e-01|  00:03:52|            2.0e-04|            2.0e-04|            2.0e-04|
+----------+----------+------------------+----------+-------------------+-------------------+-------------------+
|   100.0 %|  10000000|1.085039000000e-01|  00:04:17|            1.9e-04|            1.9e-04|            1.9e-04|
+----------+----------+------------------+----------+-------------------+-------------------+-------------------+
Simulation completed. Releases processed: 8912263, Total simulated time: 3332.85
Fragmentation ratio (mean over simulation): C=0.875706, L=0.836584 | Network=0.856145
Plot saved → result/FirstFit_NOBELEU_lambda_sweep_100_3000_20261008_162904.png
