Network Name: TOP_10_BREN
Starting simulation with lambda=1500, mu=1...
+----------+----------+------------------+----------+-------------------+-------------------+-------------------+
|  progress|   arrives|          blocking|   time(s)|            Wald CI|            A-C. CI|          Wilson CI|
+----------+----------+------------------+----------+-------------------+-------------------+-------------------+
|    10.0 %|    100000|4.222000000000e-02|  00:12:11|            1.2e-03|            1.2e-03|            1.2e-03|
+----------+----------+------------------+----------+-------------------+-------------------+-------------------+
|    20.0 %|    200000|4.375500000000e-02|  00:24:33|            9.0e-04|            9.0e-04|            9.0e-04|
+----------+----------+------------------+----------+-------------------+-------------------+-------------------+
|    30.0 %|    300000|4.302000000000e-02|  00:36:47|            7.3e-04|            7.3e-04|            7.3e-04|
+----------+----------+------------------+----------+-------------------+-------------------+-------------------+
|    40.0 %|    400000|4.353750000000e-02|  00:48:58|            6.3e-04|            6.3e-04|            6.3e-04|
+----------+----------+------------------+----------+-------------------+-------------------+-------------------+
|    50.0 %|    500000|4.320600000000e-02|  01:01:15|            5.6e-04|            5.6e-04|            5.6e-04|
+----------+----------+------------------+----------+-------------------+-------------------+-------------------+
|    60.0 %|    600000|4.317833333333e-02|  01:13:38|            5.1e-04|            5.1e-04|            5.1e-04|
+----------+----------+------------------+----------+-------------------+-------------------+-------------------+
|    70.0 %|    700000|4.304000000000e-02|  01:26:05|            4.8e-04|            4.8e-04|            4.8e-04|
+----------+----------+------------------+----------+-------------------+-------------------+-------------------+
|    80.0 %|    800000|4.307375000000e-02|  01:38:15|            4.4e-04|            4.4e-04|            4.4e-04|
+----------+----------+------------------+----------+-------------------+-------------------+-------------------+
|    90.0 %|    900000|4.313111111111e-02|  01:50:04|            4.2e-04|            4.2e-04|            4.2e-04|
+----------+----------+------------------+----------+-------------------+-------------------+-------------------+
|   100.0 %|   1000000|4.317400000000e-02|  02:02:14|            4.0e-04|            4.0e-04|            4.0e-04|
+----------+----------+------------------+----------+-------------------+-------------------+-------------------+
Simulation completed. Releases processed: 955399, Total simulated time: 665.61
Fragmentation ratio (mean over simulation): C=0.763907, L=0.787562 | Network=0.775735
Defragmentation runs: 1000000, successful: 523880, connections moved: 2049347
Plot saved → result/FirstFit_BREN-erlang-1500.0_2_20260925_164247.png
Plot saved → result/Fragmentation_BREN-erlang-1500.0_2_20260925_164247.png
