Network Name: TOP_103_UNIC
Starting simulation with lambda=500, mu=1...
+----------+----------+------------------+----------+-------------------+-------------------+-------------------+
|  progress|   arrives|          blocking|   time(s)|            Wald CI|            A-C. CI|          Wilson CI|
+----------+----------+------------------+----------+-------------------+-------------------+-------------------+
|    10.0 %|    100000|9.999999999999e-05|  00:00:01|            6.2e-05|            6.8e-05|            6.5e-05|
+----------+----------+------------------+----------+-------------------+-------------------+-------------------+
|    20.0 %|    200000|4.999999999999e-05|  00:00:02|            3.1e-05|            3.4e-05|            3.2e-05|
+----------+----------+------------------+----------+-------------------+-------------------+-------------------+
|    30.0 %|    300000|5.666666666670e-05|  00:00:03|            2.7e-05|            2.8e-05|            2.8e-05|
+----------+----------+------------------+----------+-------------------+-------------------+-------------------+
|    40.0 %|    400000|4.249999999995e-05|  00:00:04|            2.0e-05|            2.1e-05|            2.1e-05|
+----------+----------+------------------+----------+-------------------+-------------------+-------------------+
|    50.0 %|    500000|3.399999999998e-05|  00:00:05|            1.6e-05|            1.7e-05|            1.7e-05|
+----------+----------+------------------+----------+-------------------+-------------------+-------------------+
|    60.0 %|    600000|3.666666666668e-05|  00:00:06|            1.5e-05|            1.6e-05|            1.6e-05|
+----------+----------+------------------+----------+-------------------+-------------------+-------------------+
|    70.0 %|    700000|3.428571428576e-05|  00:00:07|            1.4e-05|            1.4e-05|            1.4e-05|
+----------+----------+------------------+----------+-------------------+-------------------+-------------------+
|    80.0 %|    800000|3.249999999999e-05|  00:00:08|            1.2e-05|            1.3e-05|            1.3e-05|
+----------+----------+------------------+----------+-------------------+-------------------+-------------------+
|    90.0 %|    900000|2.888888888886e-05|  00:00:09|            1.1e-05|            1.2e-05|            1.1e-05|
+----------+----------+------------------+----------+-------------------+-------------------+-------------------+
|   100.0 %|   1000000|2.700000000000e-05|  00:00:10|            1.0e-05|            1.1e-05|            1.0e-05|
+----------+----------+------------------+----------+-------------------+-------------------+-------------------+
Simulation completed. Releases processed: 999478, Total simulated time: 1996.82
Fragmentation ratio (mean over simulation): C=0.808897, L=0.527392 | Network=0.668145
Plot saved → result/FirstFit_UNIC-erlang-500.0_2_20260926_172955.png
Plot saved → result/Fragmentation_UNIC-erlang-500.0_2_20260926_172955.png
