Network Name: TOP_46_HIBERNIAUK
Starting simulation with lambda=1500, mu=1...
+----------+----------+------------------+----------+-------------------+-------------------+-------------------+
|  progress|   arrives|          blocking|   time(s)|            Wald CI|            A-C. CI|          Wilson CI|
+----------+----------+------------------+----------+-------------------+-------------------+-------------------+
|    10.0 %|    100000|8.908000000000e-02|  00:00:01|            1.8e-03|            1.8e-03|            1.8e-03|
+----------+----------+------------------+----------+-------------------+-------------------+-------------------+
|    20.0 %|    200000|8.875000000000e-02|  00:00:02|            1.2e-03|            1.2e-03|            1.2e-03|
+----------+----------+------------------+----------+-------------------+-------------------+-------------------+
|    30.0 %|    300000|8.813000000000e-02|  00:00:03|            1.0e-03|            1.0e-03|            1.0e-03|
+----------+----------+------------------+----------+-------------------+-------------------+-------------------+
|    40.0 %|    400000|8.844000000000e-02|  00:00:04|            8.8e-04|            8.8e-04|            8.8e-04|
+----------+----------+------------------+----------+-------------------+-------------------+-------------------+
|    50.0 %|    500000|8.843600000000e-02|  00:00:05|            7.9e-04|            7.9e-04|            7.9e-04|
+----------+----------+------------------+----------+-------------------+-------------------+-------------------+
|    60.0 %|    600000|8.790333333333e-02|  00:00:06|            7.2e-04|            7.2e-04|            7.2e-04|
+----------+----------+------------------+----------+-------------------+-------------------+-------------------+
|    70.0 %|    700000|8.788285714286e-02|  00:00:07|            6.6e-04|            6.6e-04|            6.6e-04|
+----------+----------+------------------+----------+-------------------+-------------------+-------------------+
|    80.0 %|    800000|8.809875000000e-02|  00:00:08|            6.2e-04|            6.2e-04|            6.2e-04|
+----------+----------+------------------+----------+-------------------+-------------------+-------------------+
|    90.0 %|    900000|8.790777777778e-02|  00:00:09|            5.9e-04|            5.9e-04|            5.9e-04|
+----------+----------+------------------+----------+-------------------+-------------------+-------------------+
|   100.0 %|   1000000|8.792000000000e-02|  00:00:10|            5.6e-04|            5.6e-04|            5.6e-04|
+----------+----------+------------------+----------+-------------------+-------------------+-------------------+
Simulation completed. Releases processed: 910645, Total simulated time: 665.61
Fragmentation ratio (mean over simulation): C=0.891652, L=0.868695 | Network=0.880174
Plot saved → result/FirstFit_HIBERNIAUK-erlang-1500.0_2_20260925_144123.png
Plot saved → result/Fragmentation_HIBERNIAUK-erlang-1500.0_2_20260925_144123.png
