Network Name: TOP_10_BREN
Starting simulation with lambda=800, mu=1...
+----------+----------+------------------+----------+-------------------+-------------------+-------------------+
|  progress|   arrives|          blocking|   time(s)|            Wald CI|            A-C. CI|          Wilson CI|
+----------+----------+------------------+----------+-------------------+-------------------+-------------------+
|    10.0 %|   1000000|1.000000000029e-06|  00:43:18|            2.0e-06|            3.4e-06|            2.7e-06|
+----------+----------+------------------+----------+-------------------+-------------------+-------------------+
|    20.0 %|   2000000|1.000000000029e-06|  01:26:34|            1.4e-06|            2.0e-06|            1.7e-06|
+----------+----------+------------------+----------+-------------------+-------------------+-------------------+
|    30.0 %|   3000000|6.666666666488e-07|  02:09:38|            9.2e-07|            1.3e-06|            1.1e-06|
+----------+----------+------------------+----------+-------------------+-------------------+-------------------+
|    40.0 %|   4000000|1.000000000029e-06|  02:52:53|            9.8e-07|            1.2e-06|            1.1e-06|
+----------+----------+------------------+----------+-------------------+-------------------+-------------------+
|    50.0 %|   5000000|1.200000000035e-06|  03:35:54|            9.6e-07|            1.1e-06|            1.0e-06|
+----------+----------+------------------+----------+-------------------+-------------------+-------------------+
|    60.0 %|   6000000|1.000000000029e-06|  04:18:50|            8.0e-07|            9.2e-07|            8.6e-07|
+----------+----------+------------------+----------+-------------------+-------------------+-------------------+
|    70.0 %|   7000000|8.571428571358e-07|  05:02:14|            6.9e-07|            7.9e-07|            7.4e-07|
+----------+----------+------------------+----------+-------------------+-------------------+-------------------+
|    80.0 %|   8000000|7.499999999938e-07|  05:45:28|            6.0e-07|            6.9e-07|            6.5e-07|
+----------+----------+------------------+----------+-------------------+-------------------+-------------------+
|    90.0 %|   9000000|6.666666666488e-07|  06:28:40|            5.3e-07|            6.2e-07|            5.7e-07|
+----------+----------+------------------+----------+-------------------+-------------------+-------------------+
|   100.0 %|  10000000|6.999999999646e-07|  07:11:47|            5.2e-07|            5.9e-07|            5.5e-07|
+----------+----------+------------------+----------+-------------------+-------------------+-------------------+
Simulation completed. Releases processed: 9999132, Total simulated time: 12501.12
Fragmentation ratio (mean over simulation): C=0.748980, L=0.525609 | Network=0.637294
Defragmentation runs: 10000000, successful: 3049146, connections moved: 9646279
Plot saved → result/FirstFit_BREN-erlang-800.0_2_20261001_233121.png
Plot saved → result/Fragmentation_BREN-erlang-800.0_2_20261001_233121.png
