Network Name: TOP_96_SAGO
Starting simulation with lambda=500, mu=1...
+----------+----------+------------------+----------+-------------------+-------------------+-------------------+
|  progress|   arrives|          blocking|   time(s)|            Wald CI|            A-C. CI|          Wilson CI|
+----------+----------+------------------+----------+-------------------+-------------------+-------------------+
|    10.0 %|   1000000|4.530000000000e-04|  00:00:13|            4.2e-05|            4.2e-05|            4.2e-05|
+----------+----------+------------------+----------+-------------------+-------------------+-------------------+
|    20.0 %|   2000000|4.660000000000e-04|  00:00:27|            3.0e-05|            3.0e-05|            3.0e-05|
+----------+----------+------------------+----------+-------------------+-------------------+-------------------+
|    30.0 %|   3000000|4.503333333333e-04|  00:00:40|            2.4e-05|            2.4e-05|            2.4e-05|
+----------+----------+------------------+----------+-------------------+-------------------+-------------------+
|    40.0 %|   4000000|4.592500000000e-04|  00:00:54|            2.1e-05|            2.1e-05|            2.1e-05|
+----------+----------+------------------+----------+-------------------+-------------------+-------------------+
|    50.0 %|   5000000|4.570000000000e-04|  00:01:08|            1.9e-05|            1.9e-05|            1.9e-05|
+----------+----------+------------------+----------+-------------------+-------------------+-------------------+
|    60.0 %|   6000000|4.465000000000e-04|  00:01:21|            1.7e-05|            1.7e-05|            1.7e-05|
+----------+----------+------------------+----------+-------------------+-------------------+-------------------+
|    70.0 %|   7000000|4.407142857142e-04|  00:01:34|            1.6e-05|            1.6e-05|            1.6e-05|
+----------+----------+------------------+----------+-------------------+-------------------+-------------------+
|    80.0 %|   8000000|4.443750000001e-04|  00:01:47|            1.5e-05|            1.5e-05|            1.5e-05|
+----------+----------+------------------+----------+-------------------+-------------------+-------------------+
|    90.0 %|   9000000|4.393333333333e-04|  00:01:59|            1.4e-05|            1.4e-05|            1.4e-05|
+----------+----------+------------------+----------+-------------------+-------------------+-------------------+
|   100.0 %|  10000000|4.336000000000e-04|  00:02:11|            1.3e-05|            1.3e-05|            1.3e-05|
+----------+----------+------------------+----------+-------------------+-------------------+-------------------+
Simulation completed. Releases processed: 9995125, Total simulated time: 20001.79
Fragmentation ratio (mean over simulation): C=0.849982, L=0.721150 | Network=0.785566
Plot saved → result/FirstFit_SAGO-erlang-500.0_2_20260926_173950.png
Plot saved → result/Fragmentation_SAGO-erlang-500.0_2_20260926_173950.png
