Network Name: TOP_96_SAGO
Starting simulation with lambda=1500, mu=1...
+----------+----------+------------------+----------+-------------------+-------------------+-------------------+
|  progress|   arrives|          blocking|   time(s)|            Wald CI|            A-C. CI|          Wilson CI|
+----------+----------+------------------+----------+-------------------+-------------------+-------------------+
|    10.0 %|    100000|1.588500000000e-01|  00:00:01|            2.3e-03|            2.3e-03|            2.3e-03|
+----------+----------+------------------+----------+-------------------+-------------------+-------------------+
|    20.0 %|    200000|1.596850000000e-01|  00:00:02|            1.6e-03|            1.6e-03|            1.6e-03|
+----------+----------+------------------+----------+-------------------+-------------------+-------------------+
|    30.0 %|    300000|1.589666666667e-01|  00:00:04|            1.3e-03|            1.3e-03|            1.3e-03|
+----------+----------+------------------+----------+-------------------+-------------------+-------------------+
|    40.0 %|    400000|1.588625000000e-01|  00:00:05|            1.1e-03|            1.1e-03|            1.1e-03|
+----------+----------+------------------+----------+-------------------+-------------------+-------------------+
|    50.0 %|    500000|1.591000000000e-01|  00:00:06|            1.0e-03|            1.0e-03|            1.0e-03|
+----------+----------+------------------+----------+-------------------+-------------------+-------------------+
|    60.0 %|    600000|1.588883333333e-01|  00:00:08|            9.3e-04|            9.3e-04|            9.3e-04|
+----------+----------+------------------+----------+-------------------+-------------------+-------------------+
|    70.0 %|    700000|1.587457142857e-01|  00:00:09|            8.6e-04|            8.6e-04|            8.6e-04|
+----------+----------+------------------+----------+-------------------+-------------------+-------------------+
|    80.0 %|    800000|1.587687500000e-01|  00:00:11|            8.0e-04|            8.0e-04|            8.0e-04|
+----------+----------+------------------+----------+-------------------+-------------------+-------------------+
|    90.0 %|    900000|1.587466666667e-01|  00:00:12|            7.5e-04|            7.5e-04|            7.5e-04|
+----------+----------+------------------+----------+-------------------+-------------------+-------------------+
|   100.0 %|   1000000|1.587520000000e-01|  00:00:14|            7.2e-04|            7.2e-04|            7.2e-04|
+----------+----------+------------------+----------+-------------------+-------------------+-------------------+
Simulation completed. Releases processed: 839957, Total simulated time: 665.61
Fragmentation ratio (mean over simulation): C=0.893469, L=0.868773 | Network=0.881121
Plot saved → result/FirstFit_SAGO-erlang-1500.0_2_20260925_144157.png
Plot saved → result/Fragmentation_SAGO-erlang-1500.0_2_20260925_144157.png
