Network Name: TOP_10_BREN
Starting simulation with lambda=800, mu=1...
+----------+----------+------------------+----------+-------------------+-------------------+-------------------+
|  progress|   arrives|          blocking|   time(s)|            Wald CI|            A-C. CI|          Wilson CI|
+----------+----------+------------------+----------+-------------------+-------------------+-------------------+
|    10.0 %|   1000000|0.000000000000e+00|  00:47:27|            0.0e+00|            2.8e-06|            1.9e-06|
+----------+----------+------------------+----------+-------------------+-------------------+-------------------+
|    20.0 %|   2000000|1.000000000029e-06|  01:34:49|            1.4e-06|            2.0e-06|            1.7e-06|
+----------+----------+------------------+----------+-------------------+-------------------+-------------------+
|    30.0 %|   3000000|1.666666666678e-06|  02:22:13|            1.5e-06|            1.7e-06|            1.6e-06|
+----------+----------+------------------+----------+-------------------+-------------------+-------------------+
|    40.0 %|   4000000|1.249999999953e-06|  03:09:32|            1.1e-06|            1.3e-06|            1.2e-06|
+----------+----------+------------------+----------+-------------------+-------------------+-------------------+
|    50.0 %|   5000000|1.000000000029e-06|  03:56:40|            8.8e-07|            1.0e-06|            9.6e-07|
+----------+----------+------------------+----------+-------------------+-------------------+-------------------+
|    60.0 %|   6000000|8.333333333388e-07|  04:43:39|            7.3e-07|            8.6e-07|            8.0e-07|
+----------+----------+------------------+----------+-------------------+-------------------+-------------------+
|    70.0 %|   7000000|7.142857142428e-07|  05:30:58|            6.3e-07|            7.4e-07|            6.8e-07|
+----------+----------+------------------+----------+-------------------+-------------------+-------------------+
|    80.0 %|   8000000|6.249999999763e-07|  06:17:51|            5.5e-07|            6.5e-07|            6.0e-07|
+----------+----------+------------------+----------+-------------------+-------------------+-------------------+
|    90.0 %|   9000000|5.555555555592e-07|  07:05:02|            4.9e-07|            5.8e-07|            5.3e-07|
+----------+----------+------------------+----------+-------------------+-------------------+-------------------+
|   100.0 %|  10000000|4.999999999589e-07|  07:52:02|            4.4e-07|            5.2e-07|            4.8e-07|
+----------+----------+------------------+----------+-------------------+-------------------+-------------------+
Simulation completed. Releases processed: 9999133, Total simulated time: 12501.12
Fragmentation ratio (mean over simulation): C=0.668238, L=0.665951 | Network=0.667095
Defragmentation runs: 10000000, successful: 5928909, connections moved: 23940571
Plot saved → result/FirstFit_BREN-erlang-800.0_2_20261002_001136.png
Plot saved → result/Fragmentation_BREN-erlang-800.0_2_20261002_001136.png
