Network Name: TOP_103_UNIC
Starting simulation with lambda=500, mu=1...
+----------+----------+------------------+----------+-------------------+-------------------+-------------------+
|  progress|   arrives|          blocking|   time(s)|            Wald CI|            A-C. CI|          Wilson CI|
+----------+----------+------------------+----------+-------------------+-------------------+-------------------+
|    10.0 %|   1000000|2.700000000000e-05|  00:00:09|            1.0e-05|            1.1e-05|            1.0e-05|
+----------+----------+------------------+----------+-------------------+-------------------+-------------------+
|    20.0 %|   2000000|2.400000000002e-05|  00:00:18|            6.8e-06|            6.9e-06|            6.9e-06|
+----------+----------+------------------+----------+-------------------+-------------------+-------------------+
|    30.0 %|   3000000|2.300000000000e-05|  00:00:28|            5.4e-06|            5.5e-06|            5.5e-06|
+----------+----------+------------------+----------+-------------------+-------------------+-------------------+
|    40.0 %|   4000000|2.475000000002e-05|  00:00:37|            4.9e-06|            4.9e-06|            4.9e-06|
+----------+----------+------------------+----------+-------------------+-------------------+-------------------+
|    50.0 %|   5000000|2.219999999997e-05|  00:00:46|            4.1e-06|            4.2e-06|            4.1e-06|
+----------+----------+------------------+----------+-------------------+-------------------+-------------------+
|    60.0 %|   6000000|1.949999999995e-05|  00:00:56|            3.5e-06|            3.6e-06|            3.5e-06|
+----------+----------+------------------+----------+-------------------+-------------------+-------------------+
|    70.0 %|   7000000|1.885714285710e-05|  00:01:05|            3.2e-06|            3.2e-06|            3.2e-06|
+----------+----------+------------------+----------+-------------------+-------------------+-------------------+
|    80.0 %|   8000000|1.987500000000e-05|  00:01:14|            3.1e-06|            3.1e-06|            3.1e-06|
+----------+----------+------------------+----------+-------------------+-------------------+-------------------+
|    90.0 %|   9000000|2.044444444449e-05|  00:01:23|            3.0e-06|            3.0e-06|            3.0e-06|
+----------+----------+------------------+----------+-------------------+-------------------+-------------------+
|   100.0 %|  10000000|2.040000000003e-05|  00:01:31|            2.8e-06|            2.8e-06|            2.8e-06|
+----------+----------+------------------+----------+-------------------+-------------------+-------------------+
Simulation completed. Releases processed: 9999267, Total simulated time: 20001.79
Fragmentation ratio (mean over simulation): C=0.810839, L=0.516545 | Network=0.663692
Plot saved → result/FirstFit_UNIC-erlang-500.0_2_20260926_173926.png
Plot saved → result/Fragmentation_UNIC-erlang-500.0_2_20260926_173926.png
