Network Name: TOP_37_GERMANY50
Starting simulation with lambda=1500, mu=1...
+----------+----------+------------------+----------+-------------------+-------------------+-------------------+
|  progress|   arrives|          blocking|   time(s)|            Wald CI|            A-C. CI|          Wilson CI|
+----------+----------+------------------+----------+-------------------+-------------------+-------------------+
|    10.0 %|    100000|0.000000000000e+00|  00:20:27|            0.0e+00|            2.8e-05|            1.9e-05|
+----------+----------+------------------+----------+-------------------+-------------------+-------------------+
|    20.0 %|    200000|1.499999999999e-05|  00:41:40|            1.7e-05|            2.2e-05|            2.0e-05|
+----------+----------+------------------+----------+-------------------+-------------------+-------------------+
|    30.0 %|    300000|9.999999999954e-06|  01:02:27|            1.1e-05|            1.5e-05|            1.3e-05|
+----------+----------+------------------+----------+-------------------+-------------------+-------------------+
|    40.0 %|    400000|9.999999999954e-06|  01:23:14|            9.8e-06|            1.2e-05|            1.1e-05|
+----------+----------+------------------+----------+-------------------+-------------------+-------------------+
|    50.0 %|    500000|9.999999999954e-06|  01:43:49|            8.8e-06|            1.0e-05|            9.6e-06|
+----------+----------+------------------+----------+-------------------+-------------------+-------------------+
|    60.0 %|    600000|9.999999999954e-06|  02:03:48|            8.0e-06|            9.2e-06|            8.6e-06|
+----------+----------+------------------+----------+-------------------+-------------------+-------------------+
|    70.0 %|    700000|1.142857142855e-05|  02:22:19|            7.9e-06|            8.9e-06|            8.4e-06|
+----------+----------+------------------+----------+-------------------+-------------------+-------------------+
|    80.0 %|    800000|1.375000000003e-05|  02:40:12|            8.1e-06|            8.8e-06|            8.5e-06|
+----------+----------+------------------+----------+-------------------+-------------------+-------------------+
|    90.0 %|    900000|1.222222222219e-05|  02:57:54|            7.2e-06|            7.9e-06|            7.5e-06|
+----------+----------+------------------+----------+-------------------+-------------------+-------------------+
|   100.0 %|   1000000|1.099999999998e-05|  03:15:38|            6.5e-06|            7.1e-06|            6.8e-06|
+----------+----------+------------------+----------+-------------------+-------------------+-------------------+
Simulation completed. Releases processed: 998475, Total simulated time: 665.61
Fragmentation ratio (mean over simulation): C=0.715108, L=0.297278 | Network=0.506193
Defragmentation runs: 1000000, successful: 294172, connections moved: 702172
Plot saved → result/FirstFit_GERMANY50-erlang-1500.0_2_20260925_175631.png
Plot saved → result/Fragmentation_GERMANY50-erlang-1500.0_2_20260925_175631.png
