Network Name: TOP_10_BREN
Starting simulation with lambda=800, mu=1...
+----------+----------+------------------+----------+-------------------+-------------------+-------------------+
|  progress|   arrives|          blocking|   time(s)|            Wald CI|            A-C. CI|          Wilson CI|
+----------+----------+------------------+----------+-------------------+-------------------+-------------------+
|    10.0 %|   1000000|1.300000000004e-05|  00:00:05|            7.1e-06|            7.6e-06|            7.3e-06|
+----------+----------+------------------+----------+-------------------+-------------------+-------------------+
|    20.0 %|   2000000|1.499999999999e-05|  00:00:10|            5.4e-06|            5.5e-06|            5.5e-06|
+----------+----------+------------------+----------+-------------------+-------------------+-------------------+
|    30.0 %|   3000000|1.499999999999e-05|  00:00:16|            4.4e-06|            4.5e-06|            4.4e-06|
+----------+----------+------------------+----------+-------------------+-------------------+-------------------+
|    40.0 %|   4000000|1.549999999995e-05|  00:00:22|            3.9e-06|            3.9e-06|            3.9e-06|
+----------+----------+------------------+----------+-------------------+-------------------+-------------------+
|    50.0 %|   5000000|1.359999999995e-05|  00:00:28|            3.2e-06|            3.3e-06|            3.3e-06|
+----------+----------+------------------+----------+-------------------+-------------------+-------------------+
|    60.0 %|   6000000|1.300000000004e-05|  00:00:34|            2.9e-06|            2.9e-06|            2.9e-06|
+----------+----------+------------------+----------+-------------------+-------------------+-------------------+
|    70.0 %|   7000000|1.328571428572e-05|  00:00:40|            2.7e-06|            2.7e-06|            2.7e-06|
+----------+----------+------------------+----------+-------------------+-------------------+-------------------+
|    80.0 %|   8000000|1.275000000001e-05|  00:00:47|            2.5e-06|            2.5e-06|            2.5e-06|
+----------+----------+------------------+----------+-------------------+-------------------+-------------------+
|    90.0 %|   9000000|1.411111111116e-05|  00:00:53|            2.5e-06|            2.5e-06|            2.5e-06|
+----------+----------+------------------+----------+-------------------+-------------------+-------------------+
|   100.0 %|  10000000|1.390000000001e-05|  00:00:59|            2.3e-06|            2.3e-06|            2.3e-06|
+----------+----------+------------------+----------+-------------------+-------------------+-------------------+
Simulation completed. Releases processed: 9999003, Total simulated time: 12501.12
Fragmentation ratio (mean over simulation): C=0.859273, L=0.715364 | Network=0.787319
Plot saved → result/FirstFit_BREN-erlang-800.0_2_20260929_174238.png
Plot saved → result/Fragmentation_BREN-erlang-800.0_2_20260929_174238.png
