Network Name: TOP_37_GERMANY50
Starting simulation with lambda=1500, mu=1...
+----------+----------+------------------+----------+-------------------+-------------------+-------------------+
|  progress|   arrives|          blocking|   time(s)|            Wald CI|            A-C. CI|          Wilson CI|
+----------+----------+------------------+----------+-------------------+-------------------+-------------------+
|    10.0 %|   1000000|1.099999999998e-05|  02:58:52|            6.5e-06|            7.1e-06|            6.8e-06|
+----------+----------+------------------+----------+-------------------+-------------------+-------------------+
|    20.0 %|   2000000|9.499999999996e-06|  05:57:31|            4.3e-06|            4.5e-06|            4.4e-06|
+----------+----------+------------------+----------+-------------------+-------------------+-------------------+
|    30.0 %|   3000000|9.000000000037e-06|  08:54:53|            3.4e-06|            3.5e-06|            3.5e-06|
+----------+----------+------------------+----------+-------------------+-------------------+-------------------+
|    40.0 %|   4000000|8.000000000008e-06|  11:51:36|            2.8e-06|            2.9e-06|            2.8e-06|
+----------+----------+------------------+----------+-------------------+-------------------+-------------------+
|    50.0 %|   5000000|7.599999999996e-06|  14:47:40|            2.4e-06|            2.5e-06|            2.4e-06|
+----------+----------+------------------+----------+-------------------+-------------------+-------------------+
|    60.0 %|   6000000|8.333333333388e-06|  17:43:12|            2.3e-06|            2.4e-06|            2.3e-06|
+----------+----------+------------------+----------+-------------------+-------------------+-------------------+
|    70.0 %|   7000000|9.571428571387e-06|  20:39:43|            2.3e-06|            2.3e-06|            2.3e-06|
+----------+----------+------------------+----------+-------------------+-------------------+-------------------+
|    80.0 %|   8000000|1.037500000001e-05|  23:35:36|            2.2e-06|            2.3e-06|            2.2e-06|
+----------+----------+------------------+----------+-------------------+-------------------+-------------------+
|    90.0 %|   9000000|1.055555555551e-05|  26:31:36|            2.1e-06|            2.1e-06|            2.1e-06|
+----------+----------+------------------+----------+-------------------+-------------------+-------------------+
|   100.0 %|  10000000|1.030000000002e-05|  29:26:59|            2.0e-06|            2.0e-06|            2.0e-06|
+----------+----------+------------------+----------+-------------------+-------------------+-------------------+
Simulation completed. Releases processed: 9998269, Total simulated time: 6667.26
Fragmentation ratio (mean over simulation): C=0.709502, L=0.300291 | Network=0.504896
Defragmentation runs: 10000000, successful: 2935160, connections moved: 7012702
Plot saved → result/FirstFit_GERMANY50-erlang-1500.0_2_20260930_230847.png
Plot saved → result/Fragmentation_GERMANY50-erlang-1500.0_2_20260930_230847.png
