Network Name: TOP_53_ITALY
Starting simulation with lambda=700, mu=1...
+----------+----------+------------------+----------+-------------------+-------------------+-------------------+
|  progress|   arrives|          blocking|   time(s)|            Wald CI|            A-C. CI|          Wilson CI|
+----------+----------+------------------+----------+-------------------+-------------------+-------------------+
|    10.0 %|   1000000|1.600000000002e-05|  00:57:16|            7.8e-06|            8.3e-06|            8.1e-06|
+----------+----------+------------------+----------+-------------------+-------------------+-------------------+
|    20.0 %|   2000000|1.450000000003e-05|  01:55:09|            5.3e-06|            5.5e-06|            5.4e-06|
+----------+----------+------------------+----------+-------------------+-------------------+-------------------+
|    30.0 %|   3000000|1.366666666669e-05|  02:53:19|            4.2e-06|            4.3e-06|            4.2e-06|
+----------+----------+------------------+----------+-------------------+-------------------+-------------------+
|    40.0 %|   4000000|1.300000000004e-05|  03:49:46|            3.5e-06|            3.6e-06|            3.6e-06|
+----------+----------+------------------+----------+-------------------+-------------------+-------------------+
|    50.0 %|   5000000|1.720000000005e-05|  04:45:37|            3.6e-06|            3.7e-06|            3.7e-06|
+----------+----------+------------------+----------+-------------------+-------------------+-------------------+
|    60.0 %|   6000000|1.583333333333e-05|  05:41:04|            3.2e-06|            3.2e-06|            3.2e-06|
+----------+----------+------------------+----------+-------------------+-------------------+-------------------+
|    70.0 %|   7000000|1.571428571434e-05|  06:36:33|            2.9e-06|            3.0e-06|            2.9e-06|
+----------+----------+------------------+----------+-------------------+-------------------+-------------------+
|    80.0 %|   8000000|1.625000000005e-05|  07:31:33|            2.8e-06|            2.8e-06|            2.8e-06|
+----------+----------+------------------+----------+-------------------+-------------------+-------------------+
|    90.0 %|   9000000|1.577777777773e-05|  08:24:19|            2.6e-06|            2.6e-06|            2.6e-06|
+----------+----------+------------------+----------+-------------------+-------------------+-------------------+
|   100.0 %|  10000000|1.709999999999e-05|  09:16:40|            2.6e-06|            2.6e-06|            2.6e-06|
+----------+----------+------------------+----------+-------------------+-------------------+-------------------+
Simulation completed. Releases processed: 9999076, Total simulated time: 14287.00
Fragmentation ratio (mean over simulation): C=0.603530, L=0.181778 | Network=0.392654
Defragmentation runs: 10000000, successful: 2951875, connections moved: 7756708
Plot saved → result/FirstFit_ITALY-erlang-700.0_2_20260927_025359.png
Plot saved → result/Fragmentation_ITALY-erlang-700.0_2_20260927_025359.png
