Network Name: TOP_103_UNIC
Starting simulation with lambda=500, mu=1...
+----------+----------+------------------+----------+-------------------+-------------------+-------------------+
|  progress|   arrives|          blocking|   time(s)|            Wald CI|            A-C. CI|          Wilson CI|
+----------+----------+------------------+----------+-------------------+-------------------+-------------------+
|    10.0 %|   1000000|4.000000000004e-06|  00:43:05|            3.9e-06|            4.8e-06|            4.4e-06|
+----------+----------+------------------+----------+-------------------+-------------------+-------------------+
|    20.0 %|   2000000|6.500000000020e-06|  01:26:48|            3.5e-06|            3.8e-06|            3.7e-06|
+----------+----------+------------------+----------+-------------------+-------------------+-------------------+
|    30.0 %|   3000000|5.999999999950e-06|  02:09:40|            2.8e-06|            2.9e-06|            2.8e-06|
+----------+----------+------------------+----------+-------------------+-------------------+-------------------+
|    40.0 %|   4000000|5.999999999950e-06|  02:53:45|            2.4e-06|            2.5e-06|            2.4e-06|
+----------+----------+------------------+----------+-------------------+-------------------+-------------------+
|    50.0 %|   5000000|8.200000000014e-06|  03:36:47|            2.5e-06|            2.6e-06|            2.5e-06|
+----------+----------+------------------+----------+-------------------+-------------------+-------------------+
|    60.0 %|   6000000|7.333333333359e-06|  04:18:43|            2.2e-06|            2.2e-06|            2.2e-06|
+----------+----------+------------------+----------+-------------------+-------------------+-------------------+
|    70.0 %|   7000000|6.999999999979e-06|  05:00:28|            2.0e-06|            2.0e-06|            2.0e-06|
+----------+----------+------------------+----------+-------------------+-------------------+-------------------+
|    80.0 %|   8000000|6.124999999968e-06|  05:42:08|            1.7e-06|            1.7e-06|            1.7e-06|
+----------+----------+------------------+----------+-------------------+-------------------+-------------------+
|    90.0 %|   9000000|5.555555555592e-06|  06:23:39|            1.5e-06|            1.6e-06|            1.6e-06|
+----------+----------+------------------+----------+-------------------+-------------------+-------------------+
|   100.0 %|  10000000|5.499999999992e-06|  07:05:29|            1.5e-06|            1.5e-06|            1.5e-06|
+----------+----------+------------------+----------+-------------------+-------------------+-------------------+
Simulation completed. Releases processed: 9999432, Total simulated time: 20001.79
Fragmentation ratio (mean over simulation): C=0.717945, L=0.346892 | Network=0.532419
Defragmentation runs: 10000000, successful: 2952481, connections moved: 9707224
Plot saved → result/FirstFit_UNIC-erlang-500.0_2_20260927_004318.png
Plot saved → result/Fragmentation_UNIC-erlang-500.0_2_20260927_004318.png
