Network Name: TOP_53_ITALY
Starting simulation with lambda=700, mu=1...
+----------+----------+------------------+----------+-------------------+-------------------+-------------------+
|  progress|   arrives|          blocking|   time(s)|            Wald CI|            A-C. CI|          Wilson CI|
+----------+----------+------------------+----------+-------------------+-------------------+-------------------+
|    10.0 %|   1000000|7.400000000002e-05|  00:00:07|            1.7e-05|            1.7e-05|            1.7e-05|
+----------+----------+------------------+----------+-------------------+-------------------+-------------------+
|    20.0 %|   2000000|6.850000000003e-05|  00:00:16|            1.1e-05|            1.2e-05|            1.2e-05|
+----------+----------+------------------+----------+-------------------+-------------------+-------------------+
|    30.0 %|   3000000|7.100000000004e-05|  00:00:24|            9.5e-06|            9.6e-06|            9.6e-06|
+----------+----------+------------------+----------+-------------------+-------------------+-------------------+
|    40.0 %|   4000000|6.925000000002e-05|  00:00:33|            8.2e-06|            8.2e-06|            8.2e-06|
+----------+----------+------------------+----------+-------------------+-------------------+-------------------+
|    50.0 %|   5000000|7.299999999999e-05|  00:00:42|            7.5e-06|            7.5e-06|            7.5e-06|
+----------+----------+------------------+----------+-------------------+-------------------+-------------------+
|    60.0 %|   6000000|7.233333333334e-05|  00:00:51|            6.8e-06|            6.8e-06|            6.8e-06|
+----------+----------+------------------+----------+-------------------+-------------------+-------------------+
|    70.0 %|   7000000|7.157142857139e-05|  00:01:00|            6.3e-06|            6.3e-06|            6.3e-06|
+----------+----------+------------------+----------+-------------------+-------------------+-------------------+
|    80.0 %|   8000000|7.137499999998e-05|  00:01:09|            5.9e-06|            5.9e-06|            5.9e-06|
+----------+----------+------------------+----------+-------------------+-------------------+-------------------+
|    90.0 %|   9000000|6.988888888892e-05|  00:01:17|            5.5e-06|            5.5e-06|            5.5e-06|
+----------+----------+------------------+----------+-------------------+-------------------+-------------------+
|   100.0 %|  10000000|6.830000000002e-05|  00:01:26|            5.1e-06|            5.1e-06|            5.1e-06|
+----------+----------+------------------+----------+-------------------+-------------------+-------------------+
Simulation completed. Releases processed: 9998553, Total simulated time: 14287.00
Fragmentation ratio (mean over simulation): C=0.702303, L=0.266879 | Network=0.484591
Plot saved → result/FirstFit_ITALY-erlang-700.0_2_20260926_173851.png
Plot saved → result/Fragmentation_ITALY-erlang-700.0_2_20260926_173851.png
