Network Name: TOP_10_BREN
Starting simulation with lambda=1200, mu=1...
+----------+----------+------------------+----------+-------------------+-------------------+-------------------+
|  progress|   arrives|          blocking|   time(s)|            Wald CI|            A-C. CI|          Wilson CI|
+----------+----------+------------------+----------+-------------------+-------------------+-------------------+
|    10.0 %|   1000000|1.357400000000e-02|  01:21:53|            2.3e-04|            2.3e-04|            2.3e-04|
+----------+----------+------------------+----------+-------------------+-------------------+-------------------+
|    20.0 %|   2000000|1.357500000000e-02|  02:44:19|            1.6e-04|            1.6e-04|            1.6e-04|
+----------+----------+------------------+----------+-------------------+-------------------+-------------------+
|    30.0 %|   3000000|1.362433333333e-02|  04:04:57|            1.3e-04|            1.3e-04|            1.3e-04|
+----------+----------+------------------+----------+-------------------+-------------------+-------------------+
|    40.0 %|   4000000|1.357825000000e-02|  05:24:08|            1.1e-04|            1.1e-04|            1.1e-04|
+----------+----------+------------------+----------+-------------------+-------------------+-------------------+
|    50.0 %|   5000000|1.363440000000e-02|  06:43:00|            1.0e-04|            1.0e-04|            1.0e-04|
+----------+----------+------------------+----------+-------------------+-------------------+-------------------+
|    60.0 %|   6000000|1.350433333333e-02|  07:59:38|            9.2e-05|            9.2e-05|            9.2e-05|
+----------+----------+------------------+----------+-------------------+-------------------+-------------------+
|    70.0 %|   7000000|1.356500000000e-02|  09:14:25|            8.6e-05|            8.6e-05|            8.6e-05|
+----------+----------+------------------+----------+-------------------+-------------------+-------------------+
|    80.0 %|   8000000|1.355550000000e-02|  10:25:44|            8.0e-05|            8.0e-05|            8.0e-05|
+----------+----------+------------------+----------+-------------------+-------------------+-------------------+
|    90.0 %|   9000000|1.356522222222e-02|  11:36:04|            7.6e-05|            7.6e-05|            7.6e-05|
+----------+----------+------------------+----------+-------------------+-------------------+-------------------+
|   100.0 %|  10000000|1.352570000000e-02|  12:45:16|            7.2e-05|            7.2e-05|            7.2e-05|
+----------+----------+------------------+----------+-------------------+-------------------+-------------------+
Simulation completed. Releases processed: 9863548, Total simulated time: 8334.08
Fragmentation ratio (mean over simulation): C=0.770017, L=0.722309 | Network=0.746163
Defragmentation runs: 10000000, successful: 3402371, connections moved: 10575671
Plot saved → result/FirstFit_BREN-erlang-1200.0_2_20260927_062150.png
Plot saved → result/Fragmentation_BREN-erlang-1200.0_2_20260927_062150.png
